174.252.49.50 - - [20/Jun/2014:08:33:31 -0400] "GET /PDF_Maps.html HTTP/1.1" 200 21314 "http://www.grotontrails.org/Welcome.html" "Mozilla/5.0 (iPhone; CPU iPhone OS 5_1_1 like Mac OS X) AppleWebKit/534.46 (KHTML, like Gecko) Version/5.1 Mobile/9B206 Safari/7534.48.3"
174.252.49.50 - - [20/Jun/2014:08:33:31 -0400] "GET /Scripts/Widgets/SharedResources/WidgetCommon.js HTTP/1.1" 200 36124 "http://www.grotontrails.org/PDF_Maps.html" "Mozilla/5.0 (iPhone; CPU iPhone OS 5_1_1 like Mac OS X) AppleWebKit/534.46 (KHTML, like Gecko) Version/5.1 Mobile/9B206 Safari/7534.48.3"
37.58.100.67 - - [20/Jun/2014:11:28:00 -0400] "GET /robots.txt HTTP/1.1" 404 575 "-" "Mozilla/5.0 (compatible; AhrefsBot/5.0; +http://ahrefs.com/robot/)"
205.237.88.143 - - [20/Jun/2014:05:32:15 -0400] "GET /Welcome.html HTTP/1.0" 200 12657 "-" "=Mozilla/5.0 (Windows; U; Windows NT 6.1; en-US) AppleWebKit/534.16 (KHTML, like Gecko) Chrome/10.0.648.204 Safari/534.16"
67.189.159.95 - - [20/Jun/2014:13:07:28 -0400] "GET /Welcome_files/navbar.js HTTP/1.1" 404 575 "http://grotontrails.org/Welcome.html" "Mozilla/5.0 (Macintosh; Intel Mac OS X 10_8_5) AppleWebKit/537.76.4 (KHTML, like Gecko) Version/6.1.4 Safari/537.76.4"
67.189.159.95 - - [20/Jun/2014:13:07:28 -0400] "GET /Welcome_files/FacebookButton.png HTTP/1.1" 200 883 "http://grotontrails.org/Welcome.html" "Mozilla/5.0 (Macintosh; Intel Mac OS X 10_8_5) AppleWebKit/537.76.4 (KHTML, like Gecko) Version/6.1.4 Safari/537.76.4"
147.164.104.210 - - [20/Jun/2014:13:32:16 -0400] "GET /Welcome.html HTTP/1.1" 200 12657 "http://www.bing.com/search?q=groton+town+forest&src=IE-TopResult&FORM=IE11TR&conversationid=" "Mozilla/5.0 (Windows NT 6.1; WOW64; Trident/7.0; rv:11.0) like Gecko"
147.164.104.210 - - [20/Jun/2014:13:32:16 -0400] "GET /Welcome_files/iWebSite.js HTTP/1.1" 404 575 "http://grotontrails.org/Welcome.html" "Mozilla/5.0 (Windows NT 6.1; WOW64; Trident/7.0; rv:11.0) like Gecko"
147.164.104.210 - - [20/Jun/2014:13:32:16 -0400] "GET /Welcome_files/FacebookButton.png HTTP/1.1" 200 883 "http://grotontrails.org/Welcome.html" "Mozilla/5.0 (Windows NT 6.1; WOW64; Trident/7.0; rv:11.0) like Gecko"
147.164.104.210 - - [20/Jun/2014:13:32:16 -0400] "GET /Welcome_files/shapeimage_2.png HTTP/1.1" 200 117078 "http://grotontrails.org/Welcome.html" "Mozilla/5.0 (Windows NT 6.1; WOW64; Trident/7.0; rv:11.0) like Gecko"
147.164.104.210 - - [20/Jun/2014:13:32:30 -0400] "GET /PDF_Maps_files/PDF_Maps.js HTTP/1.1" 200 1823 "http://www.grotontrails.org/PDF_Maps.html" "Mozilla/5.0 (Windows NT 6.1; WOW64; Trident/7.0; rv:11.0) like Gecko"
147.164.104.210 - - [20/Jun/2014:13:32:30 -0400] "GET /PDF_Maps_files/Duck_Pond_Painted_Post_%28printable%20PDF%29.png HTTP/1.1" 200 173965 "http://www.grotontrails.org/PDF_Maps.html" "Mozilla/5.0 (Windows NT 6.1; WOW64; Trident/7.0; rv:11.0) like Gecko"
147.164.104.210 - - [20/Jun/2014:13:32:31 -0400] "GET /PDF_Maps_files/Shepley-Rich_%28printable%20PDF%29.jpg HTTP/1.1" 200 54900 "http://www.grotontrails.org/PDF_Maps.html" "Mozilla/5.0 (Windows NT 6.1; WOW64; Trident/7.0; rv:11.0) like Gecko"
147.164.104.210 - - [20/Jun/2014:13:32:31 -0400] "GET /PDF_Maps_files/Throne_Hill_%28printable%20PDF%29.png HTTP/1.1" 200 175204 "http://www.grotontrails.org/PDF_Maps.html" "Mozilla/5.0 (Windows NT 6.1; WOW64; Trident/7.0; rv:11.0) like Gecko"
65.120.119.18 - - [20/Jun/2014:14:49:56 -0400] "GET /Welcome_files/iWebSite.js HTTP/1.1" 404 575 "http://www.grotontrails.org/Welcome.html" "Mozilla/5.0 (X11; Ubuntu; Linux x86_64; rv:30.0) Gecko/20100101 Firefox/30.0"
65.120.119.18 - - [20/Jun/2014:14:49:56 -0400] "GET /Welcome_files/WidgetCommon.js HTTP/1.1" 404 575 "http://www.grotontrails.org/Welcome.html" "Mozilla/5.0 (X11; Ubuntu; Linux x86_64; rv:30.0) Gecko/20100101 Firefox/30.0"
98.110.200.120 - - [20/Jun/2014:23:47:37 -0400] "GET /Welcome_files/WidgetCommon.js HTTP/1.1" 404 575 "http://www.grotontrails.org/Welcome.html" "Mozilla/5.0 (Windows NT 5.1; rv:29.0) Gecko/20100101 Firefox/29.0"
98.110.200.120 - - [20/Jun/2014:23:47:37 -0400] "GET /Welcome_files/shapeimage_1.png HTTP/1.1" 200 254766 "http://www.grotontrails.org/Welcome.html" "Mozilla/5.0 (Windows NT 5.1; rv:29.0) Gecko/20100101 Firefox/29.0"
98.110.200.120 - - [20/Jun/2014:23:47:38 -0400] "GET /favicon.ico HTTP/1.1" 404 575 "-" "Mozilla/5.0 (Windows NT 5.1; rv:29.0) Gecko/20100101 Firefox/29.0"
98.110.200.120 - - [20/Jun/2014:23:51:03 -0400] "GET /PDF_Maps_files/Sawtell_Groton_Hills_%28printable%20PDF%29.pdf HTTP/1.1" 200 891271 "http://www.grotontrails.org/PDF_Maps.html" "Mozilla/5.0 (Windows NT 5.1; rv:29.0) Gecko/20100101 Firefox/29.0"
37.58.100.89 - - [20/Jun/2014:07:16:51 -0400] "GET /digital_maps/Groton_trails_map_links.kml&amp HTTP/1.1" 404 575 "-" "Mozilla/5.0 (compatible; AhrefsBot/5.0; +http://ahrefs.com/robot/)"
93.65.5.23 - - [20/Jun/2014:08:32:32 -0400] "GET /Welcome_files/iWebImage.js HTTP/1.1" 404 575 "http://grotontrails.org/Welcome.html" "Mozilla/5.0 (Windows NT 6.1; WOW64) AppleWebKit/537.36 (KHTML, like Gecko) Chrome/32.0.1700.107 Safari/537.36"
67.189.159.95 - - [20/Jun/2014:13:07:30 -0400] "GET /favicon.ico HTTP/1.1" 404 575 "http://grotontrails.org/Welcome.html" "Mozilla/5.0 (Macintosh; Intel Mac OS X 10_8_5) AppleWebKit/537.76.4 (KHTML, like Gecko) Version/6.1.4 Safari/537.76.4"
65.120.119.18 - - [20/Jun/2014:15:03:46 -0400] "GET /Welcome_files/Welcome.css HTTP/1.1" 200 5718 "http://www.grotontrails.org/Welcome.html" "Mozilla/5.0 (X11; Ubuntu; Linux x86_64; rv:17.0) Gecko/20100101 Firefox/17.0"
65.120.119.18 - - [20/Jun/2014:15:03:47 -0400] "GET /Welcome_files/iWebImage.js HTTP/1.1" 404 575 "http://www.grotontrails.org/Welcome.html" "Mozilla/5.0 (X11; Ubuntu; Linux x86_64; rv:17.0) Gecko/20100101 Firefox/17.0"
65.120.119.18 - - [20/Jun/2014:15:04:25 -0400] "GET /Interactive_Maps_files/FacebookButton.png HTTP/1.1" 200 980 "http://www.grotontrails.org/Interactive_Maps.html" "Mozilla/5.0 (X11; Ubuntu; Linux x86_64; rv:17.0) Gecko/20100101 Firefox/17.0"
123.125.71.104 - - [20/Jun/2014:15:44:00 -0400] "GET /Welcome_files/iWebImage.js HTTP/1.1" 404 575 "-" "Mozilla/5.0 (compatible; Baiduspider/2.0; +http://www.baidu.com/search/spider.html)"
70.192.35.104 - - [20/Jun/2014:16:54:07 -0400] "GET /Interactive_Maps_files/Interactive_Maps.js HTTP/1.1" 200 1213 "http://www.grotontrails.org/Interactive_Maps.html" "Mozilla/5.0 (iPhone; CPU iPhone OS 7_1_1 like Mac OS X) AppleWebKit/537.51.2 (KHTML, like Gecko) Version/7.0 Mobile/11D201 Safari/9537.53"
174.236.34.225 - - [20/Jun/2014:21:19:03 -0400] "GET /Welcome_files/Welcome.js HTTP/1.1" 200 2478 "http://www.grotontrails.org/Welcome.html" "Mozilla/5.0 (iPhone; CPU iPhone OS 7_1_1 like Mac OS X) AppleWebKit/537.51.2 (KHTML, like Gecko) Version/7.0 Mobile/11D201 Safari/9537.53"
174.236.34.225 - - [20/Jun/2014:21:19:03 -0400] "GET /Welcome_files/GTN.jpg HTTP/1.1" 200 3734 "http://www.grotontrails.org/Welcome.html" "Mozilla/5.0 (iPhone; CPU iPhone OS 7_1_1 like Mac OS X) AppleWebKit/537.51.2 (KHTML, like Gecko) Version/7.0 Mobile/11D201 Safari/9537.53"
67.189.159.95 - - [20/Jun/2014:13:07:28 -0400] "GET /Welcome.html HTTP/1.1" 200 12657 "http://search.yahoo.com/search?ei=utf-8&fr=aaplw&p=groton+walking+trails" "Mozilla/5.0 (Macintosh; Intel Mac OS X 10_8_5) AppleWebKit/537.76.4 (KHTML, like Gecko) Version/6.1.4 Safari/537.76.4"
67.189.159.95 - - [20/Jun/2014:13:07:28 -0400] "GET /Welcome_files/Welcome.js HTTP/1.1" 200 2478 "http://grotontrails.org/Welcome.html" "Mozilla/5.0 (Macintosh; Intel Mac OS X 10_8_5) AppleWebKit/537.76.4 (KHTML, like Gecko) Version/6.1.4 Safari/537.76.4"
67.189.159.95 - - [20/Jun/2014:13:07:28 -0400] "GET /Welcome_files/GTN.jpg HTTP/1.1" 200 3734 "http://grotontrails.org/Welcome.html" "Mozilla/5.0 (Macintosh; Intel Mac OS X 10_8_5) AppleWebKit/537.76.4 (KHTML, like Gecko) Version/6.1.4 Safari/537.76.4"
67.189.159.95 - - [20/Jun/2014:13:08:59 -0400] "GET /Welcome_files/iWebSite.js HTTP/1.1" 404 575 "http://www.grotontrails.org/Welcome.html" "Mozilla/5.0 (Macintosh; Intel Mac OS X 10_8_5) AppleWebKit/537.76.4 (KHTML, like Gecko) Version/6.1.4 Safari/537.76.4"
147.164.104.210 - - [20/Jun/2014:13:32:30 -0400] "GET /Scripts/Widgets/SharedResources/WidgetCommon.js HTTP/1.1" 200 36124 "http://www.grotontrails.org/PDF_Maps.html" "Mozilla/5.0 (Windows NT 6.1; WOW64; Trident/7.0; rv:11.0) like Gecko"
147.164.104.210 - - [20/Jun/2014:13:32:30 -0400] "GET /PDF_Maps_files/Hawtree_%28printable%20PDF%29.png HTTP/1.1" 200 169502 "http://www.grotontrails.org/PDF_Maps.html" "Mozilla/5.0 (Windows NT 6.1; WOW64; Trident/7.0; rv:11.0) like Gecko"
147.164.104.210 - - [20/Jun/2014:13:32:32 -0400] "GET /PDF_Maps_files/Groton%20Conservation%20Trust%20Guide%20to%20Properties.jpg HTTP/1.1" 200 39651 "http://www.grotontrails.org/PDF_Maps.html" "Mozilla/5.0 (Windows NT 6.1; WOW64; Trident/7.0; rv:11.0) like Gecko"
65.120.119.18 - - [20/Jun/2014:14:49:56 -0400] "GET /Welcome_files/iWebImage.js HTTP/1.1" 404 575 "http://www.grotontrails.org/Welcome.html" "Mozilla/5.0 (X11; Ubuntu; Linux x86_64; rv:30.0) Gecko/20100101 Firefox/30.0"
65.120.119.18 - - [20/Jun/2014:14:49:56 -0400] "GET /Welcome_files/shapeimage_3.png HTTP/1.1" 200 97654 "http://www.grotontrails.org/Welcome.html" "Mozilla/5.0 (X11; Ubuntu; Linux x86_64; rv:30.0) Gecko/20100101 Firefox/30.0"
65.120.119.18 - - [20/Jun/2014:15:04:04 -0400] "GET /PDF_Maps_files/PDF_Maps.css HTTP/1.1" 200 6398 "http://www.grotontrails.org/PDF_Maps.html" "Mozilla/5.0 (X11; Ubuntu; Linux x86_64; rv:17.0) Gecko/20100101 Firefox/17.0"
65.120.119.18 - - [20/Jun/2014:15:04:04 -0400] "GET /PDF_Maps_files/Fitch_Woods_%28printable%20PDF%29.png HTTP/1.1" 200 162945 "http://www.grotontrails.org/PDF_Maps.html" "Mozilla/5.0 (X11; Ubuntu; Linux x86_64; rv:17.0) Gecko/20100101 Firefox/17.0"
65.120.119.18 - - [20/Jun/2014:15:04:05 -0400] "GET /PDF_Maps_files/stroke_4.png HTTP/1.1" 200 223 "http://www.grotontrails.org/PDF_Maps.html" "Mozilla/5.0 (X11; Ubuntu; Linux x86_64; rv:17.0) Gecko/20100101 Firefox/17.0"
70.192.35.104 - - [20/Jun/2014:16:57:53 -0400] "GET /PDF_Maps_files/Town_Forest_%28printable%20PDF%29.pdf HTTP/1.1" 200 2610880 "http://www.grotontrails.org/PDF_Maps.html" "Mozilla/5.0 (iPhone; CPU iPhone OS 7_1_1 like Mac OS X) AppleWebKit/537.51.2 (KHTML, like Gecko) Version/7.0 Mobile/11D201 Safari/9537.53"
68.187.222.26 - - [20/Jun/2014:19:22:19 -0400] "GET /Interactive_Maps_files/FacebookButton.png HTTP/1.1" 200 980 "http://www.grotontrails.org/Interactive_Maps.html" "Mozilla/5.0 (iPad; CPU OS 7_1_1 like Mac OS X) AppleWebKit/537.51.2 (KHTML, like Gecko) Version/7.0 Mobile/11D201 Safari/9537.53"
98.110.200.120 - - [20/Jun/2014:23:48:33 -0400] "GET /Welcome_files/navbar.js HTTP/1.1" 404 575 "http://www.grotontrails.org/Welcome.html" "Mozilla/5.0 (Windows NT 5.1; rv:29.0) Gecko/20100101 Firefox/29.0"
93.65.5.23 - - [20/Jun/2014:08:32:37 -0400] "GET /Welcome_files/shapeimage_3.png HTTP/1.1" 200 97654 "http://grotontrails.org/Welcome.html" "Mozilla/5.0 (Windows NT 6.1; WOW64) AppleWebKit/537.36 (KHTML, like Gecko) Chrome/32.0.1700.107 Safari/537.36"
174.252.49.50 - - [20/Jun/2014:08:33:35 -0400] "GET /PDF_Maps_files/Duck_Pond_Painted_Post_%28printable%20PDF%29.png HTTP/1.1" 200 173965 "http://www.grotontrails.org/PDF_Maps.html" "Mozilla/5.0 (iPhone; CPU iPhone OS 5_1_1 like Mac OS X) AppleWebKit/534.46 (KHTML, like Gecko) Version/5.1 Mobile/9B206 Safari/7534.48.3"
68.189.241.210 - - [20/Jun/2014:13:03:18 -0400] "GET /Interactive_Maps.html HTTP/1.1" 200 13033 "http://www.grotontrails.org/Welcome.html" "Mozilla/5.0 (Windows NT 6.1; WOW64; Trident/7.0; rv:11.0) like Gecko"
68.189.241.210 - - [20/Jun/2014:13:03:18 -0400] "GET /Scripts/iWebSite.js HTTP/1.1" 200 146115 "http://www.grotontrails.org/Interactive_Maps.html" "Mozilla/5.0 (Windows NT 6.1; WOW64; Trident/7.0; rv:11.0) like Gecko"
100.0.182.216 - - [20/Jun/2014:22:30:09 -0400] "GET /Welcome_files/iWebImage.js HTTP/1.1" 404 575 "http://www.grotontrails.org/Welcome.html" "Mozilla/5.0 (Windows NT 6.2; WOW64) AppleWebKit/537.36 (KHTML, like Gecko) Chrome/35.0.1916.153 Safari/537.36"
100.0.182.216 - - [20/Jun/2014:22:30:10 -0400] "GET /Interactive_Maps_files/Interactive_Maps.css HTTP/1.1" 200 5769 "http://www.grotontrails.org/Interactive_Maps.html" "Mozilla/5.0 (Windows NT 6.2; WOW64) AppleWebKit/537.36 (KHTML, like Gecko) Chrome/35.0.1916.153 Safari/537.36"
98.110.200.120 - - [20/Jun/2014:23:47:41 -0400] "GET /favicon.ico HTTP/1.1" 404 575 "-" "Mozilla/5.0 (Windows NT 5.1; rv:29.0) Gecko/20100101 Firefox/29.0"
98.110.200.120 - - [20/Jun/2014:23:47:41 -0400] "GET /favicon.ico HTTP/1.1" 404 575 "-" "Mozilla/5.0 (Windows NT 5.1; rv:29.0) Gecko/20100101 Firefox/29.0"
98.110.200.120 - - [20/Jun/2014:23:48:43 -0400] "GET /PDF_Maps_files/PDF_Maps.css HTTP/1.1" 200 6398 "http://www.grotontrails.org/PDF_Maps.html" "Mozilla/5.0 (Windows NT 5.1; rv:29.0) Gecko/20100101 Firefox/29.0"
98.110.200.120 - - [20/Jun/2014:23:48:43 -0400] "GET /PDF_Maps_files/LongleyI-II_Rich_%28printable%20PDF%29.jpg HTTP/1.1" 200 50492 "http://www.grotontrails.org/PDF_Maps.html" "Mozilla/5.0 (Windows NT 5.1; rv:29.0) Gecko/20100101 Firefox/29.0"
98.110.200.120 - - [20/Jun/2014:23:48:43 -0400] "GET /PDF_Maps_files/Throne_Hill_%28printable%20PDF%29.png HTTP/1.1" 200 175204 "http://www.grotontrails.org/PDF_Maps.html" "Mozilla/5.0 (Windows NT 5.1; rv:29.0) Gecko/20100101 Firefox/29.0"
98.110.200.120 - - [20/Jun/2014:23:48:44 -0400] "GET /PDF_Maps_files/PDF_MapsMoz.css HTTP/1.1" 200 128 "http://www.grotontrails.org/PDF_Maps.html" "Mozilla/5.0 (Windows NT 5.1; rv:29.0) Gecko/20100101 Firefox/29.0"
98.110.200.120 - - [20/Jun/2014:23:48:44 -0400] "GET /PDF_Maps_files/stroke.png HTTP/1.1" 200 248 "http://www.grotontrails.org/PDF_Maps.html" "Mozilla/5.0 (Windows NT 5.1; rv:29.0) Gecko/20100101 Firefox/29.0"
98.110.200.120 - - [20/Jun/2014:23:48:44 -0400] "GET /PDF_Maps_files/stroke_6.png HTTP/1.1" 200 147 "http://www.grotontrails.org/PDF_Maps.html" "Mozilla/5.0 (Windows NT 5.1; rv:29.0) Gecko/20100101 Firefox/29.0"
117.78.13.29 - - [20/Jun/2014:10:06:16 -0400] "GET / HTTP/1.0" 200 309 "-" "nutch-1.4/Nutch-1.4"
205.237.88.143 - - [20/Jun/2014:05:32:15 -0400] "GET / HTTP/1.0" 200 309 "-" "=Mozilla/5.0 (Windows; U; Windows NT 6.1; en-US) AppleWebKit/534.16 (KHTML, like Gecko) Chrome/10.0.648.204 Safari/534.16"
65.120.119.18 - - [20/Jun/2014:15:04:04 -0400] "GET /PDF_Maps.html HTTP/1.1" 200 21314 "http://www.grotontrails.org/Welcome.html" "Mozilla/5.0 (X11; Ubuntu; Linux x86_64; rv:17.0) Gecko/20100101 Firefox/17.0"
65.120.119.18 - - [20/Jun/2014:15:04:04 -0400] "GET /PDF_Maps_files/PDF_Maps.js HTTP/1.1" 200 1823 "http://www.grotontrails.org/PDF_Maps.html" "Mozilla/5.0 (X11; Ubuntu; Linux x86_64; rv:17.0) Gecko/20100101 Firefox/17.0"
65.120.119.18 - - [20/Jun/2014:15:04:04 -0400] "GET /PDF_Maps_files/GTN.jpg HTTP/1.1" 200 3734 "http://www.grotontrails.org/PDF_Maps.html" "Mozilla/5.0 (X11; Ubuntu; Linux x86_64; rv:17.0) Gecko/20100101 Firefox/17.0"
65.120.119.18 - - [20/Jun/2014:15:04:04 -0400] "GET /PDF_Maps_files/FacebookButton.png HTTP/1.1" 200 980 "http://www.grotontrails.org/PDF_Maps.html" "Mozilla/5.0 (X11; Ubuntu; Linux x86_64; rv:17.0) Gecko/20100101 Firefox/17.0"
65.120.119.18 - - [20/Jun/2014:15:04:04 -0400] "GET /PDF_Maps_files/Hawtree_%28printable%20PDF%29.png HTTP/1.1" 200 169502 "http://www.grotontrails.org/PDF_Maps.html" "Mozilla/5.0 (X11; Ubuntu; Linux x86_64; rv:17.0) Gecko/20100101 Firefox/17.0"
65.120.119.18 - - [20/Jun/2014:15:04:05 -0400] "GET /PDF_Maps_files/Williams_Sorhaug_%28printable%20PDF%29.jpg HTTP/1.1" 200 51162 "http://www.grotontrails.org/PDF_Maps.html" "Mozilla/5.0 (X11; Ubuntu; Linux x86_64; rv:17.0) Gecko/20100101 Firefox/17.0"
65.120.119.18 - - [20/Jun/2014:15:04:05 -0400] "GET /PDF_Maps_files/stroke_2.png HTTP/1.1" 200 147 "http://www.grotontrails.org/PDF_Maps.html" "Mozilla/5.0 (X11; Ubuntu; Linux x86_64; rv:17.0) Gecko/20100101 Firefox/17.0"
65.120.119.18 - - [20/Jun/2014:15:04:05 -0400] "GET /PDF_Maps_files/stroke_6.png HTTP/1.1" 200 147 "http://www.grotontrails.org/PDF_Maps.html" "Mozilla/5.0 (X11; Ubuntu; Linux x86_64; rv:17.0) Gecko/20100101 Firefox/17.0"
24.91.84.245 - - [20/Jun/2014:23:22:35 -0400] "GET /favicon.ico HTTP/1.1" 404 575 "-" "Mozilla/5.0 (Windows NT 6.1; WOW64) AppleWebKit/537.36 (KHTML, like Gecko) Chrome/35.0.1916.153 Safari/537.36"
24.91.84.245 - - [20/Jun/2014:23:22:35 -0400] "GET /Welcome_files/iWebSite.js HTTP/1.1" 404 575 "http://www.grotontrails.org/Welcome.html" "Mozilla/5.0 (Windows NT 6.1; WOW64) AppleWebKit/537.36 (KHTML, like Gecko) Chrome/35.0.1916.153 Safari/537.36"
24.91.84.245 - - [20/Jun/2014:23:22:35 -0400] "GET /Welcome_files/GTN.jpg HTTP/1.1" 200 3734 "http://www.grotontrails.org/Welcome.html" "Mozilla/5.0 (Windows NT 6.1; WOW64) AppleWebKit/537.36 (KHTML, like Gecko) Chrome/35.0.1916.153 Safari/537.36"
100.43.85.5 - - [20/Jun/2014:23:33:04 -0400] "GET / HTTP/1.1" 200 309 "-" "Mozilla/5.0 (compatible; YandexBot/3.0; +http://yandex.com/bots)"
146.115.68.47 - - [20/Jun/2014:23:42:11 -0400] "GET /PDF_Maps_files/Groton%20Conservation%20Trust%20Guide%20to%20Properties.pdf HTTP/1.1" 206 65536 "http://www.google.com/url?sa=t&rct=j&q=&esrc=s&source=web&cd=1&ved=0CB0QFjAA&url=http%3A%2F%2Fwww.grotontrails.org%2FPDF_Maps_files%2FGroton%2520Conservation%2520Trust%2520Guide%2520to%2520Properties.pdf&ei=CP-kU9W4F9aeyASovILYBQ&usg=AFQjCNEsoJncDYjOOjH2JePelRihS3mYTw&bvm=bv.69411363,d.b2U" "Mozilla/5.0 (Windows NT 6.3; WOW64; rv:30.0) Gecko/20100101 Firefox/30.0"
146.115.68.47 - - [20/Jun/2014:23:42:12 -0400] "GET /PDF_Maps_files/Groton%20Conservation%20Trust%20Guide%20to%20Properties.pdf HTTP/1.1" 206 65536 "http://www.google.com/url?sa=t&rct=j&q=&esrc=s&source=web&cd=1&ved=0CB0QFjAA&url=http%3A%2F%2Fwww.grotontrails.org%2FPDF_Maps_files%2FGroton%2520Conservation%2520Trust%2520Guide%2520to%2520Properties.pdf&ei=CP-kU9W4F9aeyASovILYBQ&usg=AFQjCNEsoJncDYjOOjH2JePelRihS3mYTw&bvm=bv.69411363,d.b2U" "Mozilla/5.0 (Windows NT 6.3; WOW64; rv:30.0) Gecko/20100101 Firefox/30.0"
146.115.68.47 - - [20/Jun/2014:23:42:12 -0400] "GET /PDF_Maps_files/Groton%20Conservation%20Trust%20Guide%20to%20Properties.pdf HTTP/1.1" 206 65536 "http://www.google.com/url?sa=t&rct=j&q=&esrc=s&source=web&cd=1&ved=0CB0QFjAA&url=http%3A%2F%2Fwww.grotontrails.org%2FPDF_Maps_files%2FGroton%2520Conservation%2520Trust%2520Guide%2520to%2520Properties.pdf&ei=CP-kU9W4F9aeyASovILYBQ&usg=AFQjCNEsoJncDYjOOjH2JePelRihS3mYTw&bvm=bv.69411363,d.b2U" "Mozilla/5.0 (Windows NT 6.3; WOW64; rv:30.0) Gecko/20100101 Firefox/30.0"
146.115.68.47 - - [20/Jun/2014:23:42:12 -0400] "GET /PDF_Maps_files/Groton%20Conservation%20Trust%20Guide%20to%20Properties.pdf HTTP/1.1" 206 65536 "http://www.google.com/url?sa=t&rct=j&q=&esrc=s&source=web&cd=1&ved=0CB0QFjAA&url=http%3A%2F%2Fwww.grotontrails.org%2FPDF_Maps_files%2FGroton%2520Conservation%2520Trust%2520Guide%2520to%2520Properties.pdf&ei=CP-kU9W4F9aeyASovILYBQ&usg=AFQjCNEsoJncDYjOOjH2JePelRihS3mYTw&bvm=bv.69411363,d.b2U" "Mozilla/5.0 (Windows NT 6.3; WOW64; rv:30.0) Gecko/20100101 Firefox/30.0"
98.110.200.120 - - [20/Jun/2014:23:48:33 -0400] "GET /Welcome_files/WidgetCommon.js HTTP/1.1" 404 575 "http://www.grotontrails.org/Welcome.html" "Mozilla/5.0 (Windows NT 5.1; rv:29.0) Gecko/20100101 Firefox/29.0"
182.118.20.162 - - [20/Jun/2014:01:43:00 -0400] "GET /robots.txt HTTP/1.1" 404 575 "http://www.grotontrails.org/robots.txt" "Mozilla/5.0 (compatible; MSIE 9.0; Windows NT 6.1; Trident/5.0); 360Spider"
67.189.159.95 - - [20/Jun/2014:13:07:28 -0400] "GET /Welcome_files/iWebSite.js HTTP/1.1" 404 575 "http://grotontrails.org/Welcome.html" "Mozilla/5.0 (Macintosh; Intel Mac OS X 10_8_5) AppleWebKit/537.76.4 (KHTML, like Gecko) Version/6.1.4 Safari/537.76.4"
67.189.159.95 - - [20/Jun/2014:13:07:28 -0400] "GET /Welcome_files/shapeimage_1.png HTTP/1.1" 200 254766 "http://grotontrails.org/Welcome.html" "Mozilla/5.0 (Macintosh; Intel Mac OS X 10_8_5) AppleWebKit/537.76.4 (KHTML, like Gecko) Version/6.1.4 Safari/537.76.4"
96.237.232.164 - - [20/Jun/2014:22:43:31 -0400] "GET /GTC_Site_10.08.09/Photos/Photos_files/rss.xml HTTP/1.1" 404 575 "-" "Windows-RSS-Platform/2.0 (IE 11.0; Windows NT 6.1)"
108.20.129.59 - - [20/Jun/2014:10:12:08 -0400] "GET /Interactive_Maps_files/FacebookButton.png HTTP/1.1" 200 980 "http://www.grotontrails.org/Interactive_Maps.html" "Mozilla/5.0 (Windows NT 6.1; WOW64; Trident/7.0; rv:11.0) like Gecko"
108.20.129.59 - - [20/Jun/2014:10:12:08 -0400] "GET /Interactive_Maps_files/Groton%20Trails%2012.27.11.jpg HTTP/1.1" 200 106795 "http://www.grotontrails.org/Interactive_Maps.html" "Mozilla/5.0 (Windows NT 6.1; WOW64; Trident/7.0; rv:11.0) like Gecko"
68.189.241.210 - - [20/Jun/2014:13:03:08 -0400] "GET / HTTP/1.1" 200 309 "http://www.google.com/url?sa=t&rct=j&q=&esrc=s&source=web&cd=1&ved=0CB8QFjAA&url=http%3A%2F%2Fwww.grotontrails.org%2F&ei=SGmkU-D5LIqVyAT-pYHoBg&usg=AFQjCNHHYnOAE0zAPPYzCj6KGB9ydVqLQQ&sig2=xGOyLCCBIhMNI9YZP8h0sQ&bvm=bv.69411363,d.aWw" "Mozilla/5.0 (Windows NT 6.1; WOW64; Trident/7.0; rv:11.0) like Gecko"
68.189.241.210 - - [20/Jun/2014:13:03:08 -0400] "GET /Welcome.html HTTP/1.1" 200 12657 "-" "Mozilla/5.0 (Windows NT 6.1; WOW64; Trident/7.0; rv:11.0) like Gecko"
68.189.241.210 - - [20/Jun/2014:13:03:08 -0400] "GET /Welcome_files/iWebSite.js HTTP/1.1" 404 575 "http://www.grotontrails.org/Welcome.html" "Mozilla/5.0 (Windows NT 6.1; WOW64; Trident/7.0; rv:11.0) like Gecko"
68.189.241.210 - - [20/Jun/2014:13:03:08 -0400] "GET /Welcome_files/GTN.jpg HTTP/1.1" 200 3734 "http://www.grotontrails.org/Welcome.html" "Mozilla/5.0 (Windows NT 6.1; WOW64; Trident/7.0; rv:11.0) like Gecko"
68.189.241.210 - - [20/Jun/2014:13:03:08 -0400] "GET /Welcome_files/shapeimage_3.png HTTP/1.1" 200 97654 "http://www.grotontrails.org/Welcome.html" "Mozilla/5.0 (Windows NT 6.1; WOW64; Trident/7.0; rv:11.0) like Gecko"
100.43.85.5 - - [20/Jun/2014:13:53:51 -0400] "GET /robots.txt HTTP/1.1" 404 575 "-" "Mozilla/5.0 (compatible; YandexBot/3.0; +http://yandex.com/bots)"
100.43.85.5 - - [20/Jun/2014:13:53:52 -0400] "GET /robots.txt HTTP/1.1" 404 575 "-" "Mozilla/5.0 (compatible; YandexBot/3.0; +http://yandex.com/bots)"
100.43.85.5 - - [20/Jun/2014:13:53:54 -0400] "GET / HTTP/1.1" 200 309 "-" "Mozilla/5.0 (compatible; YandexBot/3.0; +http://yandex.com/bots)"
65.120.119.18 - - [20/Jun/2014:15:04:04 -0400] "GET /Scripts/iWebImage.js HTTP/1.1" 200 39662 "http://www.grotontrails.org/PDF_Maps.html" "Mozilla/5.0 (X11; Ubuntu; Linux x86_64; rv:17.0) Gecko/20100101 Firefox/17.0"
65.120.119.18 - - [20/Jun/2014:15:04:04 -0400] "GET /PDF_Maps_files/LongleyI-II_Rich_%28printable%20PDF%29.jpg HTTP/1.1" 200 50492 "http://www.grotontrails.org/PDF_Maps.html" "Mozilla/5.0 (X11; Ubuntu; Linux x86_64; rv:17.0) Gecko/20100101 Firefox/17.0"
65.120.119.18 - - [20/Jun/2014:15:04:04 -0400] "GET /PDF_Maps_files/Shepley-Rich_%28printable%20PDF%29.jpg HTTP/1.1" 200 54900 "http://www.grotontrails.org/PDF_Maps.html" "Mozilla/5.0 (X11; Ubuntu; Linux x86_64; rv:17.0) Gecko/20100101 Firefox/17.0"
65.120.119.18 - - [20/Jun/2014:15:04:05 -0400] "GET /PDF_Maps_files/Groton%20Conservation%20Trust%20Guide%20to%20Properties.jpg HTTP/1.1" 200 39651 "http://www.grotontrails.org/PDF_Maps.html" "Mozilla/5.0 (X11; Ubuntu; Linux x86_64; rv:17.0) Gecko/20100101 Firefox/17.0"
65.120.119.18 - - [20/Jun/2014:15:04:05 -0400] "GET /PDF_Maps_files/stroke_5.png HTTP/1.1" 200 87 "http://www.grotontrails.org/PDF_Maps.html" "Mozilla/5.0 (X11; Ubuntu; Linux x86_64; rv:17.0) Gecko/20100101 Firefox/17.0"
70.192.35.104 - - [20/Jun/2014:16:56:47 -0400] "GET /PDF_Maps_files/FacebookButton.png HTTP/1.1" 200 980 "http://www.grotontrails.org/PDF_Maps.html" "Mozilla/5.0 (iPhone; CPU iPhone OS 7_1_1 like Mac OS X) AppleWebKit/537.51.2 (KHTML, like Gecko) Version/7.0 Mobile/11D201 Safari/9537.53"
70.192.35.104 - - [20/Jun/2014:16:56:47 -0400] "GET /PDF_Maps_files/Sawtell_Groton_Hills_%28printable%20PDF%29.png HTTP/1.1" 200 166630 "http://www.grotontrails.org/PDF_Maps.html" "Mozilla/5.0 (iPhone; CPU iPhone OS 7_1_1 like Mac OS X) AppleWebKit/537.51.2 (KHTML, like Gecko) Version/7.0 Mobile/11D201 Safari/9537.53"
70.192.35.104 - - [20/Jun/2014:16:56:48 -0400] "GET /PDF_Maps_files/Groton%20Conservation%20Trust%20Guide%20to%20Properties.jpg HTTP/1.1" 200 39651 "http://www.grotontrails.org/PDF_Maps.html" "Mozilla/5.0 (iPhone; CPU iPhone OS 7_1_1 like Mac OS X) AppleWebKit/537.51.2 (KHTML, like Gecko) Version/7.0 Mobile/11D201 Safari/9537.53"
70.192.35.104 - - [20/Jun/2014:16:56:48 -0400] "GET /PDF_Maps_files/stroke_2.png HTTP/1.1" 200 147 "http://www.grotontrails.org/PDF_Maps.html" "Mozilla/5.0 (iPhone; CPU iPhone OS 7_1_1 like Mac OS X) AppleWebKit/537.51.2 (KHTML, like Gecko) Version/7.0 Mobile/11D201 Safari/9537.53"
70.192.35.104 - - [20/Jun/2014:16:56:48 -0400] "GET /PDF_Maps_files/stroke_7.png HTTP/1.1" 200 86 "http://www.grotontrails.org/PDF_Maps.html" "Mozilla/5.0 (iPhone; CPU iPhone OS 7_1_1 like Mac OS X) AppleWebKit/537.51.2 (KHTML, like Gecko) Version/7.0 Mobile/11D201 Safari/9537.53"
66.249.65.177 - - [20/Jun/2014:23:34:27 -0400] "GET / HTTP/1.1" 200 309 "-" "Mozilla/5.0 (compatible; Googlebot/2.1; +http://www.google.com/bot.html)"
108.20.129.59 - - [20/Jun/2014:10:12:08 -0400] "GET /Interactive_Maps_files/Interactive_MapsIE.css HTTP/1.1" 200 492 "http://www.grotontrails.org/Interactive_Maps.html" "Mozilla/5.0 (Windows NT 6.1; WOW64; Trident/7.0; rv:11.0) like Gecko"
108.20.129.59 - - [20/Jun/2014:10:12:08 -0400] "GET /Interactive_Maps_files/GTN.jpg HTTP/1.1" 200 3734 "http://www.grotontrails.org/Interactive_Maps.html" "Mozilla/5.0 (Windows NT 6.1; WOW64; Trident/7.0; rv:11.0) like Gecko"
130.211.172.22 - - [20/Jun/2014:10:56:47 -0400] "GET / HTTP/1.0" 200 309 "-" "NerdyBot"
67.189.159.95 - - [20/Jun/2014:13:08:59 -0400] "GET /Welcome_files/navbar.js HTTP/1.1" 404 575 "http://www.grotontrails.org/Welcome.html" "Mozilla/5.0 (Macintosh; Intel Mac OS X 10_8_5) AppleWebKit/537.76.4 (KHTML, like Gecko) Version/6.1.4 Safari/537.76.4"
70.192.35.104 - - [20/Jun/2014:16:53:49 -0400] "GET / HTTP/1.1" 200 309 "-" "Mozilla/5.0 (iPhone; CPU iPhone OS 7_1_1 like Mac OS X) AppleWebKit/537.51.2 (KHTML, like Gecko) Version/7.0 Mobile/11D201 Safari/9537.53"
70.192.35.104 - - [20/Jun/2014:16:53:49 -0400] "GET /Welcome.html HTTP/1.1" 200 12657 "http://grotontrails.org/" "Mozilla/5.0 (iPhone; CPU iPhone OS 7_1_1 like Mac OS X) AppleWebKit/537.51.2 (KHTML, like Gecko) Version/7.0 Mobile/11D201 Safari/9537.53"
70.192.35.104 - - [20/Jun/2014:16:53:49 -0400] "GET /Welcome_files/Welcome.css HTTP/1.1" 200 5718 "http://grotontrails.org/Welcome.html" "Mozilla/5.0 (iPhone; CPU iPhone OS 7_1_1 like Mac OS X) AppleWebKit/537.51.2 (KHTML, like Gecko) Version/7.0 Mobile/11D201 Safari/9537.53"
70.192.35.104 - - [20/Jun/2014:16:53:50 -0400] "GET /Welcome_files/iWebSite.js HTTP/1.1" 404 575 "http://grotontrails.org/Welcome.html" "Mozilla/5.0 (iPhone; CPU iPhone OS 7_1_1 like Mac OS X) AppleWebKit/537.51.2 (KHTML, like Gecko) Version/7.0 Mobile/11D201 Safari/9537.53"
70.192.35.104 - - [20/Jun/2014:16:53:50 -0400] "GET /Welcome_files/FacebookButton.png HTTP/1.1" 200 883 "http://grotontrails.org/Welcome.html" "Mozilla/5.0 (iPhone; CPU iPhone OS 7_1_1 like Mac OS X) AppleWebKit/537.51.2 (KHTML, like Gecko) Version/7.0 Mobile/11D201 Safari/9537.53"
100.43.85.5 - - [20/Jun/2014:23:33:08 -0400] "GET /Welcome.html HTTP/1.1" 200 12657 "-" "Mozilla/5.0 (compatible; YandexBot/3.0; +http://yandex.com/bots)"
220.181.125.196 - - [20/Jun/2014:07:46:50 -0400] "GET / HTTP/1.1" 304 - "-" "Sogou web spider/4.0(+http://www.sogou.com/docs/help/webmasters.htm#07)"
117.78.13.29 - - [20/Jun/2014:10:06:15 -0400] "GET /robots.txt HTTP/1.0" 404 575 "-" "nutch-1.4/Nutch-1.4"
68.189.241.210 - - [20/Jun/2014:13:03:08 -0400] "GET /Welcome_files/Welcome.css HTTP/1.1" 200 5718 "http://www.grotontrails.org/Welcome.html" "Mozilla/5.0 (Windows NT 6.1; WOW64; Trident/7.0; rv:11.0) like Gecko"
68.189.241.210 - - [20/Jun/2014:13:03:08 -0400] "GET /Welcome_files/WelcomeIE.css HTTP/1.1" 200 492 "http://www.grotontrails.org/Welcome.html" "Mozilla/5.0 (Windows NT 6.1; WOW64; Trident/7.0; rv:11.0) like Gecko"
68.189.241.210 - - [20/Jun/2014:13:03:08 -0400] "GET /Welcome_files/WidgetCommon.js HTTP/1.1" 404 575 "http://www.grotontrails.org/Welcome.html" "Mozilla/5.0 (Windows NT 6.1; WOW64; Trident/7.0; rv:11.0) like Gecko"
68.189.241.210 - - [20/Jun/2014:13:03:08 -0400] "GET /Welcome_files/shapeimage_1.png HTTP/1.1" 200 254766 "http://www.grotontrails.org/Welcome.html" "Mozilla/5.0 (Windows NT 6.1; WOW64; Trident/7.0; rv:11.0) like Gecko"
100.43.85.5 - - [20/Jun/2014:13:53:58 -0400] "GET /Welcome.html HTTP/1.1" 200 12657 "-" "Mozilla/5.0 (compatible; YandexBot/3.0; +http://yandex.com/bots)"
70.192.35.104 - - [20/Jun/2014:16:56:47 -0400] "GET /PDF_Maps_files/Duck_Pond_Painted_Post_%28printable%20PDF%29.png HTTP/1.1" 200 173965 "http://www.grotontrails.org/PDF_Maps.html" "Mozilla/5.0 (iPhone; CPU iPhone OS 7_1_1 like Mac OS X) AppleWebKit/537.51.2 (KHTML, like Gecko) Version/7.0 Mobile/11D201 Safari/9537.53"
70.192.35.104 - - [20/Jun/2014:16:56:48 -0400] "GET /PDF_Maps_files/LongleyI-II_Rich_%28printable%20PDF%29.jpg HTTP/1.1" 200 50492 "http://www.grotontrails.org/PDF_Maps.html" "Mozilla/5.0 (iPhone; CPU iPhone OS 7_1_1 like Mac OS X) AppleWebKit/537.51.2 (KHTML, like Gecko) Version/7.0 Mobile/11D201 Safari/9537.53"
70.192.35.104 - - [20/Jun/2014:16:56:48 -0400] "GET /PDF_Maps_files/Williams_Sorhaug_%28printable%20PDF%29.jpg HTTP/1.1" 200 51162 "http://www.grotontrails.org/PDF_Maps.html" "Mozilla/5.0 (iPhone; CPU iPhone OS 7_1_1 like Mac OS X) AppleWebKit/537.51.2 (KHTML, like Gecko) Version/7.0 Mobile/11D201 Safari/9537.53"
70.192.35.104 - - [20/Jun/2014:16:56:48 -0400] "GET /PDF_Maps_files/stroke_1.png HTTP/1.1" 200 86 "http://www.grotontrails.org/PDF_Maps.html" "Mozilla/5.0 (iPhone; CPU iPhone OS 7_1_1 like Mac OS X) AppleWebKit/537.51.2 (KHTML, like Gecko) Version/7.0 Mobile/11D201 Safari/9537.53"
70.192.35.104 - - [20/Jun/2014:16:56:48 -0400] "GET /PDF_Maps_files/stroke_6.png HTTP/1.1" 200 147 "http://www.grotontrails.org/PDF_Maps.html" "Mozilla/5.0 (iPhone; CPU iPhone OS 7_1_1 like Mac OS X) AppleWebKit/537.51.2 (KHTML, like Gecko) Version/7.0 Mobile/11D201 Safari/9537.53"
68.187.222.26 - - [20/Jun/2014:19:21:58 -0400] "GET /Scripts/Widgets/Navbar/navbar.js HTTP/1.1" 200 5986 "http://www.grotontrails.org/PDF_Maps.html" "Mozilla/5.0 (iPad; CPU OS 7_1_1 like Mac OS X) AppleWebKit/537.51.2 (KHTML, like Gecko) Version/7.0 Mobile/11D201 Safari/9537.53"
68.187.222.26 - - [20/Jun/2014:19:21:59 -0400] "GET /PDF_Maps_files/Fitch_Woods_%28printable%20PDF%29.png HTTP/1.1" 200 162945 "http://www.grotontrails.org/PDF_Maps.html" "Mozilla/5.0 (iPad; CPU OS 7_1_1 like Mac OS X) AppleWebKit/537.51.2 (KHTML, like Gecko) Version/7.0 Mobile/11D201 Safari/9537.53"
68.187.222.26 - - [20/Jun/2014:19:21:59 -0400] "GET /PDF_Maps_files/Shepley-Rich_%28printable%20PDF%29.jpg HTTP/1.1" 200 54900 "http://www.grotontrails.org/PDF_Maps.html" "Mozilla/5.0 (iPad; CPU OS 7_1_1 like Mac OS X) AppleWebKit/537.51.2 (KHTML, like Gecko) Version/7.0 Mobile/11D201 Safari/9537.53"
68.187.222.26 - - [20/Jun/2014:19:21:59 -0400] "GET /PDF_Maps_files/Groton%20Conservation%20Trust%20Guide%20to%20Properties.jpg HTTP/1.1" 200 39651 "http://www.grotontrails.org/PDF_Maps.html" "Mozilla/5.0 (iPad; CPU OS 7_1_1 like Mac OS X) AppleWebKit/537.51.2 (KHTML, like Gecko) Version/7.0 Mobile/11D201 Safari/9537.53"
68.187.222.26 - - [20/Jun/2014:19:21:59 -0400] "GET /PDF_Maps_files/stroke_2.png HTTP/1.1" 200 147 "http://www.grotontrails.org/PDF_Maps.html" "Mozilla/5.0 (iPad; CPU OS 7_1_1 like Mac OS X) AppleWebKit/537.51.2 (KHTML, like Gecko) Version/7.0 Mobile/11D201 Safari/9537.53"
68.187.222.26 - - [20/Jun/2014:19:22:00 -0400] "GET /PDF_Maps_files/stroke_7.png HTTP/1.1" 200 86 "http://www.grotontrails.org/PDF_Maps.html" "Mozilla/5.0 (iPad; CPU OS 7_1_1 like Mac OS X) AppleWebKit/537.51.2 (KHTML, like Gecko) Version/7.0 Mobile/11D201 Safari/9537.53"
98.110.200.120 - - [20/Jun/2014:23:47:37 -0400] "GET /Welcome_files/iWebSite.js HTTP/1.1" 404 575 "http://www.grotontrails.org/Welcome.html" "Mozilla/5.0 (Windows NT 5.1; rv:29.0) Gecko/20100101 Firefox/29.0"
98.110.200.120 - - [20/Jun/2014:23:47:37 -0400] "GET /Welcome_files/FacebookButton.png HTTP/1.1" 200 883 "http://www.grotontrails.org/Welcome.html" "Mozilla/5.0 (Windows NT 5.1; rv:29.0) Gecko/20100101 Firefox/29.0"
98.110.200.120 - - [20/Jun/2014:23:48:10 -0400] "GET /Scripts/Widgets/Navbar/navbar.js HTTP/1.1" 200 5986 "http://www.grotontrails.org/Quests.html" "Mozilla/5.0 (Windows NT 5.1; rv:29.0) Gecko/20100101 Firefox/29.0"
98.110.200.120 - - [20/Jun/2014:23:48:10 -0400] "GET /Quests_files/shapeimage_1.png HTTP/1.1" 200 39131 "http://www.grotontrails.org/Quests.html" "Mozilla/5.0 (Windows NT 5.1; rv:29.0) Gecko/20100101 Firefox/29.0"
98.110.200.120 - - [20/Jun/2014:23:48:23 -0400] "GET /Calendar.html HTTP/1.1" 200 8882 "http://www.grotontrails.org/Quests.html" "Mozilla/5.0 (Windows NT 5.1; rv:29.0) Gecko/20100101 Firefox/29.0"
98.110.200.120 - - [20/Jun/2014:23:48:24 -0400] "GET /Calendar_files/Calendar.css HTTP/1.1" 200 4385 "http://www.grotontrails.org/Calendar.html" "Mozilla/5.0 (Windows NT 5.1; rv:29.0) Gecko/20100101 Firefox/29.0"
98.110.200.120 - - [20/Jun/2014:23:48:24 -0400] "GET /Calendar_files/FacebookButton.png HTTP/1.1" 200 980 "http://www.grotontrails.org/Calendar.html" "Mozilla/5.0 (Windows NT 5.1; rv:29.0) Gecko/20100101 Firefox/29.0"
174.252.49.50 - - [20/Jun/2014:08:33:35 -0400] "GET /PDF_Maps_files/Fitch_Woods_%28printable%20PDF%29.png HTTP/1.1" 200 162945 "http://www.grotontrails.org/PDF_Maps.html" "Mozilla/5.0 (iPhone; CPU iPhone OS 5_1_1 like Mac OS X) AppleWebKit/534.46 (KHTML, like Gecko) Version/5.1 Mobile/9B206 Safari/7534.48.3"
108.20.129.59 - - [20/Jun/2014:10:12:08 -0400] "GET /Scripts/iWebImage.js HTTP/1.1" 200 39662 "http://www.grotontrails.org/Interactive_Maps.html" "Mozilla/5.0 (Windows NT 6.1; WOW64; Trident/7.0; rv:11.0) like Gecko"
108.20.129.59 - - [20/Jun/2014:10:12:08 -0400] "GET /feed.xml HTTP/1.1" 200 2819 "http://www.grotontrails.org/Interactive_Maps.html" "Mozilla/5.0 (Windows NT 6.1; WOW64; Trident/7.0; rv:11.0) like Gecko"
98.136.188.70 - - [20/Jun/2014:10:15:03 -0400] "GET /robots.txt HTTP/1.1" 404 575 "-" "Mozilla/5.0 (compatible; Yahoo! Slurp; http://help.yahoo.com/help/us/ysearch/slurp)"
65.120.119.18 - - [20/Jun/2014:15:04:04 -0400] "GET /Scripts/Widgets/Navbar/navbar.js HTTP/1.1" 200 5986 "http://www.grotontrails.org/PDF_Maps.html" "Mozilla/5.0 (X11; Ubuntu; Linux x86_64; rv:17.0) Gecko/20100101 Firefox/17.0"
65.120.119.18 - - [20/Jun/2014:15:04:04 -0400] "GET /PDF_Maps_files/Duck_Pond_Painted_Post_%28printable%20PDF%29.png HTTP/1.1" 200 173965 "http://www.grotontrails.org/PDF_Maps.html" "Mozilla/5.0 (X11; Ubuntu; Linux x86_64; rv:17.0) Gecko/20100101 Firefox/17.0"
65.120.119.18 - - [20/Jun/2014:15:04:05 -0400] "GET /feed.xml HTTP/1.1" 200 2819 "http://www.grotontrails.org/PDF_Maps.html" "Mozilla/5.0 (X11; Ubuntu; Linux x86_64; rv:17.0) Gecko/20100101 Firefox/17.0"
65.120.119.18 - - [20/Jun/2014:15:04:05 -0400] "GET /PDF_Maps_files/Town_Forest_%28printable%20PDF%29.jpg HTTP/1.1" 200 59810 "http://www.grotontrails.org/PDF_Maps.html" "Mozilla/5.0 (X11; Ubuntu; Linux x86_64; rv:17.0) Gecko/20100101 Firefox/17.0"
65.120.119.18 - - [20/Jun/2014:15:04:05 -0400] "GET /PDF_Maps_files/stroke_1.png HTTP/1.1" 200 86 "http://www.grotontrails.org/PDF_Maps.html" "Mozilla/5.0 (X11; Ubuntu; Linux x86_64; rv:17.0) Gecko/20100101 Firefox/17.0"
146.115.68.47 - - [20/Jun/2014:23:42:11 -0400] "GET /PDF_Maps_files/Groton%20Conservation%20Trust%20Guide%20to%20Properties.pdf HTTP/1.1" 206 65536 "http://www.google.com/url?sa=t&rct=j&q=&esrc=s&source=web&cd=1&ved=0CB0QFjAA&url=http%3A%2F%2Fwww.grotontrails.org%2FPDF_Maps_files%2FGroton%2520Conservation%2520Trust%2520Guide%2520to%2520Properties.pdf&ei=CP-kU9W4F9aeyASovILYBQ&usg=AFQjCNEsoJncDYjOOjH2JePelRihS3mYTw&bvm=bv.69411363,d.b2U" "Mozilla/5.0 (Windows NT 6.3; WOW64; rv:30.0) Gecko/20100101 Firefox/30.0"
146.115.68.47 - - [20/Jun/2014:23:42:12 -0400] "GET /PDF_Maps_files/Groton%20Conservation%20Trust%20Guide%20to%20Properties.pdf HTTP/1.1" 206 65536 "http://www.google.com/url?sa=t&rct=j&q=&esrc=s&source=web&cd=1&ved=0CB0QFjAA&url=http%3A%2F%2Fwww.grotontrails.org%2FPDF_Maps_files%2FGroton%2520Conservation%2520Trust%2520Guide%2520to%2520Properties.pdf&ei=CP-kU9W4F9aeyASovILYBQ&usg=AFQjCNEsoJncDYjOOjH2JePelRihS3mYTw&bvm=bv.69411363,d.b2U" "Mozilla/5.0 (Windows NT 6.3; WOW64; rv:30.0) Gecko/20100101 Firefox/30.0"
146.115.68.47 - - [20/Jun/2014:23:42:12 -0400] "GET /PDF_Maps_files/Groton%20Conservation%20Trust%20Guide%20to%20Properties.pdf HTTP/1.1" 206 65536 "http://www.google.com/url?sa=t&rct=j&q=&esrc=s&source=web&cd=1&ved=0CB0QFjAA&url=http%3A%2F%2Fwww.grotontrails.org%2FPDF_Maps_files%2FGroton%2520Conservation%2520Trust%2520Guide%2520to%2520Properties.pdf&ei=CP-kU9W4F9aeyASovILYBQ&usg=AFQjCNEsoJncDYjOOjH2JePelRihS3mYTw&bvm=bv.69411363,d.b2U" "Mozilla/5.0 (Windows NT 6.3; WOW64; rv:30.0) Gecko/20100101 Firefox/30.0"
174.252.49.50 - - [20/Jun/2014:08:33:35 -0400] "GET /PDF_Maps_files/LongleyI-II_Rich_%28printable%20PDF%29.jpg HTTP/1.1" 200 50492 "http://www.grotontrails.org/PDF_Maps.html" "Mozilla/5.0 (iPhone; CPU iPhone OS 5_1_1 like Mac OS X) AppleWebKit/534.46 (KHTML, like Gecko) Version/5.1 Mobile/9B206 Safari/7534.48.3"
174.252.49.50 - - [20/Jun/2014:08:33:36 -0400] "GET /PDF_Maps_files/Town_Forest_%28printable%20PDF%29.jpg HTTP/1.1" 200 59810 "http://www.grotontrails.org/PDF_Maps.html" "Mozilla/5.0 (iPhone; CPU iPhone OS 5_1_1 like Mac OS X) AppleWebKit/534.46 (KHTML, like Gecko) Version/5.1 Mobile/9B206 Safari/7534.48.3"
70.192.35.104 - - [20/Jun/2014:16:56:47 -0400] "GET /PDF_Maps_files/Fitch_Woods_%28printable%20PDF%29.png HTTP/1.1" 200 162945 "http://www.grotontrails.org/PDF_Maps.html" "Mozilla/5.0 (iPhone; CPU iPhone OS 7_1_1 like Mac OS X) AppleWebKit/537.51.2 (KHTML, like Gecko) Version/7.0 Mobile/11D201 Safari/9537.53"
70.192.35.104 - - [20/Jun/2014:16:56:47 -0400] "GET /PDF_Maps_files/Shepley-Rich_%28printable%20PDF%29.jpg HTTP/1.1" 200 54900 "http://www.grotontrails.org/PDF_Maps.html" "Mozilla/5.0 (iPhone; CPU iPhone OS 7_1_1 like Mac OS X) AppleWebKit/537.51.2 (KHTML, like Gecko) Version/7.0 Mobile/11D201 Safari/9537.53"
70.192.35.104 - - [20/Jun/2014:16:56:48 -0400] "GET /PDF_Maps_files/stroke_3.png HTTP/1.1" 200 87 "http://www.grotontrails.org/PDF_Maps.html" "Mozilla/5.0 (iPhone; CPU iPhone OS 7_1_1 like Mac OS X) AppleWebKit/537.51.2 (KHTML, like Gecko) Version/7.0 Mobile/11D201 Safari/9537.53"
146.115.68.47 - - [20/Jun/2014:23:51:51 -0400] "GET /Welcome_files/iWebSite.js HTTP/1.1" 404 575 "http://www.grotontrails.org/Welcome.html" "Mozilla/5.0 (Windows NT 6.3; WOW64; rv:30.0) Gecko/20100101 Firefox/30.0"
146.115.68.47 - - [20/Jun/2014:23:51:51 -0400] "GET /Welcome_files/GTN.jpg HTTP/1.1" 200 3734 "http://www.grotontrails.org/Welcome.html" "Mozilla/5.0 (Windows NT 6.3; WOW64; rv:30.0) Gecko/20100101 Firefox/30.0"
220.181.125.196 - - [20/Jun/2014:07:46:47 -0400] "GET /robots.txt HTTP/1.1" 404 575 "-" "Sogou web spider/4.0(+http://www.sogou.com/docs/help/webmasters.htm#07)"
174.252.49.50 - - [20/Jun/2014:08:32:34 -0400] "GET /Welcome_files/navbar.js HTTP/1.1" 404 575 "http://www.grotontrails.org/Welcome.html" "Mozilla/5.0 (iPhone; CPU iPhone OS 5_1_1 like Mac OS X) AppleWebKit/534.46 (KHTML, like Gecko) Version/5.1 Mobile/9B206 Safari/7534.48.3"
174.252.49.50 - - [20/Jun/2014:08:32:34 -0400] "GET /Welcome_files/Welcome.js HTTP/1.1" 200 2478 "http://www.grotontrails.org/Welcome.html" "Mozilla/5.0 (iPhone; CPU iPhone OS 5_1_1 like Mac OS X) AppleWebKit/534.46 (KHTML, like Gecko) Version/5.1 Mobile/9B206 Safari/7534.48.3"
174.252.49.50 - - [20/Jun/2014:08:32:35 -0400] "GET /Welcome_files/shapeimage_2.png HTTP/1.1" 200 117078 "http://www.grotontrails.org/Welcome.html" "Mozilla/5.0 (iPhone; CPU iPhone OS 5_1_1 like Mac OS X) AppleWebKit/534.46 (KHTML, like Gecko) Version/5.1 Mobile/9B206 Safari/7534.48.3"
174.252.49.50 - - [20/Jun/2014:08:32:35 -0400] "GET /Welcome_files/shapeimage_3.png HTTP/1.1" 200 97654 "http://www.grotontrails.org/Welcome.html" "Mozilla/5.0 (iPhone; CPU iPhone OS 5_1_1 like Mac OS X) AppleWebKit/534.46 (KHTML, like Gecko) Version/5.1 Mobile/9B206 Safari/7534.48.3"
93.65.5.23 - - [20/Jun/2014:08:32:37 -0400] "GET /Welcome_files/GTN.jpg HTTP/1.1" 200 3734 "http://grotontrails.org/Welcome.html" "Mozilla/5.0 (Windows NT 6.1; WOW64) AppleWebKit/537.36 (KHTML, like Gecko) Chrome/32.0.1700.107 Safari/537.36"
117.18.73.66 - - [20/Jun/2014:00:21:31 -0400] "GET /editor/dialog/fck_about.html HTTP/1.1" 404 575 "http://www.grotontrails.org/editor/dialog/fck_about.html" "Mozilla/4.0 (compatible; MSIE 9.0; Windows NT 6.1; 125LA; .NET CLR 2.0.50727; .NET CLR 3.0.04506.648; .NET CLR 3.5.21022)"
117.18.73.66 - - [20/Jun/2014:00:21:31 -0400] "GET /FCKeditor/editor/dialog/fck_about.html HTTP/1.1" 404 575 "http://www.grotontrails.org/FCKeditor/editor/dialog/fck_about.html" "Mozilla/4.0 (compatible; MSIE 9.0; Windows NT 6.1; 125LA; .NET CLR 2.0.50727; .NET CLR 3.0.04506.648; .NET CLR 3.5.21022)"
117.18.73.66 - - [20/Jun/2014:00:21:31 -0400] "GET /FCK/editor/dialog/fck_about.html HTTP/1.1" 404 575 "http://www.grotontrails.org/FCK/editor/dialog/fck_about.html" "Mozilla/4.0 (compatible; MSIE 9.0; Windows NT 6.1; 125LA; .NET CLR 2.0.50727; .NET CLR 3.0.04506.648; .NET CLR 3.5.21022)"
117.18.73.66 - - [20/Jun/2014:00:21:32 -0400] "GET /admin/FCKeditor/editor/dialog/fck_about.html HTTP/1.1" 404 575 "http://www.grotontrails.org/admin/FCKeditor/editor/dialog/fck_about.html" "Mozilla/4.0 (compatible; MSIE 9.0; Windows NT 6.1; 125LA; .NET CLR 2.0.50727; .NET CLR 3.0.04506.648; .NET CLR 3.5.21022)"
117.18.73.66 - - [20/Jun/2014:00:21:32 -0400] "GET /manage/FCKeditor/editor/dialog/fck_about.html HTTP/1.1" 404 575 "http://www.grotontrails.org/manage/FCKeditor/editor/dialog/fck_about.html" "Mozilla/4.0 (compatible; MSIE 9.0; Windows NT 6.1; 125LA; .NET CLR 2.0.50727; .NET CLR 3.0.04506.648; .NET CLR 3.5.21022)"
117.18.73.66 - - [20/Jun/2014:00:21:32 -0400] "GET /editor/editor/dialog/fck_about.html HTTP/1.1" 404 575 "http://www.grotontrails.org/editor/editor/dialog/fck_about.html" "Mozilla/4.0 (compatible; MSIE 9.0; Windows NT 6.1; 125LA; .NET CLR 2.0.50727; .NET CLR 3.0.04506.648; .NET CLR 3.5.21022)"
117.18.73.66 - - [20/Jun/2014:00:21:32 -0400] "GET /editor/FCKeditor/editor/dialog/fck_about.html HTTP/1.1" 404 575 "http://www.grotontrails.org/editor/FCKeditor/editor/dialog/fck_about.html" "Mozilla/4.0 (compatible; MSIE 9.0; Windows NT 6.1; 125LA; .NET CLR 2.0.50727; .NET CLR 3.0.04506.648; .NET CLR 3.5.21022)"
65.120.119.18 - - [20/Jun/2014:14:49:55 -0400] "GET / HTTP/1.1" 200 309 "http://www.google.com/url?sa=t&rct=j&q=&esrc=s&source=web&cd=1&ved=0CB8QFjAA&url=http%3A%2F%2Fwww.grotontrails.org%2F&ei=UIKkU9WnKfSusASMnICgDg&usg=AFQjCNHHYnOAE0zAPPYzCj6KGB9ydVqLQQ&bvm=bv.69411363,d.cWc" "Mozilla/5.0 (X11; Ubuntu; Linux x86_64; rv:30.0) Gecko/20100101 Firefox/30.0"
65.120.119.18 - - [20/Jun/2014:14:49:56 -0400] "GET /favicon.ico HTTP/1.1" 404 575 "-" "Mozilla/5.0 (X11; Ubuntu; Linux x86_64; rv:30.0) Gecko/20100101 Firefox/30.0"
65.120.119.18 - - [20/Jun/2014:15:03:46 -0400] "GET /Welcome_files/iWebSite.js HTTP/1.1" 404 575 "http://www.grotontrails.org/Welcome.html" "Mozilla/5.0 (X11; Ubuntu; Linux x86_64; rv:17.0) Gecko/20100101 Firefox/17.0"
65.120.119.18 - - [20/Jun/2014:15:03:47 -0400] "GET /Welcome_files/FacebookButton.png HTTP/1.1" 200 883 "http://www.grotontrails.org/Welcome.html" "Mozilla/5.0 (X11; Ubuntu; Linux x86_64; rv:17.0) Gecko/20100101 Firefox/17.0"
65.120.119.18 - - [20/Jun/2014:15:04:25 -0400] "GET /Interactive_Maps_files/Groton%20Trails%2012.27.11.jpg HTTP/1.1" 200 106795 "http://www.grotontrails.org/Interactive_Maps.html" "Mozilla/5.0 (X11; Ubuntu; Linux x86_64; rv:17.0) Gecko/20100101 Firefox/17.0"
98.110.200.120 - - [20/Jun/2014:23:48:24 -0400] "GET /Scripts/Widgets/HTMLRegion/Paste.js HTTP/1.1" 200 2019 "http://www.grotontrails.org/Calendar.html" "Mozilla/5.0 (Windows NT 5.1; rv:29.0) Gecko/20100101 Firefox/29.0"
98.110.200.120 - - [20/Jun/2014:23:48:24 -0400] "GET /Scripts/Widgets/SharedResources/Translucent-Overlay.png HTTP/1.1" 200 10873 "http://www.grotontrails.org/Calendar.html" "Mozilla/5.0 (Windows NT 5.1; rv:29.0) Gecko/20100101 Firefox/29.0"
93.65.5.23 - - [20/Jun/2014:08:32:32 -0400] "GET /Welcome_files/iWebSite.js HTTP/1.1" 404 575 "http://grotontrails.org/Welcome.html" "Mozilla/5.0 (Windows NT 6.1; WOW64) AppleWebKit/537.36 (KHTML, like Gecko) Chrome/32.0.1700.107 Safari/537.36"
220.181.108.91 - - [20/Jun/2014:01:41:13 -0400] "GET /Sign_Up.html HTTP/1.1" 200 6793 "-" "Mozilla/5.0 (compatible; Baiduspider/2.0; +http://www.baidu.com/search/spider.html)"
68.189.241.210 - - [20/Jun/2014:13:03:18 -0400] "GET /Interactive_Maps_files/GTN.jpg HTTP/1.1" 200 3734 "http://www.grotontrails.org/Interactive_Maps.html" "Mozilla/5.0 (Windows NT 6.1; WOW64; Trident/7.0; rv:11.0) like Gecko"
68.189.241.210 - - [20/Jun/2014:13:03:18 -0400] "GET /Interactive_Maps_files/FacebookButton.png HTTP/1.1" 200 980 "http://www.grotontrails.org/Interactive_Maps.html" "Mozilla/5.0 (Windows NT 6.1; WOW64; Trident/7.0; rv:11.0) like Gecko"
70.192.35.104 - - [20/Jun/2014:16:54:07 -0400] "GET /Scripts/Widgets/SharedResources/WidgetCommon.js HTTP/1.1" 200 36124 "http://www.grotontrails.org/Interactive_Maps.html" "Mozilla/5.0 (iPhone; CPU iPhone OS 7_1_1 like Mac OS X) AppleWebKit/537.51.2 (KHTML, like Gecko) Version/7.0 Mobile/11D201 Safari/9537.53"
70.192.35.104 - - [20/Jun/2014:16:54:07 -0400] "GET /Interactive_Maps_files/Groton%20Trails%2012.27.11.jpg HTTP/1.1" 200 106795 "http://www.grotontrails.org/Interactive_Maps.html" "Mozilla/5.0 (iPhone; CPU iPhone OS 7_1_1 like Mac OS X) AppleWebKit/537.51.2 (KHTML, like Gecko) Version/7.0 Mobile/11D201 Safari/9537.53"
68.187.222.26 - - [20/Jun/2014:19:21:58 -0400] "GET /PDF_Maps_files/PDF_Maps.js HTTP/1.1" 200 1823 "http://www.grotontrails.org/PDF_Maps.html" "Mozilla/5.0 (iPad; CPU OS 7_1_1 like Mac OS X) AppleWebKit/537.51.2 (KHTML, like Gecko) Version/7.0 Mobile/11D201 Safari/9537.53"
68.187.222.26 - - [20/Jun/2014:19:21:59 -0400] "GET /PDF_Maps_files/Hawtree_%28printable%20PDF%29.png HTTP/1.1" 200 169502 "http://www.grotontrails.org/PDF_Maps.html" "Mozilla/5.0 (iPad; CPU OS 7_1_1 like Mac OS X) AppleWebKit/537.51.2 (KHTML, like Gecko) Version/7.0 Mobile/11D201 Safari/9537.53"
68.187.222.26 - - [20/Jun/2014:19:21:59 -0400] "GET /PDF_Maps_files/Throne_Hill_%28printable%20PDF%29.png HTTP/1.1" 200 175204 "http://www.grotontrails.org/PDF_Maps.html" "Mozilla/5.0 (iPad; CPU OS 7_1_1 like Mac OS X) AppleWebKit/537.51.2 (KHTML, like Gecko) Version/7.0 Mobile/11D201 Safari/9537.53"
68.187.222.26 - - [20/Jun/2014:19:21:59 -0400] "GET /PDF_Maps_files/stroke_4.png HTTP/1.1" 200 223 "http://www.grotontrails.org/PDF_Maps.html" "Mozilla/5.0 (iPad; CPU OS 7_1_1 like Mac OS X) AppleWebKit/537.51.2 (KHTML, like Gecko) Version/7.0 Mobile/11D201 Safari/9537.53"
174.236.34.225 - - [20/Jun/2014:21:19:03 -0400] "GET /Welcome_files/navbar.js HTTP/1.1" 404 575 "http://www.grotontrails.org/Welcome.html" "Mozilla/5.0 (iPhone; CPU iPhone OS 7_1_1 like Mac OS X) AppleWebKit/537.51.2 (KHTML, like Gecko) Version/7.0 Mobile/11D201 Safari/9537.53"
174.236.34.225 - - [20/Jun/2014:21:19:03 -0400] "GET /Welcome_files/shapeimage_2.png HTTP/1.1" 200 117078 "http://www.grotontrails.org/Welcome.html" "Mozilla/5.0 (iPhone; CPU iPhone OS 7_1_1 like Mac OS X) AppleWebKit/537.51.2 (KHTML, like Gecko) Version/7.0 Mobile/11D201 Safari/9537.53"
100.43.85.5 - - [20/Jun/2014:23:33:13 -0400] "GET /Welcome.html HTTP/1.1" 200 12657 "-" "Mozilla/5.0 (compatible; YandexBot/3.0; +http://yandex.com/bots)"
146.115.68.47 - - [20/Jun/2014:23:42:09 -0400] "GET /favicon.ico HTTP/1.1" 404 575 "-" "Mozilla/5.0 (Windows NT 6.3; WOW64; rv:30.0) Gecko/20100101 Firefox/30.0"
146.115.68.47 - - [20/Jun/2014:23:42:09 -0400] "GET /favicon.ico HTTP/1.1" 404 575 "-" "Mozilla/5.0 (Windows NT 6.3; WOW64; rv:30.0) Gecko/20100101 Firefox/30.0"
146.115.68.47 - - [20/Jun/2014:23:42:09 -0400] "GET /PDF_Maps_files/Groton%20Conservation%20Trust%20Guide%20to%20Properties.pdf HTTP/1.1" 206 46926 "http://www.google.com/url?sa=t&rct=j&q=&esrc=s&source=web&cd=1&ved=0CB0QFjAA&url=http%3A%2F%2Fwww.grotontrails.org%2FPDF_Maps_files%2FGroton%2520Conservation%2520Trust%2520Guide%2520to%2520Properties.pdf&ei=CP-kU9W4F9aeyASovILYBQ&usg=AFQjCNEsoJncDYjOOjH2JePelRihS3mYTw&bvm=bv.69411363,d.b2U" "Mozilla/5.0 (Windows NT 6.3; WOW64; rv:30.0) Gecko/20100101 Firefox/30.0"
146.115.68.47 - - [20/Jun/2014:23:42:09 -0400] "GET /PDF_Maps_files/Groton%20Conservation%20Trust%20Guide%20to%20Properties.pdf HTTP/1.1" 206 65536 "http://www.google.com/url?sa=t&rct=j&q=&esrc=s&source=web&cd=1&ved=0CB0QFjAA&url=http%3A%2F%2Fwww.grotontrails.org%2FPDF_Maps_files%2FGroton%2520Conservation%2520Trust%2520Guide%2520to%2520Properties.pdf&ei=CP-kU9W4F9aeyASovILYBQ&usg=AFQjCNEsoJncDYjOOjH2JePelRihS3mYTw&bvm=bv.69411363,d.b2U" "Mozilla/5.0 (Windows NT 6.3; WOW64; rv:30.0) Gecko/20100101 Firefox/30.0"
146.115.68.47 - - [20/Jun/2014:23:42:09 -0400] "GET /PDF_Maps_files/Groton%20Conservation%20Trust%20Guide%20to%20Properties.pdf HTTP/1.1" 206 65536 "http://www.google.com/url?sa=t&rct=j&q=&esrc=s&source=web&cd=1&ved=0CB0QFjAA&url=http%3A%2F%2Fwww.grotontrails.org%2FPDF_Maps_files%2FGroton%2520Conservation%2520Trust%2520Guide%2520to%2520Properties.pdf&ei=CP-kU9W4F9aeyASovILYBQ&usg=AFQjCNEsoJncDYjOOjH2JePelRihS3mYTw&bvm=bv.69411363,d.b2U" "Mozilla/5.0 (Windows NT 6.3; WOW64; rv:30.0) Gecko/20100101 Firefox/30.0"
