146.115.68.47 - - [20/Jun/2014:23:42:10 -0400] "GET /PDF_Maps_files/Groton%20Conservation%20Trust%20Guide%20to%20Properties.pdf HTTP/1.1" 206 65536 "http://www.google.com/url?sa=t&rct=j&q=&esrc=s&source=web&cd=1&ved=0CB0QFjAA&url=http%3A%2F%2Fwww.grotontrails.org%2FPDF_Maps_files%2FGroton%2520Conservation%2520Trust%2520Guide%2520to%2520Properties.pdf&ei=CP-kU9W4F9aeyASovILYBQ&usg=AFQjCNEsoJncDYjOOjH2JePelRihS3mYTw&bvm=bv.69411363,d.b2U" "Mozilla/5.0 (Windows NT 6.3; WOW64; rv:30.0) Gecko/20100101 Firefox/30.0"
146.115.68.47 - - [20/Jun/2014:23:42:11 -0400] "GET /PDF_Maps_files/Groton%20Conservation%20Trust%20Guide%20to%20Properties.pdf HTTP/1.1" 206 65536 "http://www.google.com/url?sa=t&rct=j&q=&esrc=s&source=web&cd=1&ved=0CB0QFjAA&url=http%3A%2F%2Fwww.grotontrails.org%2FPDF_Maps_files%2FGroton%2520Conservation%2520Trust%2520Guide%2520to%2520Properties.pdf&ei=CP-kU9W4F9aeyASovILYBQ&usg=AFQjCNEsoJncDYjOOjH2JePelRihS3mYTw&bvm=bv.69411363,d.b2U" "Mozilla/5.0 (Windows NT 6.3; WOW64; rv:30.0) Gecko/20100101 Firefox/30.0"
146.115.68.47 - - [20/Jun/2014:23:42:11 -0400] "GET /PDF_Maps_files/Groton%20Conservation%20Trust%20Guide%20to%20Properties.pdf HTTP/1.1" 206 65536 "http://www.google.com/url?sa=t&rct=j&q=&esrc=s&source=web&cd=1&ved=0CB0QFjAA&url=http%3A%2F%2Fwww.grotontrails.org%2FPDF_Maps_files%2FGroton%2520Conservation%2520Trust%2520Guide%2520to%2520Properties.pdf&ei=CP-kU9W4F9aeyASovILYBQ&usg=AFQjCNEsoJncDYjOOjH2JePelRihS3mYTw&bvm=bv.69411363,d.b2U" "Mozilla/5.0 (Windows NT 6.3; WOW64; rv:30.0) Gecko/20100101 Firefox/30.0"
146.115.68.47 - - [20/Jun/2014:23:42:11 -0400] "GET /PDF_Maps_files/Groton%20Conservation%20Trust%20Guide%20to%20Properties.pdf HTTP/1.1" 206 65536 "http://www.google.com/url?sa=t&rct=j&q=&esrc=s&source=web&cd=1&ved=0CB0QFjAA&url=http%3A%2F%2Fwww.grotontrails.org%2FPDF_Maps_files%2FGroton%2520Conservation%2520Trust%2520Guide%2520to%2520Properties.pdf&ei=CP-kU9W4F9aeyASovILYBQ&usg=AFQjCNEsoJncDYjOOjH2JePelRihS3mYTw&bvm=bv.69411363,d.b2U" "Mozilla/5.0 (Windows NT 6.3; WOW64; rv:30.0) Gecko/20100101 Firefox/30.0"
146.115.68.47 - - [20/Jun/2014:23:42:11 -0400] "GET /PDF_Maps_files/Groton%20Conservation%20Trust%20Guide%20to%20Properties.pdf HTTP/1.1" 206 65536 "http://www.google.com/url?sa=t&rct=j&q=&esrc=s&source=web&cd=1&ved=0CB0QFjAA&url=http%3A%2F%2Fwww.grotontrails.org%2FPDF_Maps_files%2FGroton%2520Conservation%2520Trust%2520Guide%2520to%2520Properties.pdf&ei=CP-kU9W4F9aeyASovILYBQ&usg=AFQjCNEsoJncDYjOOjH2JePelRihS3mYTw&bvm=bv.69411363,d.b2U" "Mozilla/5.0 (Windows NT 6.3; WOW64; rv:30.0) Gecko/20100101 Firefox/30.0"
146.115.68.47 - - [20/Jun/2014:23:42:12 -0400] "GET /PDF_Maps_files/Groton%20Conservation%20Trust%20Guide%20to%20Properties.pdf HTTP/1.1" 206 65536 "http://www.google.com/url?sa=t&rct=j&q=&esrc=s&source=web&cd=1&ved=0CB0QFjAA&url=http%3A%2F%2Fwww.grotontrails.org%2FPDF_Maps_files%2FGroton%2520Conservation%2520Trust%2520Guide%2520to%2520Properties.pdf&ei=CP-kU9W4F9aeyASovILYBQ&usg=AFQjCNEsoJncDYjOOjH2JePelRihS3mYTw&bvm=bv.69411363,d.b2U" "Mozilla/5.0 (Windows NT 6.3; WOW64; rv:30.0) Gecko/20100101 Firefox/30.0"
146.115.68.47 - - [20/Jun/2014:23:42:12 -0400] "GET /PDF_Maps_files/Groton%20Conservation%20Trust%20Guide%20to%20Properties.pdf HTTP/1.1" 206 65536 "http://www.google.com/url?sa=t&rct=j&q=&esrc=s&source=web&cd=1&ved=0CB0QFjAA&url=http%3A%2F%2Fwww.grotontrails.org%2FPDF_Maps_files%2FGroton%2520Conservation%2520Trust%2520Guide%2520to%2520Properties.pdf&ei=CP-kU9W4F9aeyASovILYBQ&usg=AFQjCNEsoJncDYjOOjH2JePelRihS3mYTw&bvm=bv.69411363,d.b2U" "Mozilla/5.0 (Windows NT 6.3; WOW64; rv:30.0) Gecko/20100101 Firefox/30.0"
146.115.68.47 - - [20/Jun/2014:23:42:12 -0400] "GET /PDF_Maps_files/Groton%20Conservation%20Trust%20Guide%20to%20Properties.pdf HTTP/1.1" 206 65536 "http://www.google.com/url?sa=t&rct=j&q=&esrc=s&source=web&cd=1&ved=0CB0QFjAA&url=http%3A%2F%2Fwww.grotontrails.org%2FPDF_Maps_files%2FGroton%2520Conservation%2520Trust%2520Guide%2520to%2520Properties.pdf&ei=CP-kU9W4F9aeyASovILYBQ&usg=AFQjCNEsoJncDYjOOjH2JePelRihS3mYTw&bvm=bv.69411363,d.b2U" "Mozilla/5.0 (Windows NT 6.3; WOW64; rv:30.0) Gecko/20100101 Firefox/30.0"
146.115.68.47 - - [20/Jun/2014:23:42:12 -0400] "GET /PDF_Maps_files/Groton%20Conservation%20Trust%20Guide%20to%20Properties.pdf HTTP/1.1" 206 65536 "http://www.google.com/url?sa=t&rct=j&q=&esrc=s&source=web&cd=1&ved=0CB0QFjAA&url=http%3A%2F%2Fwww.grotontrails.org%2FPDF_Maps_files%2FGroton%2520Conservation%2520Trust%2520Guide%2520to%2520Properties.pdf&ei=CP-kU9W4F9aeyASovILYBQ&usg=AFQjCNEsoJncDYjOOjH2JePelRihS3mYTw&bvm=bv.69411363,d.b2U" "Mozilla/5.0 (Windows NT 6.3; WOW64; rv:30.0) Gecko/20100101 Firefox/30.0"
157.55.39.217 - - [20/Jun/2014:09:53:47 -0400] "GET /PDF_Maps_files/Sawtell_Groton_Hills_%28printable%20PDF%29.pdf HTTP/1.1" 200 891271 "-" "Mozilla/5.0 (compatible; bingbot/2.0; +http://www.bing.com/bingbot.htm)"
108.20.129.59 - - [20/Jun/2014:10:12:08 -0400] "GET /Scripts/Widgets/Navbar/navbar.js HTTP/1.1" 200 5986 "http://www.grotontrails.org/Interactive_Maps.html" "Mozilla/5.0 (Windows NT 6.1; WOW64; Trident/7.0; rv:11.0) like Gecko"
180.76.5.77 - - [20/Jun/2014:05:38:06 -0400] "GET /Welcome.html HTTP/1.1" 200 12657 "-" "Mozilla/5.0 (compatible; Baiduspider/2.0; +http://www.baidu.com/search/spider.html)"
67.189.159.95 - - [20/Jun/2014:13:07:39 -0400] "GET /Scripts/iWebImage.js HTTP/1.1" 200 39662 "http://www.grotontrails.org/PDF_Maps.html" "Mozilla/5.0 (Macintosh; Intel Mac OS X 10_8_5) AppleWebKit/537.76.4 (KHTML, like Gecko) Version/6.1.4 Safari/537.76.4"
67.189.159.95 - - [20/Jun/2014:13:07:41 -0400] "GET /feed.xml HTTP/1.1" 200 2819 "http://www.grotontrails.org/PDF_Maps.html" "Mozilla/5.0 (Macintosh; Intel Mac OS X 10_8_5) AppleWebKit/537.76.4 (KHTML, like Gecko) Version/6.1.4 Safari/537.76.4"
67.189.159.95 - - [20/Jun/2014:13:07:41 -0400] "GET /PDF_Maps_files/Sawtell_Groton_Hills_%28printable%20PDF%29.png HTTP/1.1" 200 166630 "http://www.grotontrails.org/PDF_Maps.html" "Mozilla/5.0 (Macintosh; Intel Mac OS X 10_8_5) AppleWebKit/537.76.4 (KHTML, like Gecko) Version/6.1.4 Safari/537.76.4"
67.189.159.95 - - [20/Jun/2014:13:07:41 -0400] "GET /PDF_Maps_files/Groton%20Conservation%20Trust%20Guide%20to%20Properties.jpg HTTP/1.1" 200 39651 "http://www.grotontrails.org/PDF_Maps.html" "Mozilla/5.0 (Macintosh; Intel Mac OS X 10_8_5) AppleWebKit/537.76.4 (KHTML, like Gecko) Version/6.1.4 Safari/537.76.4"
67.189.159.95 - - [20/Jun/2014:13:07:41 -0400] "GET /PDF_Maps_files/stroke_5.png HTTP/1.1" 200 87 "http://www.grotontrails.org/PDF_Maps.html" "Mozilla/5.0 (Macintosh; Intel Mac OS X 10_8_5) AppleWebKit/537.76.4 (KHTML, like Gecko) Version/6.1.4 Safari/537.76.4"
147.164.104.210 - - [20/Jun/2014:13:32:30 -0400] "GET /PDF_Maps_files/PDF_Maps.css HTTP/1.1" 200 6398 "http://www.grotontrails.org/PDF_Maps.html" "Mozilla/5.0 (Windows NT 6.1; WOW64; Trident/7.0; rv:11.0) like Gecko"
147.164.104.210 - - [20/Jun/2014:13:32:30 -0400] "GET /PDF_Maps_files/PDF_MapsIE.css HTTP/1.1" 200 492 "http://www.grotontrails.org/PDF_Maps.html" "Mozilla/5.0 (Windows NT 6.1; WOW64; Trident/7.0; rv:11.0) like Gecko"
147.164.104.210 - - [20/Jun/2014:13:32:30 -0400] "GET /PDF_Maps_files/GTN.jpg HTTP/1.1" 200 3734 "http://www.grotontrails.org/PDF_Maps.html" "Mozilla/5.0 (Windows NT 6.1; WOW64; Trident/7.0; rv:11.0) like Gecko"
147.164.104.210 - - [20/Jun/2014:13:32:30 -0400] "GET /PDF_Maps_files/FacebookButton.png HTTP/1.1" 200 980 "http://www.grotontrails.org/PDF_Maps.html" "Mozilla/5.0 (Windows NT 6.1; WOW64; Trident/7.0; rv:11.0) like Gecko"
147.164.104.210 - - [20/Jun/2014:13:32:30 -0400] "GET /PDF_Maps_files/Fitch_Woods_%28printable%20PDF%29.png HTTP/1.1" 200 162945 "http://www.grotontrails.org/PDF_Maps.html" "Mozilla/5.0 (Windows NT 6.1; WOW64; Trident/7.0; rv:11.0) like Gecko"
147.164.104.210 - - [20/Jun/2014:13:32:32 -0400] "GET /PDF_Maps_files/Williams_Sorhaug_%28printable%20PDF%29.jpg HTTP/1.1" 200 51162 "http://www.grotontrails.org/PDF_Maps.html" "Mozilla/5.0 (Windows NT 6.1; WOW64; Trident/7.0; rv:11.0) like Gecko"
157.55.39.221 - - [20/Jun/2014:17:32:04 -0400] "GET /PDF_Maps.html HTTP/1.1" 200 21314 "-" "Mozilla/5.0 (compatible; bingbot/2.0; +http://www.bing.com/bingbot.htm)"
68.187.222.26 - - [20/Jun/2014:19:21:58 -0400] "GET /Scripts/iWebImage.js HTTP/1.1" 200 39662 "http://www.grotontrails.org/PDF_Maps.html" "Mozilla/5.0 (iPad; CPU OS 7_1_1 like Mac OS X) AppleWebKit/537.51.2 (KHTML, like Gecko) Version/7.0 Mobile/11D201 Safari/9537.53"
68.187.222.26 - - [20/Jun/2014:19:21:59 -0400] "GET /PDF_Maps_files/GTN.jpg HTTP/1.1" 200 3734 "http://www.grotontrails.org/PDF_Maps.html" "Mozilla/5.0 (iPad; CPU OS 7_1_1 like Mac OS X) AppleWebKit/537.51.2 (KHTML, like Gecko) Version/7.0 Mobile/11D201 Safari/9537.53"
68.187.222.26 - - [20/Jun/2014:19:21:59 -0400] "GET /PDF_Maps_files/stroke_3.png HTTP/1.1" 200 87 "http://www.grotontrails.org/PDF_Maps.html" "Mozilla/5.0 (iPad; CPU OS 7_1_1 like Mac OS X) AppleWebKit/537.51.2 (KHTML, like Gecko) Version/7.0 Mobile/11D201 Safari/9537.53"
98.110.200.120 - - [20/Jun/2014:23:47:37 -0400] "GET / HTTP/1.1" 200 309 "http://www.google.com/url?sa=t&rct=j&q=&esrc=s&source=web&cd=1&cad=rja&uact=8&sqi=2&ved=0CB0QFjAA&url=http%3A%2F%2Fwww.grotontrails.org%2F&ei=SwClU5TjN8WbqAagxYKADw&usg=AFQjCNHHYnOAE0zAPPYzCj6KGB9ydVqLQQ&bvm=bv.69411363,d.b2k" "Mozilla/5.0 (Windows NT 5.1; rv:29.0) Gecko/20100101 Firefox/29.0"
98.110.200.120 - - [20/Jun/2014:23:47:37 -0400] "GET /Welcome.html HTTP/1.1" 200 12657 "-" "Mozilla/5.0 (Windows NT 5.1; rv:29.0) Gecko/20100101 Firefox/29.0"
98.110.200.120 - - [20/Jun/2014:23:47:37 -0400] "GET /Welcome_files/Welcome.css HTTP/1.1" 200 5718 "http://www.grotontrails.org/Welcome.html" "Mozilla/5.0 (Windows NT 5.1; rv:29.0) Gecko/20100101 Firefox/29.0"
98.110.200.120 - - [20/Jun/2014:23:47:37 -0400] "GET /Welcome_files/GTN.jpg HTTP/1.1" 200 3734 "http://www.grotontrails.org/Welcome.html" "Mozilla/5.0 (Windows NT 5.1; rv:29.0) Gecko/20100101 Firefox/29.0"
98.110.200.120 - - [20/Jun/2014:23:47:37 -0400] "GET /Welcome_files/navbar.js HTTP/1.1" 404 575 "http://www.grotontrails.org/Welcome.html" "Mozilla/5.0 (Windows NT 5.1; rv:29.0) Gecko/20100101 Firefox/29.0"
98.110.200.120 - - [20/Jun/2014:23:47:37 -0400] "GET /Welcome_files/iWebImage.js HTTP/1.1" 404 575 "http://www.grotontrails.org/Welcome.html" "Mozilla/5.0 (Windows NT 5.1; rv:29.0) Gecko/20100101 Firefox/29.0"
93.65.5.23 - - [20/Jun/2014:08:32:32 -0400] "GET /Welcome_files/navbar.js HTTP/1.1" 404 575 "http://grotontrails.org/Welcome.html" "Mozilla/5.0 (Windows NT 6.1; WOW64) AppleWebKit/537.36 (KHTML, like Gecko) Chrome/32.0.1700.107 Safari/537.36"
162.243.243.151 - - [20/Jun/2014:11:57:38 -0400] "GET / HTTP/1.1" 200 309 "-" "Comodo-Webinspector-Crawler 2.2.1, http://www.comodorobot.com"
66.249.83.42 - - [20/Jun/2014:22:31:27 -0400] "GET /digital_maps/icon_shared_styles.kml HTTP/1.1" 200 9111 "-" "Kml-Google; (+http://code.google.com/apis/kml), gzip"
66.249.83.42 - - [20/Jun/2014:22:31:27 -0400] "GET /digital_maps/map_icons/info_circle.png HTTP/1.1" 200 1971 "-" "Kml-Google; (+http://code.google.com/apis/kml), gzip"
150.70.173.58 - - [20/Jun/2014:08:00:29 -0400] "GET / HTTP/1.1" 200 309 "-" "Mozilla/4.0 (compatible; MSIE 8.0; Windows NT 5.1; Trident/4.0)"
174.252.49.50 - - [20/Jun/2014:08:33:31 -0400] "GET /Scripts/iWebImage.js HTTP/1.1" 200 39662 "http://www.grotontrails.org/PDF_Maps.html" "Mozilla/5.0 (iPhone; CPU iPhone OS 5_1_1 like Mac OS X) AppleWebKit/534.46 (KHTML, like Gecko) Version/5.1 Mobile/9B206 Safari/7534.48.3"
67.189.159.95 - - [20/Jun/2014:13:07:28 -0400] "GET /Welcome_files/WidgetCommon.js HTTP/1.1" 404 575 "http://grotontrails.org/Welcome.html" "Mozilla/5.0 (Macintosh; Intel Mac OS X 10_8_5) AppleWebKit/537.76.4 (KHTML, like Gecko) Version/6.1.4 Safari/537.76.4"
67.189.159.95 - - [20/Jun/2014:13:07:28 -0400] "GET /Welcome_files/shapeimage_2.png HTTP/1.1" 200 117078 "http://grotontrails.org/Welcome.html" "Mozilla/5.0 (Macintosh; Intel Mac OS X 10_8_5) AppleWebKit/537.76.4 (KHTML, like Gecko) Version/6.1.4 Safari/537.76.4"
65.120.119.18 - - [20/Jun/2014:15:04:04 -0400] "GET /Scripts/iWebSite.js HTTP/1.1" 200 146115 "http://www.grotontrails.org/PDF_Maps.html" "Mozilla/5.0 (X11; Ubuntu; Linux x86_64; rv:17.0) Gecko/20100101 Firefox/17.0"
65.120.119.18 - - [20/Jun/2014:15:04:05 -0400] "GET /PDF_Maps_files/Throne_Hill_%28printable%20PDF%29.png HTTP/1.1" 200 175204 "http://www.grotontrails.org/PDF_Maps.html" "Mozilla/5.0 (X11; Ubuntu; Linux x86_64; rv:17.0) Gecko/20100101 Firefox/17.0"
65.120.119.18 - - [20/Jun/2014:15:04:05 -0400] "GET /PDF_Maps_files/PDF_MapsMoz.css HTTP/1.1" 200 128 "http://www.grotontrails.org/PDF_Maps.html" "Mozilla/5.0 (X11; Ubuntu; Linux x86_64; rv:17.0) Gecko/20100101 Firefox/17.0"
65.120.119.18 - - [20/Jun/2014:15:04:05 -0400] "GET /PDF_Maps_files/stroke.png HTTP/1.1" 200 248 "http://www.grotontrails.org/PDF_Maps.html" "Mozilla/5.0 (X11; Ubuntu; Linux x86_64; rv:17.0) Gecko/20100101 Firefox/17.0"
65.120.119.18 - - [20/Jun/2014:15:04:05 -0400] "GET /PDF_Maps_files/stroke_7.png HTTP/1.1" 200 86 "http://www.grotontrails.org/PDF_Maps.html" "Mozilla/5.0 (X11; Ubuntu; Linux x86_64; rv:17.0) Gecko/20100101 Firefox/17.0"
65.120.119.18 - - [20/Jun/2014:15:04:25 -0400] "GET /Interactive_Maps.html HTTP/1.1" 200 13033 "http://www.grotontrails.org/Welcome.html" "Mozilla/5.0 (X11; Ubuntu; Linux x86_64; rv:17.0) Gecko/20100101 Firefox/17.0"
68.187.222.26 - - [20/Jun/2014:19:21:59 -0400] "GET /feed.xml HTTP/1.1" 200 2819 "http://www.grotontrails.org/PDF_Maps.html" "Mozilla/5.0 (iPad; CPU OS 7_1_1 like Mac OS X) AppleWebKit/537.51.2 (KHTML, like Gecko) Version/7.0 Mobile/11D201 Safari/9537.53"
178.255.215.71 - - [20/Jun/2014:19:29:48 -0400] "GET /robots.txt HTTP/1.1" 404 575 "-" "Mozilla/5.0 (compatible; Exabot/3.0; +http://www.exabot.com/go/robot)"
98.110.200.120 - - [20/Jun/2014:23:48:33 -0400] "GET /Welcome_files/iWebSite.js HTTP/1.1" 404 575 "http://www.grotontrails.org/Welcome.html" "Mozilla/5.0 (Windows NT 5.1; rv:29.0) Gecko/20100101 Firefox/29.0"
98.110.200.120 - - [20/Jun/2014:23:48:34 -0400] "GET /Welcome_files/iWebImage.js HTTP/1.1" 404 575 "http://www.grotontrails.org/Welcome.html" "Mozilla/5.0 (Windows NT 5.1; rv:29.0) Gecko/20100101 Firefox/29.0"
157.55.39.242 - - [20/Jun/2014:08:57:30 -0400] "GET /PDF_Maps_files/Williams_Sorhaug_%28printable%20PDF%29.pdf HTTP/1.1" 200 193063 "-" "Mozilla/5.0 (compatible; bingbot/2.0; +http://www.bing.com/bingbot.htm)"
108.20.129.59 - - [20/Jun/2014:10:11:44 -0400] "GET /Welcome_files/navbar.js HTTP/1.1" 404 575 "http://grotontrails.org/Welcome.html" "Mozilla/5.0 (Windows NT 6.1; WOW64; Trident/7.0; rv:11.0) like Gecko"
157.55.39.220 - - [20/Jun/2014:04:06:48 -0400] "GET / HTTP/1.1" 200 309 "-" "Mozilla/5.0 (compatible; bingbot/2.0; +http://www.bing.com/bingbot.htm)"
147.164.104.210 - - [20/Jun/2014:13:32:31 -0400] "GET /PDF_Maps_files/LongleyI-II_Rich_%28printable%20PDF%29.jpg HTTP/1.1" 200 50492 "http://www.grotontrails.org/PDF_Maps.html" "Mozilla/5.0 (Windows NT 6.1; WOW64; Trident/7.0; rv:11.0) like Gecko"
147.164.104.210 - - [20/Jun/2014:13:32:31 -0400] "GET /PDF_Maps_files/Town_Forest_%28printable%20PDF%29.jpg HTTP/1.1" 200 59810 "http://www.grotontrails.org/PDF_Maps.html" "Mozilla/5.0 (Windows NT 6.1; WOW64; Trident/7.0; rv:11.0) like Gecko"
98.110.200.120 - - [20/Jun/2014:23:48:10 -0400] "GET /Scripts/Widgets/SharedResources/WidgetCommon.js HTTP/1.1" 200 36124 "http://www.grotontrails.org/Quests.html" "Mozilla/5.0 (Windows NT 5.1; rv:29.0) Gecko/20100101 Firefox/29.0"
98.110.200.120 - - [20/Jun/2014:23:48:10 -0400] "GET /Quests_files/GTN.jpg HTTP/1.1" 200 3734 "http://www.grotontrails.org/Quests.html" "Mozilla/5.0 (Windows NT 5.1; rv:29.0) Gecko/20100101 Firefox/29.0"
98.110.200.120 - - [20/Jun/2014:23:48:10 -0400] "GET /feed.xml HTTP/1.1" 200 2819 "http://www.grotontrails.org/Quests.html" "Mozilla/5.0 (Windows NT 5.1; rv:29.0) Gecko/20100101 Firefox/29.0"
98.110.200.120 - - [20/Jun/2014:23:48:43 -0400] "GET /PDF_Maps_files/Duck_Pond_Painted_Post_%28printable%20PDF%29.png HTTP/1.1" 200 173965 "http://www.grotontrails.org/PDF_Maps.html" "Mozilla/5.0 (Windows NT 5.1; rv:29.0) Gecko/20100101 Firefox/29.0"
98.110.200.120 - - [20/Jun/2014:23:48:44 -0400] "GET /PDF_Maps_files/stroke_1.png HTTP/1.1" 200 86 "http://www.grotontrails.org/PDF_Maps.html" "Mozilla/5.0 (Windows NT 5.1; rv:29.0) Gecko/20100101 Firefox/29.0"
98.110.200.120 - - [20/Jun/2014:23:48:44 -0400] "GET /PDF_Maps_files/stroke_7.png HTTP/1.1" 200 86 "http://www.grotontrails.org/PDF_Maps.html" "Mozilla/5.0 (Windows NT 5.1; rv:29.0) Gecko/20100101 Firefox/29.0"
146.115.68.47 - - [20/Jun/2014:23:51:51 -0400] "GET /Welcome.html HTTP/1.1" 200 12657 "http://www.nashuariverwatershed.org/recreation/hiking-walking.html" "Mozilla/5.0 (Windows NT 6.3; WOW64; rv:30.0) Gecko/20100101 Firefox/30.0"
146.115.68.47 - - [20/Jun/2014:23:51:51 -0400] "GET /Welcome_files/iWebImage.js HTTP/1.1" 404 575 "http://www.grotontrails.org/Welcome.html" "Mozilla/5.0 (Windows NT 6.3; WOW64; rv:30.0) Gecko/20100101 Firefox/30.0"
146.115.68.47 - - [20/Jun/2014:23:51:51 -0400] "GET /Welcome_files/Welcome.js HTTP/1.1" 200 2478 "http://www.grotontrails.org/Welcome.html" "Mozilla/5.0 (Windows NT 6.3; WOW64; rv:30.0) Gecko/20100101 Firefox/30.0"
146.115.68.47 - - [20/Jun/2014:23:51:51 -0400] "GET /Welcome_files/shapeimage_3.png HTTP/1.1" 200 97654 "http://www.grotontrails.org/Welcome.html" "Mozilla/5.0 (Windows NT 6.3; WOW64; rv:30.0) Gecko/20100101 Firefox/30.0"
146.115.68.47 - - [20/Jun/2014:23:51:51 -0400] "GET /Welcome_files/shapeimage_1.png HTTP/1.1" 200 254766 "http://www.grotontrails.org/Welcome.html" "Mozilla/5.0 (Windows NT 6.3; WOW64; rv:30.0) Gecko/20100101 Firefox/30.0"
65.120.119.18 - - [20/Jun/2014:15:03:46 -0400] "GET /Welcome.html HTTP/1.1" 200 12657 "-" "Mozilla/5.0 (X11; Ubuntu; Linux x86_64; rv:17.0) Gecko/20100101 Firefox/17.0"
65.120.119.18 - - [20/Jun/2014:15:03:46 -0400] "GET /Welcome_files/Welcome.js HTTP/1.1" 200 2478 "http://www.grotontrails.org/Welcome.html" "Mozilla/5.0 (X11; Ubuntu; Linux x86_64; rv:17.0) Gecko/20100101 Firefox/17.0"
65.120.119.18 - - [20/Jun/2014:15:03:46 -0400] "GET /Welcome_files/GTN.jpg HTTP/1.1" 200 3734 "http://www.grotontrails.org/Welcome.html" "Mozilla/5.0 (X11; Ubuntu; Linux x86_64; rv:17.0) Gecko/20100101 Firefox/17.0"
98.110.200.120 - - [20/Jun/2014:23:48:42 -0400] "GET /PDF_Maps_files/Hawtree_%28printable%20PDF%29.png HTTP/1.1" 200 169502 "http://www.grotontrails.org/PDF_Maps.html" "Mozilla/5.0 (Windows NT 5.1; rv:29.0) Gecko/20100101 Firefox/29.0"
98.110.200.120 - - [20/Jun/2014:23:48:44 -0400] "GET /PDF_Maps_files/stroke_2.png HTTP/1.1" 200 147 "http://www.grotontrails.org/PDF_Maps.html" "Mozilla/5.0 (Windows NT 5.1; rv:29.0) Gecko/20100101 Firefox/29.0"
147.164.104.210 - - [20/Jun/2014:13:32:16 -0400] "GET /Welcome_files/Welcome.css HTTP/1.1" 200 5718 "http://grotontrails.org/Welcome.html" "Mozilla/5.0 (Windows NT 6.1; WOW64; Trident/7.0; rv:11.0) like Gecko"
147.164.104.210 - - [20/Jun/2014:13:32:16 -0400] "GET /Welcome_files/WelcomeIE.css HTTP/1.1" 200 492 "http://grotontrails.org/Welcome.html" "Mozilla/5.0 (Windows NT 6.1; WOW64; Trident/7.0; rv:11.0) like Gecko"
147.164.104.210 - - [20/Jun/2014:13:32:16 -0400] "GET /Welcome_files/GTN.jpg HTTP/1.1" 200 3734 "http://grotontrails.org/Welcome.html" "Mozilla/5.0 (Windows NT 6.1; WOW64; Trident/7.0; rv:11.0) like Gecko"
147.164.104.210 - - [20/Jun/2014:13:32:16 -0400] "GET /Welcome_files/shapeimage_1.png HTTP/1.1" 200 254766 "http://grotontrails.org/Welcome.html" "Mozilla/5.0 (Windows NT 6.1; WOW64; Trident/7.0; rv:11.0) like Gecko"
65.120.119.18 - - [20/Jun/2014:14:50:19 -0400] "GET /PDF_Maps.html HTTP/1.1" 200 21314 "http://www.grotontrails.org/Welcome.html" "Mozilla/5.0 (X11; Ubuntu; Linux x86_64; rv:30.0) Gecko/20100101 Firefox/30.0"
65.120.119.18 - - [20/Jun/2014:14:50:19 -0400] "GET /PDF_Maps_files/PDF_Maps.css HTTP/1.1" 200 6398 "http://www.grotontrails.org/PDF_Maps.html" "Mozilla/5.0 (X11; Ubuntu; Linux x86_64; rv:30.0) Gecko/20100101 Firefox/30.0"
65.120.119.18 - - [20/Jun/2014:14:50:19 -0400] "GET /Scripts/iWebSite.js HTTP/1.1" 200 146115 "http://www.grotontrails.org/PDF_Maps.html" "Mozilla/5.0 (X11; Ubuntu; Linux x86_64; rv:30.0) Gecko/20100101 Firefox/30.0"
65.120.119.18 - - [20/Jun/2014:14:50:19 -0400] "GET /PDF_Maps_files/LongleyI-II_Rich_%28printable%20PDF%29.jpg HTTP/1.1" 200 50492 "http://www.grotontrails.org/PDF_Maps.html" "Mozilla/5.0 (X11; Ubuntu; Linux x86_64; rv:30.0) Gecko/20100101 Firefox/30.0"
65.120.119.18 - - [20/Jun/2014:14:50:19 -0400] "GET /PDF_Maps_files/Duck_Pond_Painted_Post_%28printable%20PDF%29.png HTTP/1.1" 200 173965 "http://www.grotontrails.org/PDF_Maps.html" "Mozilla/5.0 (X11; Ubuntu; Linux x86_64; rv:30.0) Gecko/20100101 Firefox/30.0"
65.120.119.18 - - [20/Jun/2014:14:50:21 -0400] "GET /PDF_Maps_files/stroke_1.png HTTP/1.1" 200 86 "http://www.grotontrails.org/PDF_Maps.html" "Mozilla/5.0 (X11; Ubuntu; Linux x86_64; rv:30.0) Gecko/20100101 Firefox/30.0"
65.120.119.18 - - [20/Jun/2014:14:50:21 -0400] "GET /PDF_Maps_files/stroke_5.png HTTP/1.1" 200 87 "http://www.grotontrails.org/PDF_Maps.html" "Mozilla/5.0 (X11; Ubuntu; Linux x86_64; rv:30.0) Gecko/20100101 Firefox/30.0"
65.120.119.18 - - [20/Jun/2014:14:50:21 -0400] "GET /PDF_Maps_files/stroke_7.png HTTP/1.1" 200 86 "http://www.grotontrails.org/PDF_Maps.html" "Mozilla/5.0 (X11; Ubuntu; Linux x86_64; rv:30.0) Gecko/20100101 Firefox/30.0"
70.192.35.104 - - [20/Jun/2014:16:53:49 -0400] "GET /Welcome_files/Welcome.js HTTP/1.1" 200 2478 "http://grotontrails.org/Welcome.html" "Mozilla/5.0 (iPhone; CPU iPhone OS 7_1_1 like Mac OS X) AppleWebKit/537.51.2 (KHTML, like Gecko) Version/7.0 Mobile/11D201 Safari/9537.53"
70.192.35.104 - - [20/Jun/2014:16:53:49 -0400] "GET /Welcome_files/GTN.jpg HTTP/1.1" 200 3734 "http://grotontrails.org/Welcome.html" "Mozilla/5.0 (iPhone; CPU iPhone OS 7_1_1 like Mac OS X) AppleWebKit/537.51.2 (KHTML, like Gecko) Version/7.0 Mobile/11D201 Safari/9537.53"
98.110.200.120 - - [20/Jun/2014:23:47:36 -0400] "GET /Welcome_files/navbar.js HTTP/1.1" 404 575 "http://www.grotontrails.org/Welcome.html" "Mozilla/5.0 (Windows NT 5.1; rv:29.0) Gecko/20100101 Firefox/29.0"
98.110.200.120 - - [20/Jun/2014:23:47:36 -0400] "GET /Welcome_files/shapeimage_2.png HTTP/1.1" 200 117078 "http://www.grotontrails.org/Welcome.html" "Mozilla/5.0 (Windows NT 5.1; rv:29.0) Gecko/20100101 Firefox/29.0"
98.110.200.120 - - [20/Jun/2014:23:48:23 -0400] "GET /Calendar_files/Calendar.js HTTP/1.1" 200 551 "http://www.grotontrails.org/Calendar.html" "Mozilla/5.0 (Windows NT 5.1; rv:29.0) Gecko/20100101 Firefox/29.0"
66.96.183.15 - - [20/Jun/2014:02:20:02 -0400] "HEAD /Maps_files/Duck_Pond_Painted_Post_%28printable%20PDF%29.png HTTP/1.1" 200 - "-" "-"
68.189.241.210 - - [20/Jun/2014:13:03:04 -0400] "GET /favicon.ico HTTP/1.1" 404 575 "-" "Mozilla/5.0 (Windows NT 6.1; Win64; x64; Trident/7.0; rv:11.0) like Gecko"
68.189.241.210 - - [20/Jun/2014:13:03:06 -0400] "GET /favicon.ico HTTP/1.1" 404 575 "-" "Mozilla/5.0 (Windows NT 6.1; Win64; x64; Trident/7.0; rv:11.0) like Gecko"
67.189.159.95 - - [20/Jun/2014:13:07:23 -0400] "GET /Welcome_files/Welcome.css HTTP/1.1" 200 5718 "http://grotontrails.org/Welcome.html" "Mozilla/5.0 (Macintosh; Intel Mac OS X 10_8_5) AppleWebKit/537.76.4 (KHTML, like Gecko) Version/6.1.4 Safari/537.76.4"
67.189.159.95 - - [20/Jun/2014:13:07:37 -0400] "GET /favicon.ico HTTP/1.1" 404 575 "http://www.grotontrails.org/PDF_Maps.html" "Mozilla/5.0 (Macintosh; Intel Mac OS X 10_8_5) AppleWebKit/537.76.4 (KHTML, like Gecko) Version/6.1.4 Safari/537.76.4"
65.120.119.18 - - [20/Jun/2014:14:49:52 -0400] "GET /Welcome_files/Welcome.css HTTP/1.1" 200 5718 "http://www.grotontrails.org/Welcome.html" "Mozilla/5.0 (X11; Ubuntu; Linux x86_64; rv:30.0) Gecko/20100101 Firefox/30.0"
65.120.119.18 - - [20/Jun/2014:14:49:52 -0400] "GET /Welcome_files/FacebookButton.png HTTP/1.1" 200 883 "http://www.grotontrails.org/Welcome.html" "Mozilla/5.0 (X11; Ubuntu; Linux x86_64; rv:30.0) Gecko/20100101 Firefox/30.0"
70.192.35.104 - - [20/Jun/2014:16:53:45 -0400] "GET /Welcome_files/WidgetCommon.js HTTP/1.1" 404 575 "http://grotontrails.org/Welcome.html" "Mozilla/5.0 (iPhone; CPU iPhone OS 7_1_1 like Mac OS X) AppleWebKit/537.51.2 (KHTML, like Gecko) Version/7.0 Mobile/11D201 Safari/9537.53"
70.192.35.104 - - [20/Jun/2014:16:53:45 -0400] "GET /Welcome_files/shapeimage_1.png HTTP/1.1" 200 254766 "http://grotontrails.org/Welcome.html" "Mozilla/5.0 (iPhone; CPU iPhone OS 7_1_1 like Mac OS X) AppleWebKit/537.51.2 (KHTML, like Gecko) Version/7.0 Mobile/11D201 Safari/9537.53"
178.255.215.71 - - [20/Jun/2014:20:01:23 -0400] "GET /Welcome.html HTTP/1.1" 304 - "-" "Mozilla/5.0 (compatible; Exabot/3.0; +http://www.exabot.com/go/robot)"
174.236.34.225 - - [20/Jun/2014:21:18:58 -0400] "GET /Welcome_files/iWebImage.js HTTP/1.1" 404 575 "http://www.grotontrails.org/Welcome.html" "Mozilla/5.0 (iPhone; CPU iPhone OS 7_1_1 like Mac OS X) AppleWebKit/537.51.2 (KHTML, like Gecko) Version/7.0 Mobile/11D201 Safari/9537.53"
174.236.34.225 - - [20/Jun/2014:21:18:58 -0400] "GET /Welcome_files/WidgetCommon.js HTTP/1.1" 404 575 "http://www.grotontrails.org/Welcome.html" "Mozilla/5.0 (iPhone; CPU iPhone OS 7_1_1 like Mac OS X) AppleWebKit/537.51.2 (KHTML, like Gecko) Version/7.0 Mobile/11D201 Safari/9537.53"
174.236.34.225 - - [20/Jun/2014:21:18:59 -0400] "GET /Welcome_files/shapeimage_3.png HTTP/1.1" 200 97654 "http://www.grotontrails.org/Welcome.html" "Mozilla/5.0 (iPhone; CPU iPhone OS 7_1_1 like Mac OS X) AppleWebKit/537.51.2 (KHTML, like Gecko) Version/7.0 Mobile/11D201 Safari/9537.53"
174.236.34.225 - - [20/Jun/2014:21:18:59 -0400] "GET /Welcome_files/shapeimage_1.png HTTP/1.1" 200 254766 "http://www.grotontrails.org/Welcome.html" "Mozilla/5.0 (iPhone; CPU iPhone OS 7_1_1 like Mac OS X) AppleWebKit/537.51.2 (KHTML, like Gecko) Version/7.0 Mobile/11D201 Safari/9537.53"
108.20.129.59 - - [20/Jun/2014:10:12:06 -0400] "GET /Interactive_Maps_files/Interactive_Maps.css HTTP/1.1" 200 5769 "http://www.grotontrails.org/Interactive_Maps.html" "Mozilla/5.0 (Windows NT 6.1; WOW64; Trident/7.0; rv:11.0) like Gecko"
108.20.129.59 - - [20/Jun/2014:10:12:07 -0400] "GET /Scripts/iWebSite.js HTTP/1.1" 200 146115 "http://www.grotontrails.org/Interactive_Maps.html" "Mozilla/5.0 (Windows NT 6.1; WOW64; Trident/7.0; rv:11.0) like Gecko"
157.55.39.220 - - [20/Jun/2014:04:06:43 -0400] "GET /robots.txt HTTP/1.1" 404 575 "-" "Mozilla/5.0 (compatible; bingbot/2.0; +http://www.bing.com/bingbot.htm)"
70.192.35.104 - - [20/Jun/2014:16:53:49 -0400] "GET /Welcome_files/iWebImage.js HTTP/1.1" 404 575 "http://grotontrails.org/Welcome.html" "Mozilla/5.0 (iPhone; CPU iPhone OS 7_1_1 like Mac OS X) AppleWebKit/537.51.2 (KHTML, like Gecko) Version/7.0 Mobile/11D201 Safari/9537.53"
70.192.35.104 - - [20/Jun/2014:16:53:49 -0400] "GET /Welcome_files/shapeimage_3.png HTTP/1.1" 200 97654 "http://grotontrails.org/Welcome.html" "Mozilla/5.0 (iPhone; CPU iPhone OS 7_1_1 like Mac OS X) AppleWebKit/537.51.2 (KHTML, like Gecko) Version/7.0 Mobile/11D201 Safari/9537.53"
68.184.18.132 - - [20/Jun/2014:20:04:15 -0400] "GET /PDF_Maps_files/Groton%20Conservation%20Trust%20Guide%20to%20Properties.pdf HTTP/1.1" 200 2799438 "https://www.google.com/" "Mozilla/5.0 (iPhone; CPU iPhone OS 7_1_1 like Mac OS X) AppleWebKit/537.51.2 (KHTML, like Gecko) Version/7.0 Mobile/11D201 Safari/9537.53"
100.0.182.216 - - [20/Jun/2014:22:30:08 -0400] "GET /Welcome_files/iWebSite.js HTTP/1.1" 404 575 "http://www.grotontrails.org/Welcome.html" "Mozilla/5.0 (Windows NT 6.2; WOW64) AppleWebKit/537.36 (KHTML, like Gecko) Chrome/35.0.1916.153 Safari/537.36"
100.0.182.216 - - [20/Jun/2014:22:30:09 -0400] "GET /Interactive_Maps.html HTTP/1.1" 200 13033 "http://www.grotontrails.org/Welcome.html" "Mozilla/5.0 (Windows NT 6.2; WOW64) AppleWebKit/537.36 (KHTML, like Gecko) Chrome/35.0.1916.153 Safari/537.36"
100.0.182.216 - - [20/Jun/2014:22:30:09 -0400] "GET /Interactive_Maps_files/GTN.jpg HTTP/1.1" 200 3734 "http://www.grotontrails.org/Interactive_Maps.html" "Mozilla/5.0 (Windows NT 6.2; WOW64) AppleWebKit/537.36 (KHTML, like Gecko) Chrome/35.0.1916.153 Safari/537.36"
24.91.84.245 - - [20/Jun/2014:23:22:34 -0400] "GET / HTTP/1.1" 200 309 "https://www.google.com/" "Mozilla/5.0 (Windows NT 6.1; WOW64) AppleWebKit/537.36 (KHTML, like Gecko) Chrome/35.0.1916.153 Safari/537.36"
24.91.84.245 - - [20/Jun/2014:23:22:34 -0400] "GET /Welcome.html HTTP/1.1" 200 12657 "http://www.grotontrails.org/" "Mozilla/5.0 (Windows NT 6.1; WOW64) AppleWebKit/537.36 (KHTML, like Gecko) Chrome/35.0.1916.153 Safari/537.36"
24.91.84.245 - - [20/Jun/2014:23:22:35 -0400] "GET /Welcome_files/Welcome.css HTTP/1.1" 200 5718 "http://www.grotontrails.org/Welcome.html" "Mozilla/5.0 (Windows NT 6.1; WOW64) AppleWebKit/537.36 (KHTML, like Gecko) Chrome/35.0.1916.153 Safari/537.36"
24.91.84.245 - - [20/Jun/2014:23:22:35 -0400] "GET /Welcome_files/FacebookButton.png HTTP/1.1" 200 883 "http://www.grotontrails.org/Welcome.html" "Mozilla/5.0 (Windows NT 6.1; WOW64) AppleWebKit/537.36 (KHTML, like Gecko) Chrome/35.0.1916.153 Safari/537.36"
93.65.5.23 - - [20/Jun/2014:08:32:37 -0400] "GET /Welcome_files/Welcome.css HTTP/1.1" 200 5718 "http://grotontrails.org/Welcome.html" "Mozilla/5.0 (Windows NT 6.1; WOW64) AppleWebKit/537.36 (KHTML, like Gecko) Chrome/32.0.1700.107 Safari/537.36"
93.65.5.23 - - [20/Jun/2014:08:32:37 -0400] "GET /Welcome_files/FacebookButton.png HTTP/1.1" 200 883 "http://grotontrails.org/Welcome.html" "Mozilla/5.0 (Windows NT 6.1; WOW64) AppleWebKit/537.36 (KHTML, like Gecko) Chrome/32.0.1700.107 Safari/537.36"
108.20.129.59 - - [20/Jun/2014:10:12:08 -0400] "GET /favicon.ico HTTP/1.1" 404 575 "-" "Mozilla/5.0 (Windows NT 6.1; Win64; x64; Trident/7.0; rv:11.0) like Gecko"
208.115.113.93 - - [20/Jun/2014:11:40:45 -0400] "GET /robots.txt HTTP/1.1" 404 575 "-" "Mozilla/5.0 (compatible; DotBot/1.1; http://www.opensiteexplorer.org/dotbot, help@moz.com)"
205.237.88.143 - - [20/Jun/2014:05:32:15 -0400] "GET /Welcome.html HTTP/1.0" 200 12657 "-" "=Mozilla/5.0 (Windows; U; Windows NT 6.1; en-US) AppleWebKit/534.16 (KHTML, like Gecko) Chrome/10.0.648.204 Safari/534.16"
65.120.119.18 - - [20/Jun/2014:15:03:46 -0400] "GET /Welcome_files/WidgetCommon.js HTTP/1.1" 404 575 "http://www.grotontrails.org/Welcome.html" "Mozilla/5.0 (X11; Ubuntu; Linux x86_64; rv:17.0) Gecko/20100101 Firefox/17.0"
65.120.119.18 - - [20/Jun/2014:15:03:46 -0400] "GET /Welcome_files/navbar.js HTTP/1.1" 404 575 "http://www.grotontrails.org/Welcome.html" "Mozilla/5.0 (X11; Ubuntu; Linux x86_64; rv:17.0) Gecko/20100101 Firefox/17.0"
65.120.119.18 - - [20/Jun/2014:15:03:47 -0400] "GET /Welcome_files/shapeimage_3.png HTTP/1.1" 200 97654 "http://www.grotontrails.org/Welcome.html" "Mozilla/5.0 (X11; Ubuntu; Linux x86_64; rv:17.0) Gecko/20100101 Firefox/17.0"
65.120.119.18 - - [20/Jun/2014:15:03:47 -0400] "GET /Welcome_files/shapeimage_2.png HTTP/1.1" 200 117078 "http://www.grotontrails.org/Welcome.html" "Mozilla/5.0 (X11; Ubuntu; Linux x86_64; rv:17.0) Gecko/20100101 Firefox/17.0"
198.27.67.63 - - [20/Jun/2014:16:44:52 -0400] "GET /robots.txt HTTP/1.1" 404 575 "-" "Mozilla/5.0 (compatible; meanpathbot/1.0; +http://www.meanpath.com/meanpathbot.html)"
198.27.67.63 - - [20/Jun/2014:16:44:52 -0400] "GET / HTTP/1.1" 200 309 "-" "Mozilla/5.0 (compatible; meanpathbot/1.0; +http://www.meanpath.com/meanpathbot.html)"
68.189.241.210 - - [20/Jun/2014:13:03:08 -0400] "GET /Welcome_files/iWebImage.js HTTP/1.1" 404 575 "http://www.grotontrails.org/Welcome.html" "Mozilla/5.0 (Windows NT 6.1; WOW64; Trident/7.0; rv:11.0) like Gecko"
68.189.241.210 - - [20/Jun/2014:13:03:18 -0400] "GET /Interactive_Maps_files/Interactive_Maps.js HTTP/1.1" 200 1213 "http://www.grotontrails.org/Interactive_Maps.html" "Mozilla/5.0 (Windows NT 6.1; WOW64; Trident/7.0; rv:11.0) like Gecko"
68.189.241.210 - - [20/Jun/2014:13:03:18 -0400] "GET /feed.xml HTTP/1.1" 200 2819 "http://www.grotontrails.org/Interactive_Maps.html" "Mozilla/5.0 (Windows NT 6.1; WOW64; Trident/7.0; rv:11.0) like Gecko"
147.164.104.210 - - [20/Jun/2014:13:32:18 -0400] "GET /Welcome_files/WidgetCommon.js HTTP/1.1" 404 575 "http://grotontrails.org/Welcome.html" "Mozilla/5.0 (Windows NT 6.1; WOW64; Trident/7.0; rv:11.0) like Gecko"
147.164.104.210 - - [20/Jun/2014:13:32:33 -0400] "GET /Scripts/iWebImage.js HTTP/1.1" 200 39662 "http://www.grotontrails.org/PDF_Maps.html" "Mozilla/5.0 (Windows NT 6.1; WOW64; Trident/7.0; rv:11.0) like Gecko"
147.164.104.210 - - [20/Jun/2014:13:32:34 -0400] "GET /feed.xml HTTP/1.1" 200 2819 "http://www.grotontrails.org/PDF_Maps.html" "Mozilla/5.0 (Windows NT 6.1; WOW64; Trident/7.0; rv:11.0) like Gecko"
147.164.104.210 - - [20/Jun/2014:13:32:34 -0400] "GET /PDF_Maps_files/Duck_Pond_Painted_Post_(printable%20PDF).png HTTP/1.1" 200 173965 "-" "Mozilla/5.0 (Windows NT 6.1; WOW64; Trident/7.0; rv:11.0) like Gecko"
147.164.104.210 - - [20/Jun/2014:13:32:35 -0400] "GET /PDF_Maps_files/Fitch_Woods_(printable%20PDF).png HTTP/1.1" 200 162945 "-" "Mozilla/5.0 (Windows NT 6.1; WOW64; Trident/7.0; rv:11.0) like Gecko"
147.164.104.210 - - [20/Jun/2014:13:32:37 -0400] "GET /PDF_Maps_files/Hawtree_(printable%20PDF).png HTTP/1.1" 200 169502 "-" "Mozilla/5.0 (Windows NT 6.1; WOW64; Trident/7.0; rv:11.0) like Gecko"
147.164.104.210 - - [20/Jun/2014:13:32:39 -0400] "GET /PDF_Maps_files/Sawtell_Groton_Hills_(printable%20PDF).png HTTP/1.1" 200 166630 "-" "Mozilla/5.0 (Windows NT 6.1; WOW64; Trident/7.0; rv:11.0) like Gecko"
147.164.104.210 - - [20/Jun/2014:13:32:40 -0400] "GET /PDF_Maps_files/Throne_Hill_(printable%20PDF).png HTTP/1.1" 200 175204 "-" "Mozilla/5.0 (Windows NT 6.1; WOW64; Trident/7.0; rv:11.0) like Gecko"
147.164.104.210 - - [20/Jun/2014:13:32:42 -0400] "GET /PDF_Maps_files/stroke.png HTTP/1.1" 200 248 "-" "Mozilla/5.0 (Windows NT 6.1; WOW64; Trident/7.0; rv:11.0) like Gecko"
147.164.104.210 - - [20/Jun/2014:13:32:42 -0400] "GET /PDF_Maps_files/stroke_1.png HTTP/1.1" 200 86 "-" "Mozilla/5.0 (Windows NT 6.1; WOW64; Trident/7.0; rv:11.0) like Gecko"
147.164.104.210 - - [20/Jun/2014:13:32:42 -0400] "GET /PDF_Maps_files/stroke_2.png HTTP/1.1" 200 147 "-" "Mozilla/5.0 (Windows NT 6.1; WOW64; Trident/7.0; rv:11.0) like Gecko"
147.164.104.210 - - [20/Jun/2014:13:32:42 -0400] "GET /PDF_Maps_files/stroke_3.png HTTP/1.1" 200 87 "-" "Mozilla/5.0 (Windows NT 6.1; WOW64; Trident/7.0; rv:11.0) like Gecko"
147.164.104.210 - - [20/Jun/2014:13:32:42 -0400] "GET /PDF_Maps_files/stroke_4.png HTTP/1.1" 200 223 "-" "Mozilla/5.0 (Windows NT 6.1; WOW64; Trident/7.0; rv:11.0) like Gecko"
147.164.104.210 - - [20/Jun/2014:13:32:42 -0400] "GET /PDF_Maps_files/stroke_5.png HTTP/1.1" 200 87 "-" "Mozilla/5.0 (Windows NT 6.1; WOW64; Trident/7.0; rv:11.0) like Gecko"
147.164.104.210 - - [20/Jun/2014:13:32:42 -0400] "GET /PDF_Maps_files/stroke_6.png HTTP/1.1" 200 147 "-" "Mozilla/5.0 (Windows NT 6.1; WOW64; Trident/7.0; rv:11.0) like Gecko"
147.164.104.210 - - [20/Jun/2014:13:32:42 -0400] "GET /PDF_Maps_files/stroke_7.png HTTP/1.1" 200 86 "-" "Mozilla/5.0 (Windows NT 6.1; WOW64; Trident/7.0; rv:11.0) like Gecko"
70.192.35.104 - - [20/Jun/2014:16:54:07 -0400] "GET /Scripts/Widgets/Navbar/navbar.js HTTP/1.1" 200 5986 "http://www.grotontrails.org/Interactive_Maps.html" "Mozilla/5.0 (iPhone; CPU iPhone OS 7_1_1 like Mac OS X) AppleWebKit/537.51.2 (KHTML, like Gecko) Version/7.0 Mobile/11D201 Safari/9537.53"
70.192.35.104 - - [20/Jun/2014:16:54:07 -0400] "GET /feed.xml HTTP/1.1" 200 2819 "http://www.grotontrails.org/Interactive_Maps.html" "Mozilla/5.0 (iPhone; CPU iPhone OS 7_1_1 like Mac OS X) AppleWebKit/537.51.2 (KHTML, like Gecko) Version/7.0 Mobile/11D201 Safari/9537.53"
100.0.182.216 - - [20/Jun/2014:22:30:09 -0400] "GET /Welcome_files/WidgetCommon.js HTTP/1.1" 404 575 "http://www.grotontrails.org/Welcome.html" "Mozilla/5.0 (Windows NT 6.2; WOW64) AppleWebKit/537.36 (KHTML, like Gecko) Chrome/35.0.1916.153 Safari/537.36"
100.0.182.216 - - [20/Jun/2014:22:30:10 -0400] "GET /Interactive_Maps_files/FacebookButton.png HTTP/1.1" 200 980 "http://www.grotontrails.org/Interactive_Maps.html" "Mozilla/5.0 (Windows NT 6.2; WOW64) AppleWebKit/537.36 (KHTML, like Gecko) Chrome/35.0.1916.153 Safari/537.36"
100.43.85.5 - - [20/Jun/2014:23:33:09 -0400] "GET /Welcome.html HTTP/1.1" 200 12657 "-" "Mozilla/5.0 (compatible; YandexBot/3.0; +http://yandex.com/bots)"
66.249.65.164 - - [20/Jun/2014:23:34:27 -0400] "GET /robots.txt HTTP/1.1" 404 575 "-" "Mozilla/5.0 (compatible; Googlebot/2.1; +http://www.google.com/bot.html)"
98.110.200.120 - - [20/Jun/2014:23:48:10 -0400] "GET /Quests.html HTTP/1.1" 200 12692 "http://www.grotontrails.org/Welcome.html" "Mozilla/5.0 (Windows NT 5.1; rv:29.0) Gecko/20100101 Firefox/29.0"
98.110.200.120 - - [20/Jun/2014:23:48:10 -0400] "GET /Quests_files/FacebookButton.png HTTP/1.1" 200 980 "http://www.grotontrails.org/Quests.html" "Mozilla/5.0 (Windows NT 5.1; rv:29.0) Gecko/20100101 Firefox/29.0"
93.65.5.23 - - [20/Jun/2014:08:32:37 -0400] "GET /Welcome_files/shapeimage_2.png HTTP/1.1" 200 117078 "http://grotontrails.org/Welcome.html" "Mozilla/5.0 (Windows NT 6.1; WOW64) AppleWebKit/537.36 (KHTML, like Gecko) Chrome/32.0.1700.107 Safari/537.36"
157.55.39.88 - - [20/Jun/2014:11:14:09 -0400] "GET /Maps_files/Shepley-Rich_%28printable%20PDF%29.pdf HTTP/1.1" 200 102455 "-" "Mozilla/5.0 (compatible; bingbot/2.0; +http://www.bing.com/bingbot.htm)"
67.189.159.95 - - [20/Jun/2014:13:12:58 -0400] "GET /Welcome.html HTTP/1.1" 200 12657 "http://www.grotontrails.org/" "Mozilla/5.0 (Macintosh; Intel Mac OS X 10_8_5) AppleWebKit/537.76.4 (KHTML, like Gecko) Version/6.1.4 Safari/537.76.4"
123.125.71.106 - - [20/Jun/2014:16:49:28 -0400] "GET / HTTP/1.1" 200 309 "-" "Mozilla/5.0 (Linux;u;Android 2.3.7;zh-cn;) AppleWebKit/533.1 (KHTML,like Gecko) Version/4.0 Mobile Safari/533.1 (compatible; +http://www.baidu.com/search/spider.html)"
70.192.35.104 - - [20/Jun/2014:16:56:47 -0400] "GET /PDF_Maps_files/Hawtree_%28printable%20PDF%29.png HTTP/1.1" 200 169502 "http://www.grotontrails.org/PDF_Maps.html" "Mozilla/5.0 (iPhone; CPU iPhone OS 7_1_1 like Mac OS X) AppleWebKit/537.51.2 (KHTML, like Gecko) Version/7.0 Mobile/11D201 Safari/9537.53"
70.192.35.104 - - [20/Jun/2014:16:56:47 -0400] "GET /PDF_Maps_files/Throne_Hill_%28printable%20PDF%29.png HTTP/1.1" 200 175204 "http://www.grotontrails.org/PDF_Maps.html" "Mozilla/5.0 (iPhone; CPU iPhone OS 7_1_1 like Mac OS X) AppleWebKit/537.51.2 (KHTML, like Gecko) Version/7.0 Mobile/11D201 Safari/9537.53"
70.192.35.104 - - [20/Jun/2014:16:56:48 -0400] "GET /PDF_Maps_files/stroke_4.png HTTP/1.1" 200 223 "http://www.grotontrails.org/PDF_Maps.html" "Mozilla/5.0 (iPhone; CPU iPhone OS 7_1_1 like Mac OS X) AppleWebKit/537.51.2 (KHTML, like Gecko) Version/7.0 Mobile/11D201 Safari/9537.53"
68.187.222.26 - - [20/Jun/2014:19:22:19 -0400] "GET /Interactive_Maps_files/Groton%20Trails%2012.27.11.jpg HTTP/1.1" 200 106795 "http://www.grotontrails.org/Interactive_Maps.html" "Mozilla/5.0 (iPad; CPU OS 7_1_1 like Mac OS X) AppleWebKit/537.51.2 (KHTML, like Gecko) Version/7.0 Mobile/11D201 Safari/9537.53"
68.189.241.210 - - [20/Jun/2014:13:03:18 -0400] "GET /Scripts/Widgets/Navbar/navbar.js HTTP/1.1" 200 5986 "http://www.grotontrails.org/Interactive_Maps.html" "Mozilla/5.0 (Windows NT 6.1; WOW64; Trident/7.0; rv:11.0) like Gecko"
68.189.241.210 - - [20/Jun/2014:13:03:18 -0400] "GET /Interactive_Maps_files/Groton%20Trails%2012.27.11.jpg HTTP/1.1" 200 106795 "http://www.grotontrails.org/Interactive_Maps.html" "Mozilla/5.0 (Windows NT 6.1; WOW64; Trident/7.0; rv:11.0) like Gecko"
67.189.159.95 - - [20/Jun/2014:13:07:39 -0400] "GET /PDF_Maps_files/PDF_Maps.css HTTP/1.1" 200 6398 "http://www.grotontrails.org/PDF_Maps.html" "Mozilla/5.0 (Macintosh; Intel Mac OS X 10_8_5) AppleWebKit/537.76.4 (KHTML, like Gecko) Version/6.1.4 Safari/537.76.4"
67.189.159.95 - - [20/Jun/2014:13:07:41 -0400] "GET /PDF_Maps_files/Hawtree_%28printable%20PDF%29.png HTTP/1.1" 200 169502 "http://www.grotontrails.org/PDF_Maps.html" "Mozilla/5.0 (Macintosh; Intel Mac OS X 10_8_5) AppleWebKit/537.76.4 (KHTML, like Gecko) Version/6.1.4 Safari/537.76.4"
67.189.159.95 - - [20/Jun/2014:13:07:41 -0400] "GET /PDF_Maps_files/Williams_Sorhaug_%28printable%20PDF%29.jpg HTTP/1.1" 200 51162 "http://www.grotontrails.org/PDF_Maps.html" "Mozilla/5.0 (Macintosh; Intel Mac OS X 10_8_5) AppleWebKit/537.76.4 (KHTML, like Gecko) Version/6.1.4 Safari/537.76.4"
67.189.159.95 - - [20/Jun/2014:13:07:41 -0400] "GET /PDF_Maps_files/stroke_4.png HTTP/1.1" 200 223 "http://www.grotontrails.org/PDF_Maps.html" "Mozilla/5.0 (Macintosh; Intel Mac OS X 10_8_5) AppleWebKit/537.76.4 (KHTML, like Gecko) Version/6.1.4 Safari/537.76.4"
100.43.85.5 - - [20/Jun/2014:13:53:54 -0400] "GET / HTTP/1.1" 200 309 "-" "Mozilla/5.0 (compatible; YandexBot/3.0; +http://yandex.com/bots)"
65.120.119.18 - - [20/Jun/2014:14:50:19 -0400] "GET /Scripts/iWebImage.js HTTP/1.1" 200 39662 "http://www.grotontrails.org/PDF_Maps.html" "Mozilla/5.0 (X11; Ubuntu; Linux x86_64; rv:30.0) Gecko/20100101 Firefox/30.0"
65.120.119.18 - - [20/Jun/2014:14:50:20 -0400] "GET /PDF_Maps_files/GTN.jpg HTTP/1.1" 200 3734 "http://www.grotontrails.org/PDF_Maps.html" "Mozilla/5.0 (X11; Ubuntu; Linux x86_64; rv:30.0) Gecko/20100101 Firefox/30.0"
65.120.119.18 - - [20/Jun/2014:14:50:20 -0400] "GET /PDF_Maps_files/Sawtell_Groton_Hills_%28printable%20PDF%29.png HTTP/1.1" 200 166630 "http://www.grotontrails.org/PDF_Maps.html" "Mozilla/5.0 (X11; Ubuntu; Linux x86_64; rv:30.0) Gecko/20100101 Firefox/30.0"
65.120.119.18 - - [20/Jun/2014:14:50:20 -0400] "GET /PDF_Maps_files/Williams_Sorhaug_%28printable%20PDF%29.jpg HTTP/1.1" 200 51162 "http://www.grotontrails.org/PDF_Maps.html" "Mozilla/5.0 (X11; Ubuntu; Linux x86_64; rv:30.0) Gecko/20100101 Firefox/30.0"
65.120.119.18 - - [20/Jun/2014:14:50:22 -0400] "GET /PDF_Maps_files/stroke_3.png HTTP/1.1" 200 87 "http://www.grotontrails.org/PDF_Maps.html" "Mozilla/5.0 (X11; Ubuntu; Linux x86_64; rv:30.0) Gecko/20100101 Firefox/30.0"
24.91.84.245 - - [20/Jun/2014:23:22:35 -0400] "GET /Welcome_files/navbar.js HTTP/1.1" 404 575 "http://www.grotontrails.org/Welcome.html" "Mozilla/5.0 (Windows NT 6.1; WOW64) AppleWebKit/537.36 (KHTML, like Gecko) Chrome/35.0.1916.153 Safari/537.36"
100.43.85.5 - - [20/Jun/2014:23:33:04 -0400] "GET / HTTP/1.1" 200 309 "-" "Mozilla/5.0 (compatible; YandexBot/3.0; +http://yandex.com/bots)"
174.252.49.50 - - [20/Jun/2014:08:33:31 -0400] "GET /PDF_Maps_files/PDF_Maps.css HTTP/1.1" 200 6398 "http://www.grotontrails.org/PDF_Maps.html" "Mozilla/5.0 (iPhone; CPU iPhone OS 5_1_1 like Mac OS X) AppleWebKit/534.46 (KHTML, like Gecko) Version/5.1 Mobile/9B206 Safari/7534.48.3"
174.252.49.50 - - [20/Jun/2014:08:33:31 -0400] "GET /Scripts/iWebSite.js HTTP/1.1" 200 146115 "http://www.grotontrails.org/PDF_Maps.html" "Mozilla/5.0 (iPhone; CPU iPhone OS 5_1_1 like Mac OS X) AppleWebKit/534.46 (KHTML, like Gecko) Version/5.1 Mobile/9B206 Safari/7534.48.3"
157.55.39.242 - - [20/Jun/2014:08:57:25 -0400] "GET /robots.txt HTTP/1.1" 404 575 "-" "Mozilla/5.0 (compatible; bingbot/2.0; +http://www.bing.com/bingbot.htm)"
108.20.129.59 - - [20/Jun/2014:10:11:44 -0400] "GET /favicon.ico HTTP/1.1" 404 575 "-" "Mozilla/5.0 (Windows NT 6.1; Win64; x64; Trident/7.0; rv:11.0) like Gecko"
108.20.129.59 - - [20/Jun/2014:10:14:42 -0400] "GET /favicon.ico HTTP/1.1" 404 575 "-" "Mozilla/5.0 (Windows NT 6.1; Win64; x64; Trident/7.0; rv:11.0) like Gecko"
67.189.159.95 - - [20/Jun/2014:13:07:39 -0400] "GET /Scripts/iWebSite.js HTTP/1.1" 200 146115 "http://www.grotontrails.org/PDF_Maps.html" "Mozilla/5.0 (Macintosh; Intel Mac OS X 10_8_5) AppleWebKit/537.76.4 (KHTML, like Gecko) Version/6.1.4 Safari/537.76.4"
67.189.159.95 - - [20/Jun/2014:13:07:41 -0400] "GET /PDF_Maps_files/FacebookButton.png HTTP/1.1" 200 980 "http://www.grotontrails.org/PDF_Maps.html" "Mozilla/5.0 (Macintosh; Intel Mac OS X 10_8_5) AppleWebKit/537.76.4 (KHTML, like Gecko) Version/6.1.4 Safari/537.76.4"
67.189.159.95 - - [20/Jun/2014:13:07:41 -0400] "GET /PDF_Maps_files/LongleyI-II_Rich_%28printable%20PDF%29.jpg HTTP/1.1" 200 50492 "http://www.grotontrails.org/PDF_Maps.html" "Mozilla/5.0 (Macintosh; Intel Mac OS X 10_8_5) AppleWebKit/537.76.4 (KHTML, like Gecko) Version/6.1.4 Safari/537.76.4"
67.189.159.95 - - [20/Jun/2014:13:07:41 -0400] "GET /PDF_Maps_files/Town_Forest_%28printable%20PDF%29.jpg HTTP/1.1" 200 59810 "http://www.grotontrails.org/PDF_Maps.html" "Mozilla/5.0 (Macintosh; Intel Mac OS X 10_8_5) AppleWebKit/537.76.4 (KHTML, like Gecko) Version/6.1.4 Safari/537.76.4"
67.189.159.95 - - [20/Jun/2014:13:07:41 -0400] "GET /PDF_Maps_files/stroke_2.png HTTP/1.1" 200 147 "http://www.grotontrails.org/PDF_Maps.html" "Mozilla/5.0 (Macintosh; Intel Mac OS X 10_8_5) AppleWebKit/537.76.4 (KHTML, like Gecko) Version/6.1.4 Safari/537.76.4"
67.189.159.95 - - [20/Jun/2014:13:07:41 -0400] "GET /PDF_Maps_files/stroke_7.png HTTP/1.1" 200 86 "http://www.grotontrails.org/PDF_Maps.html" "Mozilla/5.0 (Macintosh; Intel Mac OS X 10_8_5) AppleWebKit/537.76.4 (KHTML, like Gecko) Version/6.1.4 Safari/537.76.4"
65.120.119.18 - - [20/Jun/2014:14:49:56 -0400] "GET /Welcome_files/navbar.js HTTP/1.1" 404 575 "http://www.grotontrails.org/Welcome.html" "Mozilla/5.0 (X11; Ubuntu; Linux x86_64; rv:30.0) Gecko/20100101 Firefox/30.0"
65.120.119.18 - - [20/Jun/2014:14:49:56 -0400] "GET /Welcome_files/shapeimage_2.png HTTP/1.1" 200 117078 "http://www.grotontrails.org/Welcome.html" "Mozilla/5.0 (X11; Ubuntu; Linux x86_64; rv:30.0) Gecko/20100101 Firefox/30.0"
65.120.119.18 - - [20/Jun/2014:15:04:04 -0400] "GET /Scripts/Widgets/SharedResources/WidgetCommon.js HTTP/1.1" 200 36124 "http://www.grotontrails.org/PDF_Maps.html" "Mozilla/5.0 (X11; Ubuntu; Linux x86_64; rv:17.0) Gecko/20100101 Firefox/17.0"
65.120.119.18 - - [20/Jun/2014:15:04:04 -0400] "GET /PDF_Maps_files/Sawtell_Groton_Hills_%28printable%20PDF%29.png HTTP/1.1" 200 166630 "http://www.grotontrails.org/PDF_Maps.html" "Mozilla/5.0 (X11; Ubuntu; Linux x86_64; rv:17.0) Gecko/20100101 Firefox/17.0"
65.120.119.18 - - [20/Jun/2014:15:04:05 -0400] "GET /PDF_Maps_files/stroke_3.png HTTP/1.1" 200 87 "http://www.grotontrails.org/PDF_Maps.html" "Mozilla/5.0 (X11; Ubuntu; Linux x86_64; rv:17.0) Gecko/20100101 Firefox/17.0"
146.115.68.47 - - [20/Jun/2014:23:51:51 -0400] "GET /Welcome_files/WidgetCommon.js HTTP/1.1" 404 575 "http://www.grotontrails.org/Welcome.html" "Mozilla/5.0 (Windows NT 6.3; WOW64; rv:30.0) Gecko/20100101 Firefox/30.0"
146.115.68.47 - - [20/Jun/2014:23:51:51 -0400] "GET /Welcome_files/FacebookButton.png HTTP/1.1" 200 883 "http://www.grotontrails.org/Welcome.html" "Mozilla/5.0 (Windows NT 6.3; WOW64; rv:30.0) Gecko/20100101 Firefox/30.0"
67.189.159.95 - - [20/Jun/2014:13:07:39 -0400] "GET /Scripts/Widgets/SharedResources/WidgetCommon.js HTTP/1.1" 200 36124 "http://www.grotontrails.org/PDF_Maps.html" "Mozilla/5.0 (Macintosh; Intel Mac OS X 10_8_5) AppleWebKit/537.76.4 (KHTML, like Gecko) Version/6.1.4 Safari/537.76.4"
67.189.159.95 - - [20/Jun/2014:13:07:41 -0400] "GET /PDF_Maps_files/Duck_Pond_Painted_Post_%28printable%20PDF%29.png HTTP/1.1" 200 173965 "http://www.grotontrails.org/PDF_Maps.html" "Mozilla/5.0 (Macintosh; Intel Mac OS X 10_8_5) AppleWebKit/537.76.4 (KHTML, like Gecko) Version/6.1.4 Safari/537.76.4"
67.189.159.95 - - [20/Jun/2014:13:07:41 -0400] "GET /PDF_Maps_files/Throne_Hill_%28printable%20PDF%29.png HTTP/1.1" 200 175204 "http://www.grotontrails.org/PDF_Maps.html" "Mozilla/5.0 (Macintosh; Intel Mac OS X 10_8_5) AppleWebKit/537.76.4 (KHTML, like Gecko) Version/6.1.4 Safari/537.76.4"
67.189.159.95 - - [20/Jun/2014:13:07:41 -0400] "GET /PDF_Maps_files/stroke_3.png HTTP/1.1" 200 87 "http://www.grotontrails.org/PDF_Maps.html" "Mozilla/5.0 (Macintosh; Intel Mac OS X 10_8_5) AppleWebKit/537.76.4 (KHTML, like Gecko) Version/6.1.4 Safari/537.76.4"
67.189.159.95 - - [20/Jun/2014:13:08:59 -0400] "GET /Welcome_files/iWebImage.js HTTP/1.1" 404 575 "http://www.grotontrails.org/Welcome.html" "Mozilla/5.0 (Macintosh; Intel Mac OS X 10_8_5) AppleWebKit/537.76.4 (KHTML, like Gecko) Version/6.1.4 Safari/537.76.4"
147.164.104.210 - - [20/Jun/2014:13:32:31 -0400] "GET /PDF_Maps_files/Sawtell_Groton_Hills_%28printable%20PDF%29.png HTTP/1.1" 200 166630 "http://www.grotontrails.org/PDF_Maps.html" "Mozilla/5.0 (Windows NT 6.1; WOW64; Trident/7.0; rv:11.0) like Gecko"
68.180.224.235 - - [20/Jun/2014:00:42:53 -0400] "GET /Welcome.html HTTP/1.1" 200 12657 "-" "Mozilla/5.0 (compatible; Yahoo! Slurp; http://help.yahoo.com/help/us/ysearch/slurp)"
65.120.119.18 - - [20/Jun/2014:14:50:19 -0400] "GET /PDF_Maps_files/PDF_Maps.js HTTP/1.1" 200 1823 "http://www.grotontrails.org/PDF_Maps.html" "Mozilla/5.0 (X11; Ubuntu; Linux x86_64; rv:30.0) Gecko/20100101 Firefox/30.0"
65.120.119.18 - - [20/Jun/2014:14:50:20 -0400] "GET /PDF_Maps_files/Hawtree_%28printable%20PDF%29.png HTTP/1.1" 200 169502 "http://www.grotontrails.org/PDF_Maps.html" "Mozilla/5.0 (X11; Ubuntu; Linux x86_64; rv:30.0) Gecko/20100101 Firefox/30.0"
65.120.119.18 - - [20/Jun/2014:14:50:20 -0400] "GET /PDF_Maps_files/Town_Forest_%28printable%20PDF%29.jpg HTTP/1.1" 200 59810 "http://www.grotontrails.org/PDF_Maps.html" "Mozilla/5.0 (X11; Ubuntu; Linux x86_64; rv:30.0) Gecko/20100101 Firefox/30.0"
65.120.119.18 - - [20/Jun/2014:14:50:22 -0400] "GET /PDF_Maps_files/stroke_2.png HTTP/1.1" 200 147 "http://www.grotontrails.org/PDF_Maps.html" "Mozilla/5.0 (X11; Ubuntu; Linux x86_64; rv:30.0) Gecko/20100101 Firefox/30.0"
65.120.119.18 - - [20/Jun/2014:14:50:22 -0400] "GET /PDF_Maps_files/stroke_6.png HTTP/1.1" 200 147 "http://www.grotontrails.org/PDF_Maps.html" "Mozilla/5.0 (X11; Ubuntu; Linux x86_64; rv:30.0) Gecko/20100101 Firefox/30.0"
65.120.119.18 - - [20/Jun/2014:15:03:46 -0400] "GET /Welcome_files/iWebImage.js HTTP/1.1" 404 575 "http://www.grotontrails.org/Welcome.html" "Mozilla/5.0 (X11; Ubuntu; Linux x86_64; rv:17.0) Gecko/20100101 Firefox/17.0"
