65.120.119.18 - - [20/Jun/2014:15:03:47 -0400] "GET /Welcome_files/shapeimage_1.png HTTP/1.1" 200 254766 "http://www.grotontrails.org/Welcome.html" "Mozilla/5.0 (X11; Ubuntu; Linux x86_64; rv:17.0) Gecko/20100101 Firefox/17.0"
65.120.119.18 - - [20/Jun/2014:15:03:47 -0400] "GET /favicon.ico HTTP/1.1" 404 575 "-" "Mozilla/5.0 (X11; Ubuntu; Linux x86_64; rv:17.0) Gecko/20100101 Firefox/17.0"
65.120.119.18 - - [20/Jun/2014:15:03:47 -0400] "GET /favicon.ico HTTP/1.1" 404 575 "-" "Mozilla/5.0 (X11; Ubuntu; Linux x86_64; rv:17.0) Gecko/20100101 Firefox/17.0"
70.192.35.104 - - [20/Jun/2014:16:54:07 -0400] "GET /Interactive_Maps.html HTTP/1.1" 200 13033 "http://grotontrails.org/Welcome.html" "Mozilla/5.0 (iPhone; CPU iPhone OS 7_1_1 like Mac OS X) AppleWebKit/537.51.2 (KHTML, like Gecko) Version/7.0 Mobile/11D201 Safari/9537.53"
70.192.35.104 - - [20/Jun/2014:16:54:07 -0400] "GET /Interactive_Maps_files/Interactive_Maps.css HTTP/1.1" 200 5769 "http://www.grotontrails.org/Interactive_Maps.html" "Mozilla/5.0 (iPhone; CPU iPhone OS 7_1_1 like Mac OS X) AppleWebKit/537.51.2 (KHTML, like Gecko) Version/7.0 Mobile/11D201 Safari/9537.53"
70.192.35.104 - - [20/Jun/2014:16:54:07 -0400] "GET /Scripts/iWebSite.js HTTP/1.1" 200 146115 "http://www.grotontrails.org/Interactive_Maps.html" "Mozilla/5.0 (iPhone; CPU iPhone OS 7_1_1 like Mac OS X) AppleWebKit/537.51.2 (KHTML, like Gecko) Version/7.0 Mobile/11D201 Safari/9537.53"
70.192.35.104 - - [20/Jun/2014:16:54:07 -0400] "GET /Interactive_Maps_files/FacebookButton.png HTTP/1.1" 200 980 "http://www.grotontrails.org/Interactive_Maps.html" "Mozilla/5.0 (iPhone; CPU iPhone OS 7_1_1 like Mac OS X) AppleWebKit/537.51.2 (KHTML, like Gecko) Version/7.0 Mobile/11D201 Safari/9537.53"
100.0.182.216 - - [20/Jun/2014:22:30:09 -0400] "GET /Welcome_files/navbar.js HTTP/1.1" 404 575 "http://www.grotontrails.org/Welcome.html" "Mozilla/5.0 (Windows NT 6.2; WOW64) AppleWebKit/537.36 (KHTML, like Gecko) Chrome/35.0.1916.153 Safari/537.36"
100.0.182.216 - - [20/Jun/2014:22:30:10 -0400] "GET /Interactive_Maps_files/Interactive_Maps.js HTTP/1.1" 200 1213 "http://www.grotontrails.org/Interactive_Maps.html" "Mozilla/5.0 (Windows NT 6.2; WOW64) AppleWebKit/537.36 (KHTML, like Gecko) Chrome/35.0.1916.153 Safari/537.36"
220.181.125.196 - - [20/Jun/2014:07:46:52 -0400] "GET /robots.txt HTTP/1.1" 404 575 "-" "Sogou web spider/4.0(+http://www.sogou.com/docs/help/webmasters.htm#07)"
93.65.5.23 - - [20/Jun/2014:08:32:31 -0400] "GET / HTTP/1.1" 200 309 "http://semalt.semalt.com/crawler.php?u=http://grotontrails.org" "Mozilla/5.0 (Windows NT 6.1; WOW64) AppleWebKit/537.36 (KHTML, like Gecko) Chrome/32.0.1700.107 Safari/537.36"
93.65.5.23 - - [20/Jun/2014:08:32:31 -0400] "GET /Welcome.html HTTP/1.1" 200 12657 "http://grotontrails.org/" "Mozilla/5.0 (Windows NT 6.1; WOW64) AppleWebKit/537.36 (KHTML, like Gecko) Chrome/32.0.1700.107 Safari/537.36"
93.65.5.23 - - [20/Jun/2014:08:32:32 -0400] "GET /Welcome_files/Welcome.js HTTP/1.1" 200 2478 "http://grotontrails.org/Welcome.html" "Mozilla/5.0 (Windows NT 6.1; WOW64) AppleWebKit/537.36 (KHTML, like Gecko) Chrome/32.0.1700.107 Safari/537.36"
67.189.159.95 - - [20/Jun/2014:13:07:28 -0400] "GET /Welcome_files/iWebImage.js HTTP/1.1" 404 575 "http://grotontrails.org/Welcome.html" "Mozilla/5.0 (Macintosh; Intel Mac OS X 10_8_5) AppleWebKit/537.76.4 (KHTML, like Gecko) Version/6.1.4 Safari/537.76.4"
67.189.159.95 - - [20/Jun/2014:13:07:28 -0400] "GET /Welcome_files/shapeimage_3.png HTTP/1.1" 200 97654 "http://grotontrails.org/Welcome.html" "Mozilla/5.0 (Macintosh; Intel Mac OS X 10_8_5) AppleWebKit/537.76.4 (KHTML, like Gecko) Version/6.1.4 Safari/537.76.4"
199.30.20.14 - - [20/Jun/2014:02:01:36 -0400] "GET /Welcome_files/shapeimage_3.png HTTP/1.1" 200 97654 "-" "msnbot-media/1.1 (+http://search.msn.com/msnbot.htm)"
205.237.88.143 - - [20/Jun/2014:05:32:16 -0400] "GET /Welcome.html HTTP/1.0" 200 12657 "-" "=Mozilla/5.0 (Windows; U; Windows NT 6.1; en-US) AppleWebKit/534.16 (KHTML, like Gecko) Chrome/10.0.648.204 Safari/534.16"
65.120.119.18 - - [20/Jun/2014:14:50:19 -0400] "GET /Scripts/Widgets/Navbar/navbar.js HTTP/1.1" 200 5986 "http://www.grotontrails.org/PDF_Maps.html" "Mozilla/5.0 (X11; Ubuntu; Linux x86_64; rv:30.0) Gecko/20100101 Firefox/30.0"
65.120.119.18 - - [20/Jun/2014:14:50:20 -0400] "GET /PDF_Maps_files/Fitch_Woods_%28printable%20PDF%29.png HTTP/1.1" 200 162945 "http://www.grotontrails.org/PDF_Maps.html" "Mozilla/5.0 (X11; Ubuntu; Linux x86_64; rv:30.0) Gecko/20100101 Firefox/30.0"
65.120.119.18 - - [20/Jun/2014:14:50:22 -0400] "GET /PDF_Maps_files/stroke_4.png HTTP/1.1" 200 223 "http://www.grotontrails.org/PDF_Maps.html" "Mozilla/5.0 (X11; Ubuntu; Linux x86_64; rv:30.0) Gecko/20100101 Firefox/30.0"
98.110.200.120 - - [20/Jun/2014:23:48:10 -0400] "GET /Quests_files/Quests.js HTTP/1.1" 200 760 "http://www.grotontrails.org/Quests.html" "Mozilla/5.0 (Windows NT 5.1; rv:29.0) Gecko/20100101 Firefox/29.0"
98.110.200.120 - - [20/Jun/2014:23:48:10 -0400] "GET /Quests_files/shapeimage_3.png HTTP/1.1" 200 48313 "http://www.grotontrails.org/Quests.html" "Mozilla/5.0 (Windows NT 5.1; rv:29.0) Gecko/20100101 Firefox/29.0"
174.252.49.50 - - [20/Jun/2014:08:32:36 -0400] "GET /Welcome_files/iWebImage.js HTTP/1.1" 404 575 "http://www.grotontrails.org/Welcome.html" "Mozilla/5.0 (iPhone; CPU iPhone OS 5_1_1 like Mac OS X) AppleWebKit/534.46 (KHTML, like Gecko) Version/5.1 Mobile/9B206 Safari/7534.48.3"
174.252.49.50 - - [20/Jun/2014:08:32:37 -0400] "GET /Welcome_files/GTN.jpg HTTP/1.1" 200 3734 "http://www.grotontrails.org/Welcome.html" "Mozilla/5.0 (iPhone; CPU iPhone OS 5_1_1 like Mac OS X) AppleWebKit/534.46 (KHTML, like Gecko) Version/5.1 Mobile/9B206 Safari/7534.48.3"
108.20.129.59 - - [20/Jun/2014:10:11:46 -0400] "GET /Welcome_files/Welcome.css HTTP/1.1" 200 5718 "http://grotontrails.org/Welcome.html" "Mozilla/5.0 (Windows NT 6.1; WOW64; Trident/7.0; rv:11.0) like Gecko"
108.20.129.59 - - [20/Jun/2014:10:11:46 -0400] "GET /Welcome_files/WelcomeIE.css HTTP/1.1" 200 492 "http://grotontrails.org/Welcome.html" "Mozilla/5.0 (Windows NT 6.1; WOW64; Trident/7.0; rv:11.0) like Gecko"
108.20.129.59 - - [20/Jun/2014:10:11:46 -0400] "GET /Welcome_files/FacebookButton.png HTTP/1.1" 200 883 "http://grotontrails.org/Welcome.html" "Mozilla/5.0 (Windows NT 6.1; WOW64; Trident/7.0; rv:11.0) like Gecko"
157.55.39.242 - - [20/Jun/2014:12:17:22 -0400] "GET /robots.txt HTTP/1.1" 404 575 "-" "Mozilla/5.0 (compatible; bingbot/2.0; +http://www.bing.com/bingbot.htm)"
157.55.39.242 - - [20/Jun/2014:12:17:22 -0400] "GET /Welcome_files/iWebImage.js HTTP/1.1" 404 575 "-" "Mozilla/5.0 (compatible; bingbot/2.0; +http://www.bing.com/bingbot.htm)"
157.55.39.242 - - [20/Jun/2014:12:17:22 -0400] "GET /Welcome_files/Welcome.css HTTP/1.1" 200 5718 "-" "Mozilla/5.0 (compatible; bingbot/2.0; +http://www.bing.com/bingbot.htm)"
157.55.39.242 - - [20/Jun/2014:12:17:22 -0400] "GET /Welcome_files/navbar.js HTTP/1.1" 404 575 "-" "Mozilla/5.0 (compatible; bingbot/2.0; +http://www.bing.com/bingbot.htm)"
100.43.85.5 - - [20/Jun/2014:13:54:01 -0400] "GET /Welcome.html HTTP/1.1" 200 12657 "-" "Mozilla/5.0 (compatible; YandexBot/3.0; +http://yandex.com/bots)"
65.120.119.18 - - [20/Jun/2014:14:49:58 -0400] "GET /Welcome.html HTTP/1.1" 200 12657 "-" "Mozilla/5.0 (X11; Ubuntu; Linux x86_64; rv:30.0) Gecko/20100101 Firefox/30.0"
65.120.119.18 - - [20/Jun/2014:14:49:58 -0400] "GET /Welcome_files/Welcome.js HTTP/1.1" 200 2478 "http://www.grotontrails.org/Welcome.html" "Mozilla/5.0 (X11; Ubuntu; Linux x86_64; rv:30.0) Gecko/20100101 Firefox/30.0"
65.120.119.18 - - [20/Jun/2014:14:49:58 -0400] "GET /favicon.ico HTTP/1.1" 404 575 "-" "Mozilla/5.0 (X11; Ubuntu; Linux x86_64; rv:30.0) Gecko/20100101 Firefox/30.0"
65.120.119.18 - - [20/Jun/2014:14:49:59 -0400] "GET /Welcome_files/GTN.jpg HTTP/1.1" 200 3734 "http://www.grotontrails.org/Welcome.html" "Mozilla/5.0 (X11; Ubuntu; Linux x86_64; rv:30.0) Gecko/20100101 Firefox/30.0"
65.120.119.18 - - [20/Jun/2014:15:04:27 -0400] "GET /Interactive_Maps_files/GTN.jpg HTTP/1.1" 200 3734 "http://www.grotontrails.org/Interactive_Maps.html" "Mozilla/5.0 (X11; Ubuntu; Linux x86_64; rv:17.0) Gecko/20100101 Firefox/17.0"
70.192.35.104 - - [20/Jun/2014:16:53:52 -0400] "GET /Welcome_files/navbar.js HTTP/1.1" 404 575 "http://grotontrails.org/Welcome.html" "Mozilla/5.0 (iPhone; CPU iPhone OS 7_1_1 like Mac OS X) AppleWebKit/537.51.2 (KHTML, like Gecko) Version/7.0 Mobile/11D201 Safari/9537.53"
70.192.35.104 - - [20/Jun/2014:16:53:52 -0400] "GET /Welcome_files/shapeimage_2.png HTTP/1.1" 200 117078 "http://grotontrails.org/Welcome.html" "Mozilla/5.0 (iPhone; CPU iPhone OS 7_1_1 like Mac OS X) AppleWebKit/537.51.2 (KHTML, like Gecko) Version/7.0 Mobile/11D201 Safari/9537.53"
68.187.222.26 - - [20/Jun/2014:19:22:46 -0400] "GET /PDF_Maps_files/Town_Forest_%28printable%20PDF%29.pdf HTTP/1.1" 200 2610880 "http://www.grotontrails.org/PDF_Maps.html" "Mozilla/5.0 (iPad; CPU OS 7_1_1 like Mac OS X) AppleWebKit/537.51.2 (KHTML, like Gecko) Version/7.0 Mobile/11D201 Safari/9537.53"
98.110.200.120 - - [20/Jun/2014:23:48:45 -0400] "GET /PDF_Maps.html HTTP/1.1" 200 21314 "http://www.grotontrails.org/Welcome.html" "Mozilla/5.0 (Windows NT 5.1; rv:29.0) Gecko/20100101 Firefox/29.0"
98.110.200.120 - - [20/Jun/2014:23:48:45 -0400] "GET /PDF_Maps_files/GTN.jpg HTTP/1.1" 200 3734 "http://www.grotontrails.org/PDF_Maps.html" "Mozilla/5.0 (Windows NT 5.1; rv:29.0) Gecko/20100101 Firefox/29.0"
98.110.200.120 - - [20/Jun/2014:23:48:45 -0400] "GET /PDF_Maps_files/Sawtell_Groton_Hills_%28printable%20PDF%29.png HTTP/1.1" 200 166630 "http://www.grotontrails.org/PDF_Maps.html" "Mozilla/5.0 (Windows NT 5.1; rv:29.0) Gecko/20100101 Firefox/29.0"
98.110.200.120 - - [20/Jun/2014:23:48:46 -0400] "GET /PDF_Maps_files/Town_Forest_%28printable%20PDF%29.jpg HTTP/1.1" 200 59810 "http://www.grotontrails.org/PDF_Maps.html" "Mozilla/5.0 (Windows NT 5.1; rv:29.0) Gecko/20100101 Firefox/29.0"
98.110.200.120 - - [20/Jun/2014:23:48:46 -0400] "GET /PDF_Maps_files/stroke_3.png HTTP/1.1" 200 87 "http://www.grotontrails.org/PDF_Maps.html" "Mozilla/5.0 (Windows NT 5.1; rv:29.0) Gecko/20100101 Firefox/29.0"
147.164.104.210 - - [20/Jun/2014:13:32:33 -0400] "GET /Scripts/Widgets/Navbar/navbar.js HTTP/1.1" 200 5986 "http://www.grotontrails.org/PDF_Maps.html" "Mozilla/5.0 (Windows NT 6.1; WOW64; Trident/7.0; rv:11.0) like Gecko"
147.164.104.210 - - [20/Jun/2014:13:32:34 -0400] "GET /Media/transparent.gif HTTP/1.1" 200 43 "http://www.grotontrails.org/PDF_Maps.html" "Mozilla/5.0 (Windows NT 6.1; WOW64; Trident/7.0; rv:11.0) like Gecko"
98.110.200.120 - - [20/Jun/2014:23:48:24 -0400] "GET /Scripts/iWebImage.js HTTP/1.1" 200 39662 "http://www.grotontrails.org/Calendar.html" "Mozilla/5.0 (Windows NT 5.1; rv:29.0) Gecko/20100101 Firefox/29.0"
98.110.200.120 - - [20/Jun/2014:23:48:24 -0400] "GET /Calendar_files/GTN.jpg HTTP/1.1" 200 3734 "http://www.grotontrails.org/Calendar.html" "Mozilla/5.0 (Windows NT 5.1; rv:29.0) Gecko/20100101 Firefox/29.0"
220.181.125.196 - - [20/Jun/2014:07:47:05 -0400] "GET / HTTP/1.1" 304 - "-" "Sogou web spider/4.0(+http://www.sogou.com/docs/help/webmasters.htm#07)"
174.252.49.50 - - [20/Jun/2014:08:32:34 -0400] "GET /Welcome_files/Welcome.css HTTP/1.1" 200 5718 "http://www.grotontrails.org/Welcome.html" "Mozilla/5.0 (iPhone; CPU iPhone OS 5_1_1 like Mac OS X) AppleWebKit/534.46 (KHTML, like Gecko) Version/5.1 Mobile/9B206 Safari/7534.48.3"
174.252.49.50 - - [20/Jun/2014:08:32:34 -0400] "GET /Welcome_files/iWebSite.js HTTP/1.1" 404 575 "http://www.grotontrails.org/Welcome.html" "Mozilla/5.0 (iPhone; CPU iPhone OS 5_1_1 like Mac OS X) AppleWebKit/534.46 (KHTML, like Gecko) Version/5.1 Mobile/9B206 Safari/7534.48.3"
174.252.49.50 - - [20/Jun/2014:08:32:34 -0400] "GET /Welcome_files/shapeimage_1.png HTTP/1.1" 200 254766 "http://www.grotontrails.org/Welcome.html" "Mozilla/5.0 (iPhone; CPU iPhone OS 5_1_1 like Mac OS X) AppleWebKit/534.46 (KHTML, like Gecko) Version/5.1 Mobile/9B206 Safari/7534.48.3"
174.252.49.50 - - [20/Jun/2014:08:33:36 -0400] "GET /PDF_Maps_files/FacebookButton.png HTTP/1.1" 200 980 "http://www.grotontrails.org/PDF_Maps.html" "Mozilla/5.0 (iPhone; CPU iPhone OS 5_1_1 like Mac OS X) AppleWebKit/534.46 (KHTML, like Gecko) Version/5.1 Mobile/9B206 Safari/7534.48.3"
174.252.49.50 - - [20/Jun/2014:08:33:36 -0400] "GET /PDF_Maps_files/Groton%20Conservation%20Trust%20Guide%20to%20Properties.jpg HTTP/1.1" 200 39651 "http://www.grotontrails.org/PDF_Maps.html" "Mozilla/5.0 (iPhone; CPU iPhone OS 5_1_1 like Mac OS X) AppleWebKit/534.46 (KHTML, like Gecko) Version/5.1 Mobile/9B206 Safari/7534.48.3"
147.164.104.210 - - [20/Jun/2014:13:32:16 -0400] "GET /Welcome_files/iWebImage.js HTTP/1.1" 404 575 "http://grotontrails.org/Welcome.html" "Mozilla/5.0 (Windows NT 6.1; WOW64; Trident/7.0; rv:11.0) like Gecko"
65.120.119.18 - - [20/Jun/2014:15:04:25 -0400] "GET /Interactive_Maps_files/Interactive_Maps.css HTTP/1.1" 200 5769 "http://www.grotontrails.org/Interactive_Maps.html" "Mozilla/5.0 (X11; Ubuntu; Linux x86_64; rv:17.0) Gecko/20100101 Firefox/17.0"
24.91.84.245 - - [20/Jun/2014:23:22:35 -0400] "GET /Welcome_files/WidgetCommon.js HTTP/1.1" 404 575 "http://www.grotontrails.org/Welcome.html" "Mozilla/5.0 (Windows NT 6.1; WOW64) AppleWebKit/537.36 (KHTML, like Gecko) Chrome/35.0.1916.153 Safari/537.36"
24.91.84.245 - - [20/Jun/2014:23:22:35 -0400] "GET /Welcome_files/shapeimage_1.png HTTP/1.1" 200 254766 "http://www.grotontrails.org/Welcome.html" "Mozilla/5.0 (Windows NT 6.1; WOW64) AppleWebKit/537.36 (KHTML, like Gecko) Chrome/35.0.1916.153 Safari/537.36"
66.249.65.164 - - [20/Jun/2014:23:34:28 -0400] "GET /Welcome.html HTTP/1.1" 200 12657 "-" "Mozilla/5.0 (compatible; Googlebot/2.1; +http://www.google.com/bot.html)"
98.110.200.120 - - [20/Jun/2014:23:48:24 -0400] "GET /Scripts/Widgets/HTMLRegion/Paste.css HTTP/1.1" 200 937 "http://www.grotontrails.org/Calendar.html" "Mozilla/5.0 (Windows NT 5.1; rv:29.0) Gecko/20100101 Firefox/29.0"
98.110.200.120 - - [20/Jun/2014:23:48:24 -0400] "GET //Calendar_files/widget1_markup.html HTTP/1.1" 200 371 "http://www.grotontrails.org/Calendar.html" "Mozilla/5.0 (Windows NT 5.1; rv:29.0) Gecko/20100101 Firefox/29.0"
174.252.49.50 - - [20/Jun/2014:08:32:43 -0400] "GET /PDF_Maps_files/Hawtree_%28printable%20PDF%29.png HTTP/1.1" 200 169502 "http://www.grotontrails.org/PDF_Maps.html" "Mozilla/5.0 (iPhone; CPU iPhone OS 5_1_1 like Mac OS X) AppleWebKit/534.46 (KHTML, like Gecko) Version/5.1 Mobile/9B206 Safari/7534.48.3"
157.55.39.217 - - [20/Jun/2014:12:16:22 -0400] "GET /Welcome_files/WidgetCommon.js HTTP/1.1" 404 575 "-" "Mozilla/5.0 (compatible; bingbot/2.0; +http://www.bing.com/bingbot.htm)"
157.55.39.217 - - [20/Jun/2014:12:16:22 -0400] "GET /Welcome_files/iWebSite.js HTTP/1.1" 404 575 "-" "Mozilla/5.0 (compatible; bingbot/2.0; +http://www.bing.com/bingbot.htm)"
157.55.39.217 - - [20/Jun/2014:12:16:22 -0400] "GET /Welcome_files/Welcome.js HTTP/1.1" 200 2478 "-" "Mozilla/5.0 (compatible; bingbot/2.0; +http://www.bing.com/bingbot.htm)"
68.189.241.210 - - [20/Jun/2014:13:02:25 -0400] "GET /Scripts/iWebImage.js HTTP/1.1" 200 39662 "http://www.grotontrails.org/Interactive_Maps.html" "Mozilla/5.0 (Windows NT 6.1; WOW64; Trident/7.0; rv:11.0) like Gecko"
123.125.71.88 - - [20/Jun/2014:16:48:36 -0400] "GET /Welcome.html HTTP/1.1" 200 12657 "-" "Mozilla/5.0 (Linux;u;Android 2.3.7;zh-cn;) AppleWebKit/533.1 (KHTML,like Gecko) Version/4.0 Mobile Safari/533.1 (compatible; +http://www.baidu.com/search/spider.html)"
108.20.129.59 - - [20/Jun/2014:10:11:55 -0400] "GET /Welcome.html HTTP/1.1" 200 12657 "http://r.search.yahoo.com/_ylt=A0LEV2AJQaRTjmcAoaFXNyoA;_ylu=X3oDMTEzYW9udWhyBHNlYwNzcgRwb3MDMQRjb2xvA2JmMQR2dGlkA1NNRTI4OF8x/RV=2/RE=1403302281/RO=10/RU=http%3a%2f%2fgrotontrails.org%2fWelcome.html/RK=0/RS=bVD8IMIofOycXJ9k.5W56yZED_I-" "Mozilla/5.0 (Windows NT 6.1; WOW64; Trident/7.0; rv:11.0) like Gecko"
108.20.129.59 - - [20/Jun/2014:10:11:55 -0400] "GET /Welcome_files/iWebSite.js HTTP/1.1" 404 575 "http://grotontrails.org/Welcome.html" "Mozilla/5.0 (Windows NT 6.1; WOW64; Trident/7.0; rv:11.0) like Gecko"
108.20.129.59 - - [20/Jun/2014:10:11:55 -0400] "GET /Welcome_files/GTN.jpg HTTP/1.1" 200 3734 "http://grotontrails.org/Welcome.html" "Mozilla/5.0 (Windows NT 6.1; WOW64; Trident/7.0; rv:11.0) like Gecko"
108.20.129.59 - - [20/Jun/2014:10:11:55 -0400] "GET /Welcome_files/shapeimage_3.png HTTP/1.1" 200 97654 "http://grotontrails.org/Welcome.html" "Mozilla/5.0 (Windows NT 6.1; WOW64; Trident/7.0; rv:11.0) like Gecko"
68.189.241.210 - - [20/Jun/2014:13:03:20 -0400] "GET /Welcome_files/navbar.js HTTP/1.1" 404 575 "http://www.grotontrails.org/Welcome.html" "Mozilla/5.0 (Windows NT 6.1; WOW64; Trident/7.0; rv:11.0) like Gecko"
68.189.241.210 - - [20/Jun/2014:13:03:20 -0400] "GET /Welcome_files/shapeimage_2.png HTTP/1.1" 200 117078 "http://www.grotontrails.org/Welcome.html" "Mozilla/5.0 (Windows NT 6.1; WOW64; Trident/7.0; rv:11.0) like Gecko"
100.43.85.5 - - [20/Jun/2014:13:54:14 -0400] "GET /Welcome.html HTTP/1.1" 200 12657 "-" "Mozilla/5.0 (compatible; YandexBot/3.0; +http://yandex.com/bots)"
180.76.6.141 - - [20/Jun/2014:04:54:49 -0400] "GET /PDF_Maps_files/Sawtell_Groton_Hills_(printable%20PDF).pdf HTTP/1.1" 200 891271 "-" "Mozilla/5.0 (compatible; Baiduspider/2.0; +http://www.baidu.com/search/spider.html)"
65.120.119.18 - - [20/Jun/2014:14:50:08 -0400] "GET /Welcome_files/WidgetCommon.js HTTP/1.1" 404 575 "http://www.grotontrails.org/Welcome.html" "Mozilla/5.0 (X11; Ubuntu; Linux x86_64; rv:30.0) Gecko/20100101 Firefox/30.0"
65.120.119.18 - - [20/Jun/2014:14:50:08 -0400] "GET /Welcome_files/shapeimage_1.png HTTP/1.1" 200 254766 "http://www.grotontrails.org/Welcome.html" "Mozilla/5.0 (X11; Ubuntu; Linux x86_64; rv:30.0) Gecko/20100101 Firefox/30.0"
65.120.119.18 - - [20/Jun/2014:14:50:09 -0400] "GET /Welcome_files/navbar.js HTTP/1.1" 404 575 "http://www.grotontrails.org/Welcome.html" "Mozilla/5.0 (X11; Ubuntu; Linux x86_64; rv:30.0) Gecko/20100101 Firefox/30.0"
65.120.119.18 - - [20/Jun/2014:14:50:09 -0400] "GET /Welcome_files/iWebImage.js HTTP/1.1" 404 575 "http://www.grotontrails.org/Welcome.html" "Mozilla/5.0 (X11; Ubuntu; Linux x86_64; rv:30.0) Gecko/20100101 Firefox/30.0"
65.120.119.18 - - [20/Jun/2014:14:50:31 -0400] "GET /Scripts/Widgets/SharedResources/WidgetCommon.js HTTP/1.1" 200 36124 "http://www.grotontrails.org/PDF_Maps.html" "Mozilla/5.0 (X11; Ubuntu; Linux x86_64; rv:30.0) Gecko/20100101 Firefox/30.0"
65.120.119.18 - - [20/Jun/2014:14:50:31 -0400] "GET /PDF_Maps_files/FacebookButton.png HTTP/1.1" 200 980 "http://www.grotontrails.org/PDF_Maps.html" "Mozilla/5.0 (X11; Ubuntu; Linux x86_64; rv:30.0) Gecko/20100101 Firefox/30.0"
65.120.119.18 - - [20/Jun/2014:14:50:31 -0400] "GET /PDF_Maps_files/Shepley-Rich_%28printable%20PDF%29.jpg HTTP/1.1" 200 54900 "http://www.grotontrails.org/PDF_Maps.html" "Mozilla/5.0 (X11; Ubuntu; Linux x86_64; rv:30.0) Gecko/20100101 Firefox/30.0"
65.120.119.18 - - [20/Jun/2014:14:50:31 -0400] "GET /feed.xml HTTP/1.1" 200 2819 "http://www.grotontrails.org/PDF_Maps.html" "Mozilla/5.0 (X11; Ubuntu; Linux x86_64; rv:30.0) Gecko/20100101 Firefox/30.0"
65.120.119.18 - - [20/Jun/2014:14:50:31 -0400] "GET /PDF_Maps_files/Throne_Hill_%28printable%20PDF%29.png HTTP/1.1" 200 175204 "http://www.grotontrails.org/PDF_Maps.html" "Mozilla/5.0 (X11; Ubuntu; Linux x86_64; rv:30.0) Gecko/20100101 Firefox/30.0"
65.120.119.18 - - [20/Jun/2014:14:50:32 -0400] "GET /PDF_Maps_files/Groton%20Conservation%20Trust%20Guide%20to%20Properties.jpg HTTP/1.1" 200 39651 "http://www.grotontrails.org/PDF_Maps.html" "Mozilla/5.0 (X11; Ubuntu; Linux x86_64; rv:30.0) Gecko/20100101 Firefox/30.0"
65.120.119.18 - - [20/Jun/2014:14:50:33 -0400] "GET /PDF_Maps_files/PDF_MapsMoz.css HTTP/1.1" 200 128 "http://www.grotontrails.org/PDF_Maps.html" "Mozilla/5.0 (X11; Ubuntu; Linux x86_64; rv:30.0) Gecko/20100101 Firefox/30.0"
65.120.119.18 - - [20/Jun/2014:14:50:33 -0400] "GET /PDF_Maps_files/stroke.png HTTP/1.1" 200 248 "http://www.grotontrails.org/PDF_Maps.html" "Mozilla/5.0 (X11; Ubuntu; Linux x86_64; rv:30.0) Gecko/20100101 Firefox/30.0"
146.115.68.47 - - [20/Jun/2014:23:42:20 -0400] "GET /PDF_Maps_files/Groton%20Conservation%20Trust%20Guide%20to%20Properties.pdf HTTP/1.1" 200 2799438 "http://www.google.com/url?sa=t&rct=j&q=&esrc=s&source=web&cd=1&ved=0CB0QFjAA&url=http%3A%2F%2Fwww.grotontrails.org%2FPDF_Maps_files%2FGroton%2520Conservation%2520Trust%2520Guide%2520to%2520Properties.pdf&ei=CP-kU9W4F9aeyASovILYBQ&usg=AFQjCNEsoJncDYjOOjH2JePelRihS3mYTw&bvm=bv.69411363,d.b2U" "Mozilla/5.0 (Windows NT 6.3; WOW64; rv:30.0) Gecko/20100101 Firefox/30.0"
146.115.68.47 - - [20/Jun/2014:23:42:23 -0400] "GET /PDF_Maps_files/Groton%20Conservation%20Trust%20Guide%20to%20Properties.pdf HTTP/1.1" 206 65536 "http://www.google.com/url?sa=t&rct=j&q=&esrc=s&source=web&cd=1&ved=0CB0QFjAA&url=http%3A%2F%2Fwww.grotontrails.org%2FPDF_Maps_files%2FGroton%2520Conservation%2520Trust%2520Guide%2520to%2520Properties.pdf&ei=CP-kU9W4F9aeyASovILYBQ&usg=AFQjCNEsoJncDYjOOjH2JePelRihS3mYTw&bvm=bv.69411363,d.b2U" "Mozilla/5.0 (Windows NT 6.3; WOW64; rv:30.0) Gecko/20100101 Firefox/30.0"
147.164.104.210 - - [20/Jun/2014:13:32:18 -0400] "GET /favicon.ico HTTP/1.1" 404 575 "-" "Mozilla/5.0 (Windows NT 6.1; Win64; x64; Trident/7.0; rv:11.0) like Gecko"
24.91.84.245 - - [20/Jun/2014:23:22:35 -0400] "GET /Welcome_files/iWebImage.js HTTP/1.1" 404 575 "http://www.grotontrails.org/Welcome.html" "Mozilla/5.0 (Windows NT 6.1; WOW64) AppleWebKit/537.36 (KHTML, like Gecko) Chrome/35.0.1916.153 Safari/537.36"
24.91.84.245 - - [20/Jun/2014:23:22:36 -0400] "GET /Welcome_files/shapeimage_2.png HTTP/1.1" 200 117078 "http://www.grotontrails.org/Welcome.html" "Mozilla/5.0 (Windows NT 6.1; WOW64) AppleWebKit/537.36 (KHTML, like Gecko) Chrome/35.0.1916.153 Safari/537.36"
146.115.68.47 - - [20/Jun/2014:23:42:11 -0400] "GET /PDF_Maps_files/Groton%20Conservation%20Trust%20Guide%20to%20Properties.pdf HTTP/1.1" 206 65536 "http://www.google.com/url?sa=t&rct=j&q=&esrc=s&source=web&cd=1&ved=0CB0QFjAA&url=http%3A%2F%2Fwww.grotontrails.org%2FPDF_Maps_files%2FGroton%2520Conservation%2520Trust%2520Guide%2520to%2520Properties.pdf&ei=CP-kU9W4F9aeyASovILYBQ&usg=AFQjCNEsoJncDYjOOjH2JePelRihS3mYTw&bvm=bv.69411363,d.b2U" "Mozilla/5.0 (Windows NT 6.3; WOW64; rv:30.0) Gecko/20100101 Firefox/30.0"
146.115.68.47 - - [20/Jun/2014:23:42:12 -0400] "GET /PDF_Maps_files/Groton%20Conservation%20Trust%20Guide%20to%20Properties.pdf HTTP/1.1" 206 65536 "http://www.google.com/url?sa=t&rct=j&q=&esrc=s&source=web&cd=1&ved=0CB0QFjAA&url=http%3A%2F%2Fwww.grotontrails.org%2FPDF_Maps_files%2FGroton%2520Conservation%2520Trust%2520Guide%2520to%2520Properties.pdf&ei=CP-kU9W4F9aeyASovILYBQ&usg=AFQjCNEsoJncDYjOOjH2JePelRihS3mYTw&bvm=bv.69411363,d.b2U" "Mozilla/5.0 (Windows NT 6.3; WOW64; rv:30.0) Gecko/20100101 Firefox/30.0"
146.115.68.47 - - [20/Jun/2014:23:42:12 -0400] "GET /PDF_Maps_files/Groton%20Conservation%20Trust%20Guide%20to%20Properties.pdf HTTP/1.1" 206 65536 "http://www.google.com/url?sa=t&rct=j&q=&esrc=s&source=web&cd=1&ved=0CB0QFjAA&url=http%3A%2F%2Fwww.grotontrails.org%2FPDF_Maps_files%2FGroton%2520Conservation%2520Trust%2520Guide%2520to%2520Properties.pdf&ei=CP-kU9W4F9aeyASovILYBQ&usg=AFQjCNEsoJncDYjOOjH2JePelRihS3mYTw&bvm=bv.69411363,d.b2U" "Mozilla/5.0 (Windows NT 6.3; WOW64; rv:30.0) Gecko/20100101 Firefox/30.0"
98.110.200.120 - - [20/Jun/2014:23:48:10 -0400] "GET /Quests_files/Quests.css HTTP/1.1" 200 4323 "http://www.grotontrails.org/Quests.html" "Mozilla/5.0 (Windows NT 5.1; rv:29.0) Gecko/20100101 Firefox/29.0"
98.110.200.120 - - [20/Jun/2014:23:48:10 -0400] "GET /Quests_files/shapeimage_2.png HTTP/1.1" 200 31667 "http://www.grotontrails.org/Quests.html" "Mozilla/5.0 (Windows NT 5.1; rv:29.0) Gecko/20100101 Firefox/29.0"
54.82.94.47 - - [20/Jun/2014:08:14:28 -0400] "GET /PDF_Maps.html HTTP/1.1" 200 21314 "-" "Pinterest/0.1 +http://pinterest.com/"
93.65.5.23 - - [20/Jun/2014:08:32:32 -0400] "GET /Welcome_files/WidgetCommon.js HTTP/1.1" 404 575 "http://grotontrails.org/Welcome.html" "Mozilla/5.0 (Windows NT 6.1; WOW64) AppleWebKit/537.36 (KHTML, like Gecko) Chrome/32.0.1700.107 Safari/537.36"
108.20.129.59 - - [20/Jun/2014:10:11:44 -0400] "GET /Welcome_files/iWebImage.js HTTP/1.1" 404 575 "http://grotontrails.org/Welcome.html" "Mozilla/5.0 (Windows NT 6.1; WOW64; Trident/7.0; rv:11.0) like Gecko"
98.136.188.70 - - [20/Jun/2014:10:15:03 -0400] "GET /Interactive_Maps.html HTTP/1.1" 200 13033 "-" "Mozilla/5.0 (compatible; Yahoo Link Preview; https://help.yahoo.com/kb/mail/yahoo-link-preview-SLN23615.html)"
70.192.4.248 - - [20/Jun/2014:11:09:18 -0400] "GET /Interactive_Maps_files/Groton%20Trails%2012.27.11.jpg HTTP/1.1" 200 106795 "-" "Mozilla/5.0 (iPhone; CPU iPhone OS 7_1_1 like Mac OS X) AppleWebKit/537.51.2 (KHTML, like Gecko) Mobile/11D201"
147.164.104.210 - - [20/Jun/2014:13:32:16 -0400] "GET /Welcome_files/Welcome.js HTTP/1.1" 200 2478 "http://grotontrails.org/Welcome.html" "Mozilla/5.0 (Windows NT 6.1; WOW64; Trident/7.0; rv:11.0) like Gecko"
147.164.104.210 - - [20/Jun/2014:13:32:34 -0400] "GET /favicon.ico HTTP/1.1" 404 575 "-" "Mozilla/5.0 (Windows NT 6.1; Win64; x64; Trident/7.0; rv:11.0) like Gecko"
100.43.85.5 - - [20/Jun/2014:13:54:02 -0400] "GET /Welcome.html HTTP/1.1" 200 12657 "-" "Mozilla/5.0 (compatible; YandexBot/3.0; +http://yandex.com/bots)"
37.58.100.90 - - [20/Jun/2014:02:37:46 -0400] "GET / HTTP/1.1" 200 309 "-" "Mozilla/5.0 (compatible; AhrefsBot/5.0; +http://ahrefs.com/robot/)"
70.192.35.104 - - [20/Jun/2014:16:56:47 -0400] "GET /PDF_Maps.html HTTP/1.1" 200 21314 "http://grotontrails.org/Welcome.html" "Mozilla/5.0 (iPhone; CPU iPhone OS 7_1_1 like Mac OS X) AppleWebKit/537.51.2 (KHTML, like Gecko) Version/7.0 Mobile/11D201 Safari/9537.53"
70.192.35.104 - - [20/Jun/2014:16:56:47 -0400] "GET /PDF_Maps_files/PDF_Maps.css HTTP/1.1" 200 6398 "http://www.grotontrails.org/PDF_Maps.html" "Mozilla/5.0 (iPhone; CPU iPhone OS 7_1_1 like Mac OS X) AppleWebKit/537.51.2 (KHTML, like Gecko) Version/7.0 Mobile/11D201 Safari/9537.53"
70.192.35.104 - - [20/Jun/2014:16:56:47 -0400] "GET /PDF_Maps_files/PDF_Maps.js HTTP/1.1" 200 1823 "http://www.grotontrails.org/PDF_Maps.html" "Mozilla/5.0 (iPhone; CPU iPhone OS 7_1_1 like Mac OS X) AppleWebKit/537.51.2 (KHTML, like Gecko) Version/7.0 Mobile/11D201 Safari/9537.53"
70.192.35.104 - - [20/Jun/2014:16:56:47 -0400] "GET /PDF_Maps_files/GTN.jpg HTTP/1.1" 200 3734 "http://www.grotontrails.org/PDF_Maps.html" "Mozilla/5.0 (iPhone; CPU iPhone OS 7_1_1 like Mac OS X) AppleWebKit/537.51.2 (KHTML, like Gecko) Version/7.0 Mobile/11D201 Safari/9537.53"
70.192.35.104 - - [20/Jun/2014:16:56:47 -0400] "GET /PDF_Maps_files/Town_Forest_%28printable%20PDF%29.jpg HTTP/1.1" 200 59810 "http://www.grotontrails.org/PDF_Maps.html" "Mozilla/5.0 (iPhone; CPU iPhone OS 7_1_1 like Mac OS X) AppleWebKit/537.51.2 (KHTML, like Gecko) Version/7.0 Mobile/11D201 Safari/9537.53"
70.192.35.104 - - [20/Jun/2014:16:56:48 -0400] "GET /PDF_Maps_files/stroke.png HTTP/1.1" 200 248 "http://www.grotontrails.org/PDF_Maps.html" "Mozilla/5.0 (iPhone; CPU iPhone OS 7_1_1 like Mac OS X) AppleWebKit/537.51.2 (KHTML, like Gecko) Version/7.0 Mobile/11D201 Safari/9537.53"
70.192.35.104 - - [20/Jun/2014:16:56:48 -0400] "GET /PDF_Maps_files/stroke_5.png HTTP/1.1" 200 87 "http://www.grotontrails.org/PDF_Maps.html" "Mozilla/5.0 (iPhone; CPU iPhone OS 7_1_1 like Mac OS X) AppleWebKit/537.51.2 (KHTML, like Gecko) Version/7.0 Mobile/11D201 Safari/9537.53"
146.115.68.47 - - [20/Jun/2014:23:42:11 -0400] "GET /PDF_Maps_files/Groton%20Conservation%20Trust%20Guide%20to%20Properties.pdf HTTP/1.1" 206 65536 "http://www.google.com/url?sa=t&rct=j&q=&esrc=s&source=web&cd=1&ved=0CB0QFjAA&url=http%3A%2F%2Fwww.grotontrails.org%2FPDF_Maps_files%2FGroton%2520Conservation%2520Trust%2520Guide%2520to%2520Properties.pdf&ei=CP-kU9W4F9aeyASovILYBQ&usg=AFQjCNEsoJncDYjOOjH2JePelRihS3mYTw&bvm=bv.69411363,d.b2U" "Mozilla/5.0 (Windows NT 6.3; WOW64; rv:30.0) Gecko/20100101 Firefox/30.0"
146.115.68.47 - - [20/Jun/2014:23:42:11 -0400] "GET /PDF_Maps_files/Groton%20Conservation%20Trust%20Guide%20to%20Properties.pdf HTTP/1.1" 206 65536 "http://www.google.com/url?sa=t&rct=j&q=&esrc=s&source=web&cd=1&ved=0CB0QFjAA&url=http%3A%2F%2Fwww.grotontrails.org%2FPDF_Maps_files%2FGroton%2520Conservation%2520Trust%2520Guide%2520to%2520Properties.pdf&ei=CP-kU9W4F9aeyASovILYBQ&usg=AFQjCNEsoJncDYjOOjH2JePelRihS3mYTw&bvm=bv.69411363,d.b2U" "Mozilla/5.0 (Windows NT 6.3; WOW64; rv:30.0) Gecko/20100101 Firefox/30.0"
146.115.68.47 - - [20/Jun/2014:23:42:11 -0400] "GET /PDF_Maps_files/Groton%20Conservation%20Trust%20Guide%20to%20Properties.pdf HTTP/1.1" 206 65536 "http://www.google.com/url?sa=t&rct=j&q=&esrc=s&source=web&cd=1&ved=0CB0QFjAA&url=http%3A%2F%2Fwww.grotontrails.org%2FPDF_Maps_files%2FGroton%2520Conservation%2520Trust%2520Guide%2520to%2520Properties.pdf&ei=CP-kU9W4F9aeyASovILYBQ&usg=AFQjCNEsoJncDYjOOjH2JePelRihS3mYTw&bvm=bv.69411363,d.b2U" "Mozilla/5.0 (Windows NT 6.3; WOW64; rv:30.0) Gecko/20100101 Firefox/30.0"
146.115.68.47 - - [20/Jun/2014:23:42:12 -0400] "GET /PDF_Maps_files/Groton%20Conservation%20Trust%20Guide%20to%20Properties.pdf HTTP/1.1" 206 65536 "http://www.google.com/url?sa=t&rct=j&q=&esrc=s&source=web&cd=1&ved=0CB0QFjAA&url=http%3A%2F%2Fwww.grotontrails.org%2FPDF_Maps_files%2FGroton%2520Conservation%2520Trust%2520Guide%2520to%2520Properties.pdf&ei=CP-kU9W4F9aeyASovILYBQ&usg=AFQjCNEsoJncDYjOOjH2JePelRihS3mYTw&bvm=bv.69411363,d.b2U" "Mozilla/5.0 (Windows NT 6.3; WOW64; rv:30.0) Gecko/20100101 Firefox/30.0"
146.115.68.47 - - [20/Jun/2014:23:42:12 -0400] "GET /PDF_Maps_files/Groton%20Conservation%20Trust%20Guide%20to%20Properties.pdf HTTP/1.1" 206 65536 "http://www.google.com/url?sa=t&rct=j&q=&esrc=s&source=web&cd=1&ved=0CB0QFjAA&url=http%3A%2F%2Fwww.grotontrails.org%2FPDF_Maps_files%2FGroton%2520Conservation%2520Trust%2520Guide%2520to%2520Properties.pdf&ei=CP-kU9W4F9aeyASovILYBQ&usg=AFQjCNEsoJncDYjOOjH2JePelRihS3mYTw&bvm=bv.69411363,d.b2U" "Mozilla/5.0 (Windows NT 6.3; WOW64; rv:30.0) Gecko/20100101 Firefox/30.0"
146.115.68.47 - - [20/Jun/2014:23:42:15 -0400] "GET /PDF_Maps_files/Groton%20Conservation%20Trust%20Guide%20to%20Properties.pdf HTTP/1.1" 206 65536 "http://www.google.com/url?sa=t&rct=j&q=&esrc=s&source=web&cd=1&ved=0CB0QFjAA&url=http%3A%2F%2Fwww.grotontrails.org%2FPDF_Maps_files%2FGroton%2520Conservation%2520Trust%2520Guide%2520to%2520Properties.pdf&ei=CP-kU9W4F9aeyASovILYBQ&usg=AFQjCNEsoJncDYjOOjH2JePelRihS3mYTw&bvm=bv.69411363,d.b2U" "Mozilla/5.0 (Windows NT 6.3; WOW64; rv:30.0) Gecko/20100101 Firefox/30.0"
146.115.68.47 - - [20/Jun/2014:23:42:15 -0400] "GET /PDF_Maps_files/Groton%20Conservation%20Trust%20Guide%20to%20Properties.pdf HTTP/1.1" 206 65536 "http://www.google.com/url?sa=t&rct=j&q=&esrc=s&source=web&cd=1&ved=0CB0QFjAA&url=http%3A%2F%2Fwww.grotontrails.org%2FPDF_Maps_files%2FGroton%2520Conservation%2520Trust%2520Guide%2520to%2520Properties.pdf&ei=CP-kU9W4F9aeyASovILYBQ&usg=AFQjCNEsoJncDYjOOjH2JePelRihS3mYTw&bvm=bv.69411363,d.b2U" "Mozilla/5.0 (Windows NT 6.3; WOW64; rv:30.0) Gecko/20100101 Firefox/30.0"
146.115.68.47 - - [20/Jun/2014:23:42:15 -0400] "GET /PDF_Maps_files/Groton%20Conservation%20Trust%20Guide%20to%20Properties.pdf HTTP/1.1" 206 65536 "http://www.google.com/url?sa=t&rct=j&q=&esrc=s&source=web&cd=1&ved=0CB0QFjAA&url=http%3A%2F%2Fwww.grotontrails.org%2FPDF_Maps_files%2FGroton%2520Conservation%2520Trust%2520Guide%2520to%2520Properties.pdf&ei=CP-kU9W4F9aeyASovILYBQ&usg=AFQjCNEsoJncDYjOOjH2JePelRihS3mYTw&bvm=bv.69411363,d.b2U" "Mozilla/5.0 (Windows NT 6.3; WOW64; rv:30.0) Gecko/20100101 Firefox/30.0"
146.115.68.47 - - [20/Jun/2014:23:42:15 -0400] "GET /PDF_Maps_files/Groton%20Conservation%20Trust%20Guide%20to%20Properties.pdf HTTP/1.1" 206 65536 "http://www.google.com/url?sa=t&rct=j&q=&esrc=s&source=web&cd=1&ved=0CB0QFjAA&url=http%3A%2F%2Fwww.grotontrails.org%2FPDF_Maps_files%2FGroton%2520Conservation%2520Trust%2520Guide%2520to%2520Properties.pdf&ei=CP-kU9W4F9aeyASovILYBQ&usg=AFQjCNEsoJncDYjOOjH2JePelRihS3mYTw&bvm=bv.69411363,d.b2U" "Mozilla/5.0 (Windows NT 6.3; WOW64; rv:30.0) Gecko/20100101 Firefox/30.0"
146.115.68.47 - - [20/Jun/2014:23:42:16 -0400] "GET /PDF_Maps_files/Groton%20Conservation%20Trust%20Guide%20to%20Properties.pdf HTTP/1.1" 206 65536 "http://www.google.com/url?sa=t&rct=j&q=&esrc=s&source=web&cd=1&ved=0CB0QFjAA&url=http%3A%2F%2Fwww.grotontrails.org%2FPDF_Maps_files%2FGroton%2520Conservation%2520Trust%2520Guide%2520to%2520Properties.pdf&ei=CP-kU9W4F9aeyASovILYBQ&usg=AFQjCNEsoJncDYjOOjH2JePelRihS3mYTw&bvm=bv.69411363,d.b2U" "Mozilla/5.0 (Windows NT 6.3; WOW64; rv:30.0) Gecko/20100101 Firefox/30.0"
146.115.68.47 - - [20/Jun/2014:23:42:16 -0400] "GET /PDF_Maps_files/Groton%20Conservation%20Trust%20Guide%20to%20Properties.pdf HTTP/1.1" 206 65536 "http://www.google.com/url?sa=t&rct=j&q=&esrc=s&source=web&cd=1&ved=0CB0QFjAA&url=http%3A%2F%2Fwww.grotontrails.org%2FPDF_Maps_files%2FGroton%2520Conservation%2520Trust%2520Guide%2520to%2520Properties.pdf&ei=CP-kU9W4F9aeyASovILYBQ&usg=AFQjCNEsoJncDYjOOjH2JePelRihS3mYTw&bvm=bv.69411363,d.b2U" "Mozilla/5.0 (Windows NT 6.3; WOW64; rv:30.0) Gecko/20100101 Firefox/30.0"
146.115.68.47 - - [20/Jun/2014:23:42:16 -0400] "GET /PDF_Maps_files/Groton%20Conservation%20Trust%20Guide%20to%20Properties.pdf HTTP/1.1" 206 65536 "http://www.google.com/url?sa=t&rct=j&q=&esrc=s&source=web&cd=1&ved=0CB0QFjAA&url=http%3A%2F%2Fwww.grotontrails.org%2FPDF_Maps_files%2FGroton%2520Conservation%2520Trust%2520Guide%2520to%2520Properties.pdf&ei=CP-kU9W4F9aeyASovILYBQ&usg=AFQjCNEsoJncDYjOOjH2JePelRihS3mYTw&bvm=bv.69411363,d.b2U" "Mozilla/5.0 (Windows NT 6.3; WOW64; rv:30.0) Gecko/20100101 Firefox/30.0"
146.115.68.47 - - [20/Jun/2014:23:42:16 -0400] "GET /PDF_Maps_files/Groton%20Conservation%20Trust%20Guide%20to%20Properties.pdf HTTP/1.1" 206 65536 "http://www.google.com/url?sa=t&rct=j&q=&esrc=s&source=web&cd=1&ved=0CB0QFjAA&url=http%3A%2F%2Fwww.grotontrails.org%2FPDF_Maps_files%2FGroton%2520Conservation%2520Trust%2520Guide%2520to%2520Properties.pdf&ei=CP-kU9W4F9aeyASovILYBQ&usg=AFQjCNEsoJncDYjOOjH2JePelRihS3mYTw&bvm=bv.69411363,d.b2U" "Mozilla/5.0 (Windows NT 6.3; WOW64; rv:30.0) Gecko/20100101 Firefox/30.0"
146.115.68.47 - - [20/Jun/2014:23:42:16 -0400] "GET /PDF_Maps_files/Groton%20Conservation%20Trust%20Guide%20to%20Properties.pdf HTTP/1.1" 206 65536 "http://www.google.com/url?sa=t&rct=j&q=&esrc=s&source=web&cd=1&ved=0CB0QFjAA&url=http%3A%2F%2Fwww.grotontrails.org%2FPDF_Maps_files%2FGroton%2520Conservation%2520Trust%2520Guide%2520to%2520Properties.pdf&ei=CP-kU9W4F9aeyASovILYBQ&usg=AFQjCNEsoJncDYjOOjH2JePelRihS3mYTw&bvm=bv.69411363,d.b2U" "Mozilla/5.0 (Windows NT 6.3; WOW64; rv:30.0) Gecko/20100101 Firefox/30.0"
146.115.68.47 - - [20/Jun/2014:23:42:16 -0400] "GET /PDF_Maps_files/Groton%20Conservation%20Trust%20Guide%20to%20Properties.pdf HTTP/1.1" 206 65536 "http://www.google.com/url?sa=t&rct=j&q=&esrc=s&source=web&cd=1&ved=0CB0QFjAA&url=http%3A%2F%2Fwww.grotontrails.org%2FPDF_Maps_files%2FGroton%2520Conservation%2520Trust%2520Guide%2520to%2520Properties.pdf&ei=CP-kU9W4F9aeyASovILYBQ&usg=AFQjCNEsoJncDYjOOjH2JePelRihS3mYTw&bvm=bv.69411363,d.b2U" "Mozilla/5.0 (Windows NT 6.3; WOW64; rv:30.0) Gecko/20100101 Firefox/30.0"
146.115.68.47 - - [20/Jun/2014:23:42:16 -0400] "GET /PDF_Maps_files/Groton%20Conservation%20Trust%20Guide%20to%20Properties.pdf HTTP/1.1" 206 65536 "http://www.google.com/url?sa=t&rct=j&q=&esrc=s&source=web&cd=1&ved=0CB0QFjAA&url=http%3A%2F%2Fwww.grotontrails.org%2FPDF_Maps_files%2FGroton%2520Conservation%2520Trust%2520Guide%2520to%2520Properties.pdf&ei=CP-kU9W4F9aeyASovILYBQ&usg=AFQjCNEsoJncDYjOOjH2JePelRihS3mYTw&bvm=bv.69411363,d.b2U" "Mozilla/5.0 (Windows NT 6.3; WOW64; rv:30.0) Gecko/20100101 Firefox/30.0"
146.115.68.47 - - [20/Jun/2014:23:42:16 -0400] "GET /PDF_Maps_files/Groton%20Conservation%20Trust%20Guide%20to%20Properties.pdf HTTP/1.1" 206 65536 "http://www.google.com/url?sa=t&rct=j&q=&esrc=s&source=web&cd=1&ved=0CB0QFjAA&url=http%3A%2F%2Fwww.grotontrails.org%2FPDF_Maps_files%2FGroton%2520Conservation%2520Trust%2520Guide%2520to%2520Properties.pdf&ei=CP-kU9W4F9aeyASovILYBQ&usg=AFQjCNEsoJncDYjOOjH2JePelRihS3mYTw&bvm=bv.69411363,d.b2U" "Mozilla/5.0 (Windows NT 6.3; WOW64; rv:30.0) Gecko/20100101 Firefox/30.0"
146.115.68.47 - - [20/Jun/2014:23:42:16 -0400] "GET /PDF_Maps_files/Groton%20Conservation%20Trust%20Guide%20to%20Properties.pdf HTTP/1.1" 206 65536 "http://www.google.com/url?sa=t&rct=j&q=&esrc=s&source=web&cd=1&ved=0CB0QFjAA&url=http%3A%2F%2Fwww.grotontrails.org%2FPDF_Maps_files%2FGroton%2520Conservation%2520Trust%2520Guide%2520to%2520Properties.pdf&ei=CP-kU9W4F9aeyASovILYBQ&usg=AFQjCNEsoJncDYjOOjH2JePelRihS3mYTw&bvm=bv.69411363,d.b2U" "Mozilla/5.0 (Windows NT 6.3; WOW64; rv:30.0) Gecko/20100101 Firefox/30.0"
146.115.68.47 - - [20/Jun/2014:23:42:16 -0400] "GET /PDF_Maps_files/Groton%20Conservation%20Trust%20Guide%20to%20Properties.pdf HTTP/1.1" 206 65536 "http://www.google.com/url?sa=t&rct=j&q=&esrc=s&source=web&cd=1&ved=0CB0QFjAA&url=http%3A%2F%2Fwww.grotontrails.org%2FPDF_Maps_files%2FGroton%2520Conservation%2520Trust%2520Guide%2520to%2520Properties.pdf&ei=CP-kU9W4F9aeyASovILYBQ&usg=AFQjCNEsoJncDYjOOjH2JePelRihS3mYTw&bvm=bv.69411363,d.b2U" "Mozilla/5.0 (Windows NT 6.3; WOW64; rv:30.0) Gecko/20100101 Firefox/30.0"
146.115.68.47 - - [20/Jun/2014:23:42:17 -0400] "GET /PDF_Maps_files/Groton%20Conservation%20Trust%20Guide%20to%20Properties.pdf HTTP/1.1" 206 65536 "http://www.google.com/url?sa=t&rct=j&q=&esrc=s&source=web&cd=1&ved=0CB0QFjAA&url=http%3A%2F%2Fwww.grotontrails.org%2FPDF_Maps_files%2FGroton%2520Conservation%2520Trust%2520Guide%2520to%2520Properties.pdf&ei=CP-kU9W4F9aeyASovILYBQ&usg=AFQjCNEsoJncDYjOOjH2JePelRihS3mYTw&bvm=bv.69411363,d.b2U" "Mozilla/5.0 (Windows NT 6.3; WOW64; rv:30.0) Gecko/20100101 Firefox/30.0"
98.110.200.120 - - [20/Jun/2014:23:47:37 -0400] "GET /Welcome_files/iWebImage.js HTTP/1.1" 404 575 "http://www.grotontrails.org/Welcome.html" "Mozilla/5.0 (Windows NT 5.1; rv:29.0) Gecko/20100101 Firefox/29.0"
98.110.200.120 - - [20/Jun/2014:23:47:37 -0400] "GET /Welcome_files/shapeimage_3.png HTTP/1.1" 200 97654 "http://www.grotontrails.org/Welcome.html" "Mozilla/5.0 (Windows NT 5.1; rv:29.0) Gecko/20100101 Firefox/29.0"
98.110.200.120 - - [20/Jun/2014:23:49:18 -0400] "GET /PDF_Maps_files/LongleyI-II_Rich_%28printable%20PDF%29.pdf HTTP/1.1" 200 93844 "http://www.grotontrails.org/PDF_Maps.html" "Mozilla/5.0 (Windows NT 5.1; rv:29.0) Gecko/20100101 Firefox/29.0"
174.252.49.50 - - [20/Jun/2014:08:33:32 -0400] "GET /PDF_Maps_files/PDF_Maps.js HTTP/1.1" 200 1823 "http://www.grotontrails.org/PDF_Maps.html" "Mozilla/5.0 (iPhone; CPU iPhone OS 5_1_1 like Mac OS X) AppleWebKit/534.46 (KHTML, like Gecko) Version/5.1 Mobile/9B206 Safari/7534.48.3"
69.147.191.23 - - [20/Jun/2014:09:51:46 -0400] "GET /PDF_Maps_files/Groton%20Conservation%20Trust%20Guide%20to%20Properties.pdf HTTP/1.1" 200 2799438 "http://www.google.com/url?sa=t&rct=j&q=&esrc=s&frm=1&source=web&cd=19&ved=0CKcBEBYwEg&url=http%3A%2F%2Fwww.grotontrails.org%2FPDF_Maps_files%2FGroton%2520Conservation%2520Trust%2520Guide%2520to%2520Properties.pdf&ei=WDykU-rGMaLksATb8YGICA&usg=AFQjCNEsoJncDYjOOjH2JePelRihS3mYTw&bvm=bv.69411363,d.cWc" "Mozilla/5.0 (compatible; MSIE 9.0; Windows NT 6.1; WOW64; Trident/5.0)"
108.20.129.59 - - [20/Jun/2014:10:11:44 -0400] "GET /Welcome_files/WidgetCommon.js HTTP/1.1" 404 575 "http://grotontrails.org/Welcome.html" "Mozilla/5.0 (Windows NT 6.1; WOW64; Trident/7.0; rv:11.0) like Gecko"
108.20.129.59 - - [20/Jun/2014:10:11:44 -0400] "GET /Welcome_files/Welcome.js HTTP/1.1" 200 2478 "http://grotontrails.org/Welcome.html" "Mozilla/5.0 (Windows NT 6.1; WOW64; Trident/7.0; rv:11.0) like Gecko"
108.20.129.59 - - [20/Jun/2014:10:11:44 -0400] "GET /Welcome_files/shapeimage_2.png HTTP/1.1" 200 117078 "http://grotontrails.org/Welcome.html" "Mozilla/5.0 (Windows NT 6.1; WOW64; Trident/7.0; rv:11.0) like Gecko"
108.20.129.59 - - [20/Jun/2014:10:11:44 -0400] "GET /Welcome_files/shapeimage_1.png HTTP/1.1" 200 254766 "http://grotontrails.org/Welcome.html" "Mozilla/5.0 (Windows NT 6.1; WOW64; Trident/7.0; rv:11.0) like Gecko"
108.20.129.59 - - [20/Jun/2014:10:12:07 -0400] "GET /Interactive_Maps.html HTTP/1.1" 200 13033 "http://grotontrails.org/Welcome.html" "Mozilla/5.0 (Windows NT 6.1; WOW64; Trident/7.0; rv:11.0) like Gecko"
108.20.129.59 - - [20/Jun/2014:10:12:08 -0400] "GET /Scripts/Widgets/SharedResources/WidgetCommon.js HTTP/1.1" 200 36124 "http://www.grotontrails.org/Interactive_Maps.html" "Mozilla/5.0 (Windows NT 6.1; WOW64; Trident/7.0; rv:11.0) like Gecko"
108.20.129.59 - - [20/Jun/2014:10:12:08 -0400] "GET /Interactive_Maps_files/Interactive_Maps.js HTTP/1.1" 200 1213 "http://www.grotontrails.org/Interactive_Maps.html" "Mozilla/5.0 (Windows NT 6.1; WOW64; Trident/7.0; rv:11.0) like Gecko"
66.249.69.233 - - [20/Jun/2014:00:20:25 -0400] "GET /Welcome.html HTTP/1.1" 200 12657 "-" "Mozilla/5.0 (compatible; Googlebot/2.1; +http://www.google.com/bot.html)"
100.43.85.5 - - [20/Jun/2014:23:33:12 -0400] "GET /Welcome.html HTTP/1.1" 200 12657 "-" "Mozilla/5.0 (compatible; YandexBot/3.0; +http://yandex.com/bots)"
98.110.200.120 - - [20/Jun/2014:23:48:24 -0400] "GET /Scripts/iWebMediaGrid.js HTTP/1.1" 200 65345 "http://www.grotontrails.org/Calendar.html" "Mozilla/5.0 (Windows NT 5.1; rv:29.0) Gecko/20100101 Firefox/29.0"
98.110.200.120 - - [20/Jun/2014:23:48:24 -0400] "GET /Scripts/Widgets/HTMLRegion/HTMLRegionWorldMap.png HTTP/1.1" 200 13451 "http://www.grotontrails.org/Calendar.html" "Mozilla/5.0 (Windows NT 5.1; rv:29.0) Gecko/20100101 Firefox/29.0"
98.110.200.120 - - [20/Jun/2014:23:48:25 -0400] "GET /Calendar_files/CalendarMoz.css HTTP/1.1" 200 128 "http://www.grotontrails.org/Calendar.html" "Mozilla/5.0 (Windows NT 5.1; rv:29.0) Gecko/20100101 Firefox/29.0"
208.115.113.93 - - [20/Jun/2014:12:45:44 -0400] "GET /Welcome.html HTTP/1.1" 200 12657 "-" "Mozilla/5.0 (compatible; DotBot/1.1; http://www.opensiteexplorer.org/dotbot, help@moz.com)"
68.189.241.210 - - [20/Jun/2014:13:03:08 -0400] "GET /Welcome_files/Welcome.js HTTP/1.1" 200 2478 "http://www.grotontrails.org/Welcome.html" "Mozilla/5.0 (Windows NT 6.1; WOW64; Trident/7.0; rv:11.0) like Gecko"
67.189.159.95 - - [20/Jun/2014:13:08:59 -0400] "GET /Welcome_files/WidgetCommon.js HTTP/1.1" 404 575 "http://www.grotontrails.org/Welcome.html" "Mozilla/5.0 (Macintosh; Intel Mac OS X 10_8_5) AppleWebKit/537.76.4 (KHTML, like Gecko) Version/6.1.4 Safari/537.76.4"
68.189.241.210 - - [20/Jun/2014:13:10:34 -0400] "GET /digital_maps/map_icons/gtn_round_logo.png HTTP/1.1" 200 72670 "http://www.mappingsupport.com/p/gmap4.php?q=http://dl.dropbox.com/u/68002325/digital_maps/map_files/Skinner_Forest.kml&t=h" "Mozilla/5.0 (Windows NT 6.1; WOW64; Trident/7.0; rv:11.0) like Gecko"
199.30.20.14 - - [20/Jun/2014:02:01:36 -0400] "GET /robots.txt HTTP/1.1" 404 575 "-" "msnbot-media/1.1 (+http://search.msn.com/msnbot.htm)"
174.252.49.50 - - [20/Jun/2014:08:32:33 -0400] "GET / HTTP/1.1" 200 309 "http://www.google.com/url?sa=t&source=web&cd=1&ved=0CBwQFjAA&url=http%3A%2F%2Fwww.grotontrails.org%2F&rct=j&q=hiking%20in%20groton%20ma&ei=3CmkU6G6JcaLqAbM5YCACw&usg=AFQjCNHHYnOAE0zAPPYzCj6KGB9ydVqLQQ&bvm=bv.69411363,d.b2k" "Mozilla/5.0 (iPhone; CPU iPhone OS 5_1_1 like Mac OS X) AppleWebKit/534.46 (KHTML, like Gecko) Version/5.1 Mobile/9B206 Safari/7534.48.3"
174.252.49.50 - - [20/Jun/2014:08:32:33 -0400] "GET /Welcome.html HTTP/1.1" 200 12657 "http://www.grotontrails.org/" "Mozilla/5.0 (iPhone; CPU iPhone OS 5_1_1 like Mac OS X) AppleWebKit/534.46 (KHTML, like Gecko) Version/5.1 Mobile/9B206 Safari/7534.48.3"
174.252.49.50 - - [20/Jun/2014:08:32:34 -0400] "GET /Welcome_files/WidgetCommon.js HTTP/1.1" 404 575 "http://www.grotontrails.org/Welcome.html" "Mozilla/5.0 (iPhone; CPU iPhone OS 5_1_1 like Mac OS X) AppleWebKit/534.46 (KHTML, like Gecko) Version/5.1 Mobile/9B206 Safari/7534.48.3"
174.252.49.50 - - [20/Jun/2014:08:32:34 -0400] "GET /Welcome_files/FacebookButton.png HTTP/1.1" 200 883 "http://www.grotontrails.org/Welcome.html" "Mozilla/5.0 (iPhone; CPU iPhone OS 5_1_1 like Mac OS X) AppleWebKit/534.46 (KHTML, like Gecko) Version/5.1 Mobile/9B206 Safari/7534.48.3"
147.164.104.210 - - [20/Jun/2014:13:32:30 -0400] "GET /PDF_Maps.html HTTP/1.1" 200 21314 "http://grotontrails.org/Welcome.html" "Mozilla/5.0 (Windows NT 6.1; WOW64; Trident/7.0; rv:11.0) like Gecko"
147.164.104.210 - - [20/Jun/2014:13:32:30 -0400] "GET /Scripts/iWebSite.js HTTP/1.1" 200 146115 "http://www.grotontrails.org/PDF_Maps.html" "Mozilla/5.0 (Windows NT 6.1; WOW64; Trident/7.0; rv:11.0) like Gecko"
68.187.222.26 - - [20/Jun/2014:19:21:58 -0400] "GET /Scripts/Widgets/SharedResources/WidgetCommon.js HTTP/1.1" 200 36124 "http://www.grotontrails.org/PDF_Maps.html" "Mozilla/5.0 (iPad; CPU OS 7_1_1 like Mac OS X) AppleWebKit/537.51.2 (KHTML, like Gecko) Version/7.0 Mobile/11D201 Safari/9537.53"
68.187.222.26 - - [20/Jun/2014:19:21:59 -0400] "GET /PDF_Maps_files/Duck_Pond_Painted_Post_%28printable%20PDF%29.png HTTP/1.1" 200 173965 "http://www.grotontrails.org/PDF_Maps.html" "Mozilla/5.0 (iPad; CPU OS 7_1_1 like Mac OS X) AppleWebKit/537.51.2 (KHTML, like Gecko) Version/7.0 Mobile/11D201 Safari/9537.53"
68.187.222.26 - - [20/Jun/2014:19:21:59 -0400] "GET /PDF_Maps_files/Sawtell_Groton_Hills_%28printable%20PDF%29.png HTTP/1.1" 200 166630 "http://www.grotontrails.org/PDF_Maps.html" "Mozilla/5.0 (iPad; CPU OS 7_1_1 like Mac OS X) AppleWebKit/537.51.2 (KHTML, like Gecko) Version/7.0 Mobile/11D201 Safari/9537.53"
68.187.222.26 - - [20/Jun/2014:19:21:59 -0400] "GET /PDF_Maps_files/Williams_Sorhaug_%28printable%20PDF%29.jpg HTTP/1.1" 200 51162 "http://www.grotontrails.org/PDF_Maps.html" "Mozilla/5.0 (iPad; CPU OS 7_1_1 like Mac OS X) AppleWebKit/537.51.2 (KHTML, like Gecko) Version/7.0 Mobile/11D201 Safari/9537.53"
68.187.222.26 - - [20/Jun/2014:19:21:59 -0400] "GET /PDF_Maps_files/stroke_1.png HTTP/1.1" 200 86 "http://www.grotontrails.org/PDF_Maps.html" "Mozilla/5.0 (iPad; CPU OS 7_1_1 like Mac OS X) AppleWebKit/537.51.2 (KHTML, like Gecko) Version/7.0 Mobile/11D201 Safari/9537.53"
68.187.222.26 - - [20/Jun/2014:19:22:00 -0400] "GET /PDF_Maps_files/stroke_6.png HTTP/1.1" 200 147 "http://www.grotontrails.org/PDF_Maps.html" "Mozilla/5.0 (iPad; CPU OS 7_1_1 like Mac OS X) AppleWebKit/537.51.2 (KHTML, like Gecko) Version/7.0 Mobile/11D201 Safari/9537.53"
68.189.241.210 - - [20/Jun/2014:13:03:04 -0400] "GET /Welcome_files/FacebookButton.png HTTP/1.1" 200 883 "http://www.grotontrails.org/Welcome.html" "Mozilla/5.0 (Windows NT 6.1; WOW64; Trident/7.0; rv:11.0) like Gecko"
67.189.159.95 - - [20/Jun/2014:13:07:34 -0400] "GET /PDF_Maps.html HTTP/1.1" 200 21314 "http://grotontrails.org/Welcome.html" "Mozilla/5.0 (Macintosh; Intel Mac OS X 10_8_5) AppleWebKit/537.76.4 (KHTML, like Gecko) Version/6.1.4 Safari/537.76.4"
67.189.159.95 - - [20/Jun/2014:13:07:34 -0400] "GET /PDF_Maps_files/PDF_Maps.js HTTP/1.1" 200 1823 "http://www.grotontrails.org/PDF_Maps.html" "Mozilla/5.0 (Macintosh; Intel Mac OS X 10_8_5) AppleWebKit/537.76.4 (KHTML, like Gecko) Version/6.1.4 Safari/537.76.4"
67.189.159.95 - - [20/Jun/2014:13:07:36 -0400] "GET /PDF_Maps_files/GTN.jpg HTTP/1.1" 200 3734 "http://www.grotontrails.org/PDF_Maps.html" "Mozilla/5.0 (Macintosh; Intel Mac OS X 10_8_5) AppleWebKit/537.76.4 (KHTML, like Gecko) Version/6.1.4 Safari/537.76.4"
67.189.159.95 - - [20/Jun/2014:13:07:36 -0400] "GET /PDF_Maps_files/Shepley-Rich_%28printable%20PDF%29.jpg HTTP/1.1" 200 54900 "http://www.grotontrails.org/PDF_Maps.html" "Mozilla/5.0 (Macintosh; Intel Mac OS X 10_8_5) AppleWebKit/537.76.4 (KHTML, like Gecko) Version/6.1.4 Safari/537.76.4"
67.189.159.95 - - [20/Jun/2014:13:07:37 -0400] "GET /PDF_Maps_files/stroke_1.png HTTP/1.1" 200 86 "http://www.grotontrails.org/PDF_Maps.html" "Mozilla/5.0 (Macintosh; Intel Mac OS X 10_8_5) AppleWebKit/537.76.4 (KHTML, like Gecko) Version/6.1.4 Safari/537.76.4"
67.189.159.95 - - [20/Jun/2014:13:07:37 -0400] "GET /PDF_Maps_files/stroke_6.png HTTP/1.1" 200 147 "http://www.grotontrails.org/PDF_Maps.html" "Mozilla/5.0 (Macintosh; Intel Mac OS X 10_8_5) AppleWebKit/537.76.4 (KHTML, like Gecko) Version/6.1.4 Safari/537.76.4"
67.189.159.95 - - [20/Jun/2014:13:08:54 -0400] "GET /Welcome_files/Welcome.css HTTP/1.1" 200 5718 "http://www.grotontrails.org/Welcome.html" "Mozilla/5.0 (Macintosh; Intel Mac OS X 10_8_5) AppleWebKit/537.76.4 (KHTML, like Gecko) Version/6.1.4 Safari/537.76.4"
66.249.69.249 - - [20/Jun/2014:00:20:18 -0400] "GET / HTTP/1.1" 200 309 "-" "Mozilla/5.0 (compatible; Googlebot/2.1; +http://www.google.com/bot.html)"
100.0.182.216 - - [20/Jun/2014:22:30:04 -0400] "GET /favicon.ico HTTP/1.1" 404 575 "-" "Mozilla/5.0 (Windows NT 6.2; WOW64) AppleWebKit/537.36 (KHTML, like Gecko) Chrome/35.0.1916.153 Safari/537.36"
100.0.182.216 - - [20/Jun/2014:22:30:06 -0400] "GET /Interactive_Maps_files/Groton%20Trails%2012.27.11.jpg HTTP/1.1" 200 106795 "http://www.grotontrails.org/Interactive_Maps.html" "Mozilla/5.0 (Windows NT 6.2; WOW64) AppleWebKit/537.36 (KHTML, like Gecko) Chrome/35.0.1916.153 Safari/537.36"
24.91.84.245 - - [20/Jun/2014:23:22:31 -0400] "GET /Welcome_files/Welcome.js HTTP/1.1" 200 2478 "http://www.grotontrails.org/Welcome.html" "Mozilla/5.0 (Windows NT 6.1; WOW64) AppleWebKit/537.36 (KHTML, like Gecko) Chrome/35.0.1916.153 Safari/537.36"
24.91.84.245 - - [20/Jun/2014:23:22:31 -0400] "GET /Welcome_files/shapeimage_3.png HTTP/1.1" 200 97654 "http://www.grotontrails.org/Welcome.html" "Mozilla/5.0 (Windows NT 6.1; WOW64) AppleWebKit/537.36 (KHTML, like Gecko) Chrome/35.0.1916.153 Safari/537.36"
98.110.200.120 - - [20/Jun/2014:23:47:32 -0400] "GET /Welcome_files/Welcome.js HTTP/1.1" 200 2478 "http://www.grotontrails.org/Welcome.html" "Mozilla/5.0 (Windows NT 5.1; rv:29.0) Gecko/20100101 Firefox/29.0"
98.110.200.120 - - [20/Jun/2014:23:47:32 -0400] "GET /Welcome_files/WidgetCommon.js HTTP/1.1" 404 575 "http://www.grotontrails.org/Welcome.html" "Mozilla/5.0 (Windows NT 5.1; rv:29.0) Gecko/20100101 Firefox/29.0"
